[2020-09-06T20:28:01.314+0200][0.005s] Heap region size: 1M
[2020-09-06T20:28:01.324+0200][0.015s] Using G1
[2020-09-06T20:28:01.324+0200][0.015s] Heap address: 0x00000000e0000000, size: 512 MB, Compressed Oops mode: 32-bit
[2020-09-06T20:28:01.324+0200][0.015s] Mark closed archive regions in map: [0x00000000fff00000, 0x00000000fff69ff8]
[2020-09-06T20:28:01.324+0200][0.015s] Mark open archive regions in map: [0x00000000ffe00000, 0x00000000ffe46ff8]
[2020-09-06T20:28:01.619+0200][0.310s] GC(0) Pause Young (Normal) (G1 Evacuation Pause)
[2020-09-06T20:28:01.619+0200][0.310s] GC(0) Using 10 workers of 10 for evacuation
[2020-09-06T20:28:01.624+0200][0.315s] GC(0)   Pre Evacuate Collection Set: 0.0ms
[2020-09-06T20:28:01.624+0200][0.315s] GC(0)   Evacuate Collection Set: 4.4ms
[2020-09-06T20:28:01.624+0200][0.315s] GC(0)   Post Evacuate Collection Set: 0.3ms
[2020-09-06T20:28:01.624+0200][0.315s] GC(0)   Other: 0.8ms
[2020-09-06T20:28:01.624+0200][0.315s] GC(0) Eden regions: 30->0(304)
[2020-09-06T20:28:01.624+0200][0.315s] GC(0) Survivor regions: 0->3(4)
[2020-09-06T20:28:01.624+0200][0.315s] GC(0) Old regions: 2->2
[2020-09-06T20:28:01.624+0200][0.315s] GC(0) Humongous regions: 0->0
[2020-09-06T20:28:01.624+0200][0.315s] GC(0) Metaspace: 6437K->6437K(1056768K)
[2020-09-06T20:28:01.624+0200][0.315s] GC(0) Pause Young (Normal) (G1 Evacuation Pause) 30M->3M(512M) 5.559ms
[2020-09-06T20:28:01.624+0200][0.315s] GC(0) User=0.05s Sys=0.00s Real=0.00s
[2020-09-06T20:28:02.371+0200][1.062s] GC(1) Pause Young (Concurrent Start) (Metadata GC Threshold)
[2020-09-06T20:28:02.371+0200][1.062s] GC(1) Using 10 workers of 10 for evacuation
[2020-09-06T20:28:02.382+0200][1.073s] GC(1)   Pre Evacuate Collection Set: 0.0ms
[2020-09-06T20:28:02.382+0200][1.073s] GC(1)   Evacuate Collection Set: 9.5ms
[2020-09-06T20:28:02.382+0200][1.073s] GC(1)   Post Evacuate Collection Set: 0.7ms
[2020-09-06T20:28:02.382+0200][1.073s] GC(1)   Other: 0.2ms
[2020-09-06T20:28:02.382+0200][1.073s] GC(1) Eden regions: 100->0(99)
[2020-09-06T20:28:02.382+0200][1.073s] GC(1) Survivor regions: 3->20(39)
[2020-09-06T20:28:02.382+0200][1.073s] GC(1) Old regions: 2->2
[2020-09-06T20:28:02.382+0200][1.073s] GC(1) Humongous regions: 4->4
[2020-09-06T20:28:02.382+0200][1.073s] GC(1) Metaspace: 20399K->20399K(1069056K)
[2020-09-06T20:28:02.382+0200][1.073s] GC(1) Pause Young (Concurrent Start) (Metadata GC Threshold) 107M->23M(512M) 10.431ms
[2020-09-06T20:28:02.382+0200][1.073s] GC(1) User=0.06s Sys=0.00s Real=0.01s
[2020-09-06T20:28:02.382+0200][1.073s] GC(2) Concurrent Cycle
[2020-09-06T20:28:02.382+0200][1.073s] GC(2) Concurrent Clear Claimed Marks
[2020-09-06T20:28:02.382+0200][1.073s] GC(2) Concurrent Clear Claimed Marks 0.023ms
[2020-09-06T20:28:02.382+0200][1.073s] GC(2) Concurrent Scan Root Regions
[2020-09-06T20:28:02.384+0200][1.075s] GC(2) Concurrent Scan Root Regions 2.359ms
[2020-09-06T20:28:02.384+0200][1.075s] GC(2) Concurrent Mark (1.075s)
[2020-09-06T20:28:02.384+0200][1.075s] GC(2) Concurrent Mark From Roots
[2020-09-06T20:28:02.384+0200][1.075s] GC(2) Using 3 workers of 3 for marking
[2020-09-06T20:28:02.386+0200][1.077s] GC(2) Concurrent Mark From Roots 2.284ms
[2020-09-06T20:28:02.386+0200][1.077s] GC(2) Concurrent Preclean
[2020-09-06T20:28:02.387+0200][1.078s] GC(2) Concurrent Preclean 0.096ms
[2020-09-06T20:28:02.387+0200][1.078s] GC(2) Concurrent Mark (1.075s, 1.078s) 2.406ms
[2020-09-06T20:28:02.387+0200][1.078s] GC(2) Pause Remark
[2020-09-06T20:28:02.387+0200][1.078s] GC(2) Cleaned string and symbol table, strings: 9056 processed, 0 removed, symbols: 61838 processed, 27 removed
[2020-09-06T20:28:02.388+0200][1.078s] GC(2) Pause Remark 24M->24M(512M) 0.885ms
[2020-09-06T20:28:02.388+0200][1.078s] GC(2) User=0.00s Sys=0.00s Real=0.00s
[2020-09-06T20:28:02.388+0200][1.079s] GC(2) Concurrent Rebuild Remembered Sets
[2020-09-06T20:28:02.389+0200][1.080s] GC(2) Concurrent Rebuild Remembered Sets 1.140ms
[2020-09-06T20:28:02.389+0200][1.080s] GC(2) Pause Cleanup
[2020-09-06T20:28:02.389+0200][1.080s] GC(2) Pause Cleanup 24M->24M(512M) 0.072ms
[2020-09-06T20:28:02.389+0200][1.080s] GC(2) User=0.00s Sys=0.00s Real=0.00s
[2020-09-06T20:28:02.389+0200][1.080s] GC(2) Concurrent Cleanup for Next Mark
[2020-09-06T20:28:02.389+0200][1.080s] GC(2) Concurrent Cleanup for Next Mark 0.216ms
[2020-09-06T20:28:02.389+0200][1.080s] GC(2) Concurrent Cycle 7.321ms
[2020-09-06T20:28:03.060+0200][1.751s] GC(3) Pause Young (Normal) (G1 Evacuation Pause)
[2020-09-06T20:28:03.060+0200][1.751s] GC(3) Using 10 workers of 10 for evacuation
[2020-09-06T20:28:03.068+0200][1.759s] GC(3)   Pre Evacuate Collection Set: 0.0ms
[2020-09-06T20:28:03.068+0200][1.759s] GC(3)   Evacuate Collection Set: 7.2ms
[2020-09-06T20:28:03.068+0200][1.759s] GC(3)   Post Evacuate Collection Set: 0.5ms
[2020-09-06T20:28:03.068+0200][1.759s] GC(3)   Other: 0.1ms
[2020-09-06T20:28:03.068+0200][1.759s] GC(3) Eden regions: 72->0(118)
[2020-09-06T20:28:03.068+0200][1.759s] GC(3) Survivor regions: 20->6(12)
[2020-09-06T20:28:03.068+0200][1.759s] GC(3) Old regions: 2->21
[2020-09-06T20:28:03.068+0200][1.759s] GC(3) Humongous regions: 4->4
[2020-09-06T20:28:03.068+0200][1.759s] GC(3) Metaspace: 30083K->30083K(1077248K)
[2020-09-06T20:28:03.068+0200][1.759s] GC(3) Pause Young (Normal) (G1 Evacuation Pause) 95M->28M(512M) 7.824ms
[2020-09-06T20:28:03.068+0200][1.759s] GC(3) User=0.07s Sys=0.00s Real=0.01s
[2020-09-06T20:28:20.065+0200][18.756s] GC(4) Pause Young (Concurrent Start) (Metadata GC Threshold)
[2020-09-06T20:28:20.065+0200][18.756s] GC(4) Using 10 workers of 10 for evacuation
[2020-09-06T20:28:20.069+0200][18.760s] GC(4)   Pre Evacuate Collection Set: 0.1ms
[2020-09-06T20:28:20.069+0200][18.760s] GC(4)   Evacuate Collection Set: 3.7ms
[2020-09-06T20:28:20.069+0200][18.760s] GC(4)   Post Evacuate Collection Set: 0.5ms
[2020-09-06T20:28:20.069+0200][18.760s] GC(4)   Other: 0.2ms
[2020-09-06T20:28:20.069+0200][18.760s] GC(4) Eden regions: 54->0(155)
[2020-09-06T20:28:20.069+0200][18.760s] GC(4) Survivor regions: 6->6(16)
[2020-09-06T20:28:20.069+0200][18.760s] GC(4) Old regions: 21->21
[2020-09-06T20:28:20.069+0200][18.760s] GC(4) Humongous regions: 4->4
[2020-09-06T20:28:20.069+0200][18.760s] GC(4) Metaspace: 34638K->34638K(1081344K)
[2020-09-06T20:28:20.069+0200][18.760s] GC(4) Pause Young (Concurrent Start) (Metadata GC Threshold) 82M->28M(512M) 4.528ms
[2020-09-06T20:28:20.069+0200][18.760s] GC(4) User=0.03s Sys=0.00s Real=0.01s
[2020-09-06T20:28:20.069+0200][18.760s] GC(5) Concurrent Cycle
[2020-09-06T20:28:20.069+0200][18.760s] GC(5) Concurrent Clear Claimed Marks
[2020-09-06T20:28:20.069+0200][18.760s] GC(5) Concurrent Clear Claimed Marks 0.022ms
[2020-09-06T20:28:20.069+0200][18.760s] GC(5) Concurrent Scan Root Regions
[2020-09-06T20:28:20.071+0200][18.762s] GC(5) Concurrent Scan Root Regions 1.557ms
[2020-09-06T20:28:20.071+0200][18.762s] GC(5) Concurrent Mark (18.762s)
[2020-09-06T20:28:20.071+0200][18.762s] GC(5) Concurrent Mark From Roots
[2020-09-06T20:28:20.071+0200][18.762s] GC(5) Using 3 workers of 3 for marking
[2020-09-06T20:28:20.080+0200][18.771s] GC(5) Concurrent Mark From Roots 8.869ms
[2020-09-06T20:28:20.080+0200][18.771s] GC(5) Concurrent Preclean
[2020-09-06T20:28:20.080+0200][18.771s] GC(5) Concurrent Preclean 0.123ms
[2020-09-06T20:28:20.080+0200][18.771s] GC(5) Concurrent Mark (18.762s, 18.771s) 9.026ms
[2020-09-06T20:28:20.080+0200][18.771s] GC(5) Pause Remark
[2020-09-06T20:28:20.081+0200][18.772s] GC(5) Cleaned string and symbol table, strings: 14653 processed, 26 removed, symbols: 101663 processed, 152 removed
[2020-09-06T20:28:20.081+0200][18.772s] GC(5) Pause Remark 30M->30M(512M) 1.497ms
[2020-09-06T20:28:20.081+0200][18.772s] GC(5) User=0.01s Sys=0.00s Real=0.00s
[2020-09-06T20:28:20.082+0200][18.772s] GC(5) Concurrent Rebuild Remembered Sets
[2020-09-06T20:28:20.087+0200][18.778s] GC(5) Concurrent Rebuild Remembered Sets 5.604ms
[2020-09-06T20:28:20.087+0200][18.778s] GC(5) Pause Cleanup
[2020-09-06T20:28:20.087+0200][18.778s] GC(5) Pause Cleanup 31M->31M(512M) 0.129ms
[2020-09-06T20:28:20.087+0200][18.778s] GC(5) User=0.00s Sys=0.00s Real=0.00s
[2020-09-06T20:28:20.088+0200][18.778s] GC(5) Concurrent Cleanup for Next Mark
[2020-09-06T20:28:20.088+0200][18.779s] GC(5) Concurrent Cleanup for Next Mark 0.216ms
[2020-09-06T20:28:20.088+0200][18.779s] GC(5) Concurrent Cycle 18.582ms
[2020-09-06T20:28:20.515+0200][19.206s] GC(6) Pause Young (Normal) (G1 Evacuation Pause)
[2020-09-06T20:28:20.515+0200][19.206s] GC(6) Using 10 workers of 10 for evacuation
[2020-09-06T20:28:20.521+0200][19.211s] GC(6)   Pre Evacuate Collection Set: 0.0ms
[2020-09-06T20:28:20.521+0200][19.211s] GC(6)   Evacuate Collection Set: 4.4ms
[2020-09-06T20:28:20.521+0200][19.211s] GC(6)   Post Evacuate Collection Set: 0.5ms
[2020-09-06T20:28:20.521+0200][19.211s] GC(6)   Other: 0.1ms
[2020-09-06T20:28:20.521+0200][19.211s] GC(6) Eden regions: 155->0(204)
[2020-09-06T20:28:20.521+0200][19.211s] GC(6) Survivor regions: 6->10(21)
[2020-09-06T20:28:20.521+0200][19.212s] GC(6) Old regions: 21->21
[2020-09-06T20:28:20.521+0200][19.212s] GC(6) Humongous regions: 4->4
[2020-09-06T20:28:20.521+0200][19.212s] GC(6) Metaspace: 38409K->38409K(1083392K)
[2020-09-06T20:28:20.521+0200][19.212s] GC(6) Pause Young (Normal) (G1 Evacuation Pause) 183M->32M(512M) 5.102ms
[2020-09-06T20:28:20.521+0200][19.212s] GC(6) User=0.04s Sys=0.00s Real=0.01s
[2020-09-06T20:28:20.657+0200][19.348s] GC(7) Pause Young (Normal) (G1 Evacuation Pause)
[2020-09-06T20:28:20.657+0200][19.348s] GC(7) Using 10 workers of 10 for evacuation
[2020-09-06T20:28:20.661+0200][19.352s] GC(7)   Pre Evacuate Collection Set: 0.0ms
[2020-09-06T20:28:20.661+0200][19.352s] GC(7)   Evacuate Collection Set: 3.6ms
[2020-09-06T20:28:20.661+0200][19.352s] GC(7)   Post Evacuate Collection Set: 0.3ms
[2020-09-06T20:28:20.661+0200][19.352s] GC(7)   Other: 0.1ms
[2020-09-06T20:28:20.661+0200][19.352s] GC(7) Eden regions: 204->0(265)
[2020-09-06T20:28:20.661+0200][19.352s] GC(7) Survivor regions: 10->11(27)
[2020-09-06T20:28:20.661+0200][19.352s] GC(7) Old regions: 21->21
[2020-09-06T20:28:20.661+0200][19.352s] GC(7) Humongous regions: 4->4
[2020-09-06T20:28:20.661+0200][19.352s] GC(7) Metaspace: 40271K->40271K(1085440K)
[2020-09-06T20:28:20.661+0200][19.352s] GC(7) Pause Young (Normal) (G1 Evacuation Pause) 236M->33M(512M) 4.079ms
[2020-09-06T20:28:20.661+0200][19.352s] GC(7) User=0.03s Sys=0.00s Real=0.01s
[2020-09-06T20:28:20.911+0200][19.602s] GC(8) Pause Young (Normal) (G1 Evacuation Pause)
[2020-09-06T20:28:20.911+0200][19.602s] GC(8) Using 10 workers of 10 for evacuation
[2020-09-06T20:28:20.915+0200][19.606s] GC(8)   Pre Evacuate Collection Set: 0.0ms
[2020-09-06T20:28:20.915+0200][19.606s] GC(8)   Evacuate Collection Set: 3.9ms
[2020-09-06T20:28:20.915+0200][19.606s] GC(8)   Post Evacuate Collection Set: 0.3ms
[2020-09-06T20:28:20.915+0200][19.606s] GC(8)   Other: 0.1ms
[2020-09-06T20:28:20.915+0200][19.606s] GC(8) Eden regions: 265->0(294)
[2020-09-06T20:28:20.915+0200][19.606s] GC(8) Survivor regions: 11->13(35)
[2020-09-06T20:28:20.915+0200][19.606s] GC(8) Old regions: 21->21
[2020-09-06T20:28:20.915+0200][19.606s] GC(8) Humongous regions: 5->4
[2020-09-06T20:28:20.915+0200][19.606s] GC(8) Metaspace: 42385K->42385K(1087488K)
[2020-09-06T20:28:20.915+0200][19.606s] GC(8) Pause Young (Normal) (G1 Evacuation Pause) 299M->35M(512M) 4.429ms
[2020-09-06T20:28:20.915+0200][19.606s] GC(8) User=0.04s Sys=0.01s Real=0.00s
[2020-09-06T20:28:20.992+0200][19.683s] GC(9) Pause Young (Normal) (G1 Evacuation Pause)
[2020-09-06T20:28:20.992+0200][19.683s] GC(9) Using 10 workers of 10 for evacuation
[2020-09-06T20:28:20.996+0200][19.687s] GC(9)   Pre Evacuate Collection Set: 0.0ms
[2020-09-06T20:28:20.996+0200][19.687s] GC(9)   Evacuate Collection Set: 3.4ms
[2020-09-06T20:28:20.996+0200][19.687s] GC(9)   Post Evacuate Collection Set: 0.6ms
[2020-09-06T20:28:20.996+0200][19.687s] GC(9)   Other: 0.1ms
[2020-09-06T20:28:20.996+0200][19.687s] GC(9) Eden regions: 294->0(293)
[2020-09-06T20:28:20.996+0200][19.687s] GC(9) Survivor regions: 13->14(39)
[2020-09-06T20:28:20.996+0200][19.687s] GC(9) Old regions: 21->21
[2020-09-06T20:28:20.996+0200][19.687s] GC(9) Humongous regions: 4->4
[2020-09-06T20:28:20.996+0200][19.687s] GC(9) Metaspace: 42638K->42638K(1087488K)
[2020-09-06T20:28:20.996+0200][19.687s] GC(9) Pause Young (Normal) (G1 Evacuation Pause) 329M->36M(512M) 4.160ms
[2020-09-06T20:28:20.997+0200][19.687s] GC(9) User=0.04s Sys=0.01s Real=0.00s
[2020-09-06T20:28:21.243+0200][19.934s] GC(10) Pause Young (Normal) (G1 Evacuation Pause)
[2020-09-06T20:28:21.243+0200][19.934s] GC(10) Using 10 workers of 10 for evacuation
[2020-09-06T20:28:21.247+0200][19.938s] GC(10)   Pre Evacuate Collection Set: 0.0ms
[2020-09-06T20:28:21.247+0200][19.938s] GC(10)   Evacuate Collection Set: 3.2ms
[2020-09-06T20:28:21.247+0200][19.938s] GC(10)   Post Evacuate Collection Set: 0.4ms
[2020-09-06T20:28:21.247+0200][19.938s] GC(10)   Other: 0.1ms
[2020-09-06T20:28:21.247+0200][19.938s] GC(10) Eden regions: 293->0(293)
[2020-09-06T20:28:21.247+0200][19.938s] GC(10) Survivor regions: 14->14(39)
[2020-09-06T20:28:21.247+0200][19.938s] GC(10) Old regions: 21->21
[2020-09-06T20:28:21.247+0200][19.938s] GC(10) Humongous regions: 4->4
[2020-09-06T20:28:21.247+0200][19.938s] GC(10) Metaspace: 44966K->44966K(1089536K)
[2020-09-06T20:28:21.247+0200][19.938s] GC(10) Pause Young (Normal) (G1 Evacuation Pause) 329M->36M(512M) 3.847ms
[2020-09-06T20:28:21.247+0200][19.938s] GC(10) User=0.04s Sys=0.01s Real=0.01s
[2020-09-06T20:28:34.597+0200][33.288s] GC(11) Pause Young (Normal) (G1 Evacuation Pause)
[2020-09-06T20:28:34.597+0200][33.288s] GC(11) Using 10 workers of 10 for evacuation
[2020-09-06T20:28:34.605+0200][33.296s] GC(11)   Pre Evacuate Collection Set: 0.0ms
[2020-09-06T20:28:34.605+0200][33.296s] GC(11)   Evacuate Collection Set: 7.0ms
[2020-09-06T20:28:34.605+0200][33.296s] GC(11)   Post Evacuate Collection Set: 0.8ms
[2020-09-06T20:28:34.605+0200][33.296s] GC(11)   Other: 0.1ms
[2020-09-06T20:28:34.605+0200][33.296s] GC(11) Eden regions: 293->0(280)
[2020-09-06T20:28:34.605+0200][33.296s] GC(11) Survivor regions: 14->27(39)
[2020-09-06T20:28:34.605+0200][33.296s] GC(11) Old regions: 21->21
[2020-09-06T20:28:34.605+0200][33.296s] GC(11) Humongous regions: 4->4
[2020-09-06T20:28:34.605+0200][33.296s] GC(11) Metaspace: 53656K->53656K(1097728K)
[2020-09-06T20:28:34.605+0200][33.296s] GC(11) Pause Young (Normal) (G1 Evacuation Pause) 329M->49M(512M) 7.926ms
[2020-09-06T20:28:34.605+0200][33.296s] GC(11) User=0.08s Sys=0.00s Real=0.01s
[2020-09-06T20:28:35.339+0200][34.030s] GC(12) Pause Young (Normal) (G1 Evacuation Pause)
[2020-09-06T20:28:35.339+0200][34.030s] GC(12) Using 10 workers of 10 for evacuation
[2020-09-06T20:28:35.347+0200][34.038s] GC(12)   Pre Evacuate Collection Set: 0.0ms
[2020-09-06T20:28:35.347+0200][34.038s] GC(12)   Evacuate Collection Set: 7.1ms
[2020-09-06T20:28:35.347+0200][34.038s] GC(12)   Post Evacuate Collection Set: 0.6ms
[2020-09-06T20:28:35.347+0200][34.038s] GC(12)   Other: 0.1ms
[2020-09-06T20:28:35.347+0200][34.038s] GC(12) Eden regions: 280->0(281)
[2020-09-06T20:28:35.347+0200][34.038s] GC(12) Survivor regions: 27->26(39)
[2020-09-06T20:28:35.347+0200][34.038s] GC(12) Old regions: 21->27
[2020-09-06T20:28:35.347+0200][34.038s] GC(12) Humongous regions: 4->4
[2020-09-06T20:28:35.347+0200][34.038s] GC(12) Metaspace: 54269K->54269K(1097728K)
[2020-09-06T20:28:35.347+0200][34.038s] GC(12) Pause Young (Normal) (G1 Evacuation Pause) 329M->54M(512M) 7.879ms
[2020-09-06T20:28:35.347+0200][34.038s] GC(12) User=0.07s Sys=0.00s Real=0.01s
[2020-09-06T20:30:02.314+0200][121.005s] GC(13) Pause Young (Normal) (G1 Evacuation Pause)
[2020-09-06T20:30:02.314+0200][121.005s] GC(13) Using 10 workers of 10 for evacuation
[2020-09-06T20:30:02.326+0200][121.017s] GC(13)   Pre Evacuate Collection Set: 0.0ms
[2020-09-06T20:30:02.326+0200][121.017s] GC(13)   Evacuate Collection Set: 7.9ms
[2020-09-06T20:30:02.326+0200][121.017s] GC(13)   Post Evacuate Collection Set: 3.7ms
[2020-09-06T20:30:02.326+0200][121.017s] GC(13)   Other: 0.2ms
[2020-09-06T20:30:02.326+0200][121.017s] GC(13) Eden regions: 281->0(284)
[2020-09-06T20:30:02.326+0200][121.017s] GC(13) Survivor regions: 26->23(39)
[2020-09-06T20:30:02.326+0200][121.017s] GC(13) Old regions: 27->33
[2020-09-06T20:30:02.326+0200][121.017s] GC(13) Humongous regions: 7->7
[2020-09-06T20:30:02.326+0200][121.017s] GC(13) Metaspace: 57312K->57312K(1101824K)
[2020-09-06T20:30:02.326+0200][121.017s] GC(13) Pause Young (Normal) (G1 Evacuation Pause) 338M->60M(512M) 11.806ms
[2020-09-06T20:30:02.326+0200][121.017s] GC(13) User=0.12s Sys=0.00s Real=0.01s
[2020-09-06T20:30:02.937+0200][121.628s] GC(14) Pause Young (Concurrent Start) (Metadata GC Threshold)
[2020-09-06T20:30:02.937+0200][121.628s] GC(14) Using 10 workers of 10 for evacuation
[2020-09-06T20:30:02.952+0200][121.643s] GC(14)   Pre Evacuate Collection Set: 0.1ms
[2020-09-06T20:30:02.952+0200][121.643s] GC(14)   Evacuate Collection Set: 14.2ms
[2020-09-06T20:30:02.952+0200][121.643s] GC(14)   Post Evacuate Collection Set: 0.6ms
[2020-09-06T20:30:02.952+0200][121.643s] GC(14)   Other: 0.2ms
[2020-09-06T20:30:02.952+0200][121.643s] GC(14) Eden regions: 268->0(292)
[2020-09-06T20:30:02.953+0200][121.643s] GC(14) Survivor regions: 23->15(39)
[2020-09-06T20:30:02.953+0200][121.643s] GC(14) Old regions: 33->45
[2020-09-06T20:30:02.953+0200][121.643s] GC(14) Humongous regions: 7->7
[2020-09-06T20:30:02.953+0200][121.643s] GC(14) Metaspace: 58361K->58361K(1101824K)
[2020-09-06T20:30:02.953+0200][121.643s] GC(14) Pause Young (Concurrent Start) (Metadata GC Threshold) 328M->64M(512M) 15.079ms
[2020-09-06T20:30:02.953+0200][121.643s] GC(14) User=0.07s Sys=0.00s Real=0.02s
[2020-09-06T20:30:02.953+0200][121.644s] GC(15) Concurrent Cycle
[2020-09-06T20:30:02.953+0200][121.644s] GC(15) Concurrent Clear Claimed Marks
[2020-09-06T20:30:02.953+0200][121.644s] GC(15) Concurrent Clear Claimed Marks 0.113ms
[2020-09-06T20:30:02.953+0200][121.644s] GC(15) Concurrent Scan Root Regions
[2020-09-06T20:30:02.955+0200][121.646s] GC(15) Concurrent Scan Root Regions 2.041ms
[2020-09-06T20:30:02.955+0200][121.646s] GC(15) Concurrent Mark (121.646s)
[2020-09-06T20:30:02.955+0200][121.646s] GC(15) Concurrent Mark From Roots
[2020-09-06T20:30:02.955+0200][121.646s] GC(15) Using 3 workers of 3 for marking
[2020-09-06T20:30:02.979+0200][121.670s] GC(15) Concurrent Mark From Roots 23.860ms
[2020-09-06T20:30:02.979+0200][121.670s] GC(15) Concurrent Preclean
[2020-09-06T20:30:02.979+0200][121.670s] GC(15) Concurrent Preclean 0.224ms
[2020-09-06T20:30:02.979+0200][121.670s] GC(15) Concurrent Mark (121.646s, 121.670s) 24.124ms
[2020-09-06T20:30:02.979+0200][121.670s] GC(15) Pause Remark
[2020-09-06T20:30:02.998+0200][121.689s] GC(15) Cleaned string and symbol table, strings: 28078 processed, 70 removed, symbols: 152412 processed, 589 removed
[2020-09-06T20:30:02.998+0200][121.689s] GC(15) Pause Remark 83M->83M(512M) 19.045ms
[2020-09-06T20:30:02.998+0200][121.689s] GC(15) User=0.15s Sys=0.00s Real=0.01s
[2020-09-06T20:30:02.998+0200][121.689s] GC(15) Concurrent Rebuild Remembered Sets
[2020-09-06T20:30:03.012+0200][121.703s] GC(15) Concurrent Rebuild Remembered Sets 13.782ms
[2020-09-06T20:30:03.012+0200][121.703s] GC(15) Pause Cleanup
[2020-09-06T20:30:03.012+0200][121.703s] GC(15) Pause Cleanup 144M->144M(512M) 0.091ms
[2020-09-06T20:30:03.012+0200][121.703s] GC(15) User=0.00s Sys=0.00s Real=0.00s
[2020-09-06T20:30:03.012+0200][121.703s] GC(15) Concurrent Cleanup for Next Mark
[2020-09-06T20:30:03.013+0200][121.704s] GC(15) Concurrent Cleanup for Next Mark 0.537ms
[2020-09-06T20:30:03.013+0200][121.704s] GC(15) Concurrent Cycle 60.312ms
