[2020-08-17T12:55:42.954+0200][0.006s] Heap region size: 1M
[2020-08-17T12:55:42.967+0200][0.019s] Using G1
[2020-08-17T12:55:42.967+0200][0.019s] Heap address: 0x00000000e0000000, size: 512 MB, Compressed Oops mode: 32-bit
[2020-08-17T12:55:42.967+0200][0.019s] Mark closed archive regions in map: [0x00000000fff00000, 0x00000000fff69ff8]
[2020-08-17T12:55:42.967+0200][0.019s] Mark open archive regions in map: [0x00000000ffe00000, 0x00000000ffe46ff8]
[2020-08-17T12:55:43.341+0200][0.393s] GC(0) Pause Young (Normal) (G1 Evacuation Pause)
[2020-08-17T12:55:43.343+0200][0.394s] GC(0) Using 10 workers of 10 for evacuation
[2020-08-17T12:55:43.349+0200][0.401s] GC(0)   Pre Evacuate Collection Set: 0.0ms
[2020-08-17T12:55:43.349+0200][0.401s] GC(0)   Evacuate Collection Set: 6.1ms
[2020-08-17T12:55:43.349+0200][0.401s] GC(0)   Post Evacuate Collection Set: 0.5ms
[2020-08-17T12:55:43.349+0200][0.401s] GC(0)   Other: 1.3ms
[2020-08-17T12:55:43.349+0200][0.401s] GC(0) Eden regions: 30->0(304)
[2020-08-17T12:55:43.349+0200][0.401s] GC(0) Survivor regions: 0->3(4)
[2020-08-17T12:55:43.349+0200][0.401s] GC(0) Old regions: 2->2
[2020-08-17T12:55:43.349+0200][0.401s] GC(0) Humongous regions: 0->0
[2020-08-17T12:55:43.349+0200][0.401s] GC(0) Metaspace: 6483K->6483K(1056768K)
[2020-08-17T12:55:43.349+0200][0.401s] GC(0) Pause Young (Normal) (G1 Evacuation Pause) 30M->3M(512M) 7.991ms
[2020-08-17T12:55:43.349+0200][0.401s] GC(0) User=0.07s Sys=0.00s Real=0.01s
[2020-08-17T12:55:44.383+0200][1.435s] GC(1) Pause Young (Concurrent Start) (Metadata GC Threshold)
[2020-08-17T12:55:44.383+0200][1.435s] GC(1) Using 10 workers of 10 for evacuation
[2020-08-17T12:55:44.396+0200][1.448s] GC(1)   Pre Evacuate Collection Set: 0.0ms
[2020-08-17T12:55:44.396+0200][1.448s] GC(1)   Evacuate Collection Set: 11.9ms
[2020-08-17T12:55:44.396+0200][1.448s] GC(1)   Post Evacuate Collection Set: 0.9ms
[2020-08-17T12:55:44.396+0200][1.448s] GC(1)   Other: 0.2ms
[2020-08-17T12:55:44.396+0200][1.448s] GC(1) Eden regions: 101->0(100)
[2020-08-17T12:55:44.396+0200][1.448s] GC(1) Survivor regions: 3->19(39)
[2020-08-17T12:55:44.396+0200][1.448s] GC(1) Old regions: 2->2
[2020-08-17T12:55:44.396+0200][1.448s] GC(1) Humongous regions: 4->4
[2020-08-17T12:55:44.396+0200][1.448s] GC(1) Metaspace: 20457K->20457K(1069056K)
[2020-08-17T12:55:44.396+0200][1.448s] GC(1) Pause Young (Concurrent Start) (Metadata GC Threshold) 108M->23M(512M) 13.088ms
[2020-08-17T12:55:44.396+0200][1.448s] GC(1) User=0.06s Sys=0.01s Real=0.01s
[2020-08-17T12:55:44.396+0200][1.448s] GC(2) Concurrent Cycle
[2020-08-17T12:55:44.396+0200][1.448s] GC(2) Concurrent Clear Claimed Marks
[2020-08-17T12:55:44.396+0200][1.448s] GC(2) Concurrent Clear Claimed Marks 0.046ms
[2020-08-17T12:55:44.396+0200][1.448s] GC(2) Concurrent Scan Root Regions
[2020-08-17T12:55:44.400+0200][1.452s] GC(2) Concurrent Scan Root Regions 3.878ms
[2020-08-17T12:55:44.400+0200][1.452s] GC(2) Concurrent Mark (1.452s)
[2020-08-17T12:55:44.400+0200][1.452s] GC(2) Concurrent Mark From Roots
[2020-08-17T12:55:44.400+0200][1.452s] GC(2) Using 3 workers of 3 for marking
[2020-08-17T12:55:44.404+0200][1.455s] GC(2) Concurrent Mark From Roots 3.534ms
[2020-08-17T12:55:44.404+0200][1.455s] GC(2) Concurrent Preclean
[2020-08-17T12:55:44.404+0200][1.455s] GC(2) Concurrent Preclean 0.118ms
[2020-08-17T12:55:44.404+0200][1.455s] GC(2) Concurrent Mark (1.452s, 1.455s) 3.684ms
[2020-08-17T12:55:44.404+0200][1.456s] GC(2) Pause Remark
[2020-08-17T12:55:44.406+0200][1.457s] GC(2) Cleaned string and symbol table, strings: 9063 processed, 0 removed, symbols: 61833 processed, 27 removed
[2020-08-17T12:55:44.406+0200][1.457s] GC(2) Pause Remark 23M->23M(512M) 1.836ms
[2020-08-17T12:55:44.406+0200][1.457s] GC(2) User=0.01s Sys=0.00s Real=0.00s
[2020-08-17T12:55:44.406+0200][1.458s] GC(2) Concurrent Rebuild Remembered Sets
[2020-08-17T12:55:44.408+0200][1.459s] GC(2) Concurrent Rebuild Remembered Sets 1.641ms
[2020-08-17T12:55:44.408+0200][1.459s] GC(2) Pause Cleanup
[2020-08-17T12:55:44.408+0200][1.459s] GC(2) Pause Cleanup 23M->23M(512M) 0.180ms
[2020-08-17T12:55:44.408+0200][1.459s] GC(2) User=0.00s Sys=0.00s Real=0.00s
[2020-08-17T12:55:44.408+0200][1.460s] GC(2) Concurrent Cleanup for Next Mark
[2020-08-17T12:55:44.408+0200][1.460s] GC(2) Concurrent Cleanup for Next Mark 0.183ms
[2020-08-17T12:55:44.408+0200][1.460s] GC(2) Concurrent Cycle 11.969ms
[2020-08-17T12:55:45.118+0200][2.169s] GC(3) Pause Young (Normal) (GCLocker Initiated GC)
[2020-08-17T12:55:45.118+0200][2.169s] GC(3) Using 10 workers of 10 for evacuation
[2020-08-17T12:55:45.128+0200][2.179s] GC(3)   Pre Evacuate Collection Set: 0.0ms
[2020-08-17T12:55:45.128+0200][2.179s] GC(3)   Evacuate Collection Set: 9.0ms
[2020-08-17T12:55:45.128+0200][2.179s] GC(3)   Post Evacuate Collection Set: 0.6ms
[2020-08-17T12:55:45.128+0200][2.179s] GC(3)   Other: 0.1ms
[2020-08-17T12:55:45.128+0200][2.179s] GC(3) Eden regions: 72->0(118)
[2020-08-17T12:55:45.128+0200][2.179s] GC(3) Survivor regions: 19->5(12)
[2020-08-17T12:55:45.128+0200][2.179s] GC(3) Old regions: 2->20
[2020-08-17T12:55:45.128+0200][2.179s] GC(3) Humongous regions: 4->4
[2020-08-17T12:55:45.128+0200][2.179s] GC(3) Metaspace: 30020K->30020K(1077248K)
[2020-08-17T12:55:45.128+0200][2.179s] GC(3) Pause Young (Normal) (GCLocker Initiated GC) 95M->27M(512M) 9.822ms
[2020-08-17T12:55:45.128+0200][2.179s] GC(3) User=0.08s Sys=0.01s Real=0.01s
[2020-08-17T12:55:46.040+0200][3.092s] GC(4) Pause Young (Concurrent Start) (Metadata GC Threshold)
[2020-08-17T12:55:46.040+0200][3.092s] GC(4) Using 10 workers of 10 for evacuation
[2020-08-17T12:55:46.045+0200][3.097s] GC(4)   Pre Evacuate Collection Set: 0.1ms
[2020-08-17T12:55:46.045+0200][3.097s] GC(4)   Evacuate Collection Set: 3.5ms
[2020-08-17T12:55:46.045+0200][3.097s] GC(4)   Post Evacuate Collection Set: 1.3ms
[2020-08-17T12:55:46.045+0200][3.097s] GC(4)   Other: 0.2ms
[2020-08-17T12:55:46.045+0200][3.097s] GC(4) Eden regions: 61->0(114)
[2020-08-17T12:55:46.045+0200][3.097s] GC(4) Survivor regions: 5->7(16)
[2020-08-17T12:55:46.045+0200][3.097s] GC(4) Old regions: 20->20
[2020-08-17T12:55:46.045+0200][3.097s] GC(4) Humongous regions: 4->4
[2020-08-17T12:55:46.045+0200][3.097s] GC(4) Metaspace: 34861K->34861K(1081344K)
[2020-08-17T12:55:46.045+0200][3.097s] GC(4) Pause Young (Concurrent Start) (Metadata GC Threshold) 87M->29M(512M) 5.131ms
[2020-08-17T12:55:46.045+0200][3.097s] GC(4) User=0.03s Sys=0.00s Real=0.01s
[2020-08-17T12:55:46.045+0200][3.097s] GC(5) Concurrent Cycle
[2020-08-17T12:55:46.045+0200][3.097s] GC(5) Concurrent Clear Claimed Marks
[2020-08-17T12:55:46.045+0200][3.097s] GC(5) Concurrent Clear Claimed Marks 0.036ms
[2020-08-17T12:55:46.045+0200][3.097s] GC(5) Concurrent Scan Root Regions
[2020-08-17T12:55:46.047+0200][3.099s] GC(5) Concurrent Scan Root Regions 1.828ms
[2020-08-17T12:55:46.047+0200][3.099s] GC(5) Concurrent Mark (3.099s)
[2020-08-17T12:55:46.047+0200][3.099s] GC(5) Concurrent Mark From Roots
[2020-08-17T12:55:46.047+0200][3.099s] GC(5) Using 3 workers of 3 for marking
[2020-08-17T12:55:46.059+0200][3.110s] GC(5) Concurrent Mark From Roots 11.748ms
[2020-08-17T12:55:46.059+0200][3.110s] GC(5) Concurrent Preclean
[2020-08-17T12:55:46.059+0200][3.111s] GC(5) Concurrent Preclean 0.231ms
[2020-08-17T12:55:46.059+0200][3.111s] GC(5) Concurrent Mark (3.099s, 3.111s) 12.050ms
[2020-08-17T12:55:46.060+0200][3.111s] GC(5) Pause Remark
[2020-08-17T12:55:46.061+0200][3.113s] GC(5) Cleaned string and symbol table, strings: 15271 processed, 26 removed, symbols: 102428 processed, 69 removed
[2020-08-17T12:55:46.061+0200][3.113s] GC(5) Pause Remark 30M->30M(512M) 1.723ms
[2020-08-17T12:55:46.061+0200][3.113s] GC(5) User=0.01s Sys=0.00s Real=0.01s
[2020-08-17T12:55:46.062+0200][3.113s] GC(5) Concurrent Rebuild Remembered Sets
[2020-08-17T12:55:46.069+0200][3.121s] GC(5) Concurrent Rebuild Remembered Sets 7.690ms
[2020-08-17T12:55:46.069+0200][3.121s] GC(5) Pause Cleanup
[2020-08-17T12:55:46.069+0200][3.121s] GC(5) Pause Cleanup 33M->33M(512M) 0.094ms
[2020-08-17T12:55:46.069+0200][3.121s] GC(5) User=0.00s Sys=0.00s Real=0.00s
[2020-08-17T12:55:46.069+0200][3.121s] GC(5) Concurrent Cleanup for Next Mark
[2020-08-17T12:55:46.070+0200][3.121s] GC(5) Concurrent Cleanup for Next Mark 0.285ms
[2020-08-17T12:55:46.070+0200][3.121s] GC(5) Concurrent Cycle 24.400ms
[2020-08-17T12:55:46.345+0200][3.396s] GC(6) Pause Young (Normal) (G1 Evacuation Pause)
[2020-08-17T12:55:46.345+0200][3.396s] GC(6) Using 10 workers of 10 for evacuation
[2020-08-17T12:55:46.349+0200][3.401s] GC(6)   Pre Evacuate Collection Set: 0.0ms
[2020-08-17T12:55:46.349+0200][3.401s] GC(6)   Evacuate Collection Set: 3.9ms
[2020-08-17T12:55:46.349+0200][3.401s] GC(6)   Post Evacuate Collection Set: 0.4ms
[2020-08-17T12:55:46.349+0200][3.401s] GC(6)   Other: 0.1ms
[2020-08-17T12:55:46.349+0200][3.401s] GC(6) Eden regions: 114->0(173)
[2020-08-17T12:55:46.349+0200][3.401s] GC(6) Survivor regions: 7->9(16)
[2020-08-17T12:55:46.349+0200][3.401s] GC(6) Old regions: 20->20
[2020-08-17T12:55:46.349+0200][3.401s] GC(6) Humongous regions: 4->4
[2020-08-17T12:55:46.349+0200][3.401s] GC(6) Metaspace: 37951K->37951K(1083392K)
[2020-08-17T12:55:46.349+0200][3.401s] GC(6) Pause Young (Normal) (G1 Evacuation Pause) 143M->31M(512M) 4.576ms
[2020-08-17T12:55:46.350+0200][3.401s] GC(6) User=0.04s Sys=0.00s Real=0.00s
[2020-08-17T12:55:46.510+0200][3.562s] GC(7) Pause Young (Normal) (G1 Evacuation Pause)
[2020-08-17T12:55:46.510+0200][3.562s] GC(7) Using 10 workers of 10 for evacuation
[2020-08-17T12:55:46.515+0200][3.566s] GC(7)   Pre Evacuate Collection Set: 0.0ms
[2020-08-17T12:55:46.515+0200][3.566s] GC(7)   Evacuate Collection Set: 3.8ms
[2020-08-17T12:55:46.515+0200][3.566s] GC(7)   Post Evacuate Collection Set: 0.5ms
[2020-08-17T12:55:46.515+0200][3.566s] GC(7)   Other: 0.1ms
[2020-08-17T12:55:46.515+0200][3.566s] GC(7) Eden regions: 173->0(287)
[2020-08-17T12:55:46.515+0200][3.566s] GC(7) Survivor regions: 9->11(23)
[2020-08-17T12:55:46.515+0200][3.566s] GC(7) Old regions: 20->20
[2020-08-17T12:55:46.515+0200][3.566s] GC(7) Humongous regions: 5->4
[2020-08-17T12:55:46.515+0200][3.566s] GC(7) Metaspace: 39034K->39034K(1085440K)
[2020-08-17T12:55:46.515+0200][3.566s] GC(7) Pause Young (Normal) (G1 Evacuation Pause) 205M->33M(512M) 4.506ms
[2020-08-17T12:55:46.515+0200][3.566s] GC(7) User=0.02s Sys=0.02s Real=0.01s
[2020-08-17T12:56:02.083+0200][19.134s] GC(8) Pause Young (Normal) (G1 Evacuation Pause)
[2020-08-17T12:56:02.083+0200][19.134s] GC(8) Using 10 workers of 10 for evacuation
[2020-08-17T12:56:02.089+0200][19.141s] GC(8)   Pre Evacuate Collection Set: 0.0ms
[2020-08-17T12:56:02.089+0200][19.141s] GC(8)   Evacuate Collection Set: 4.9ms
[2020-08-17T12:56:02.089+0200][19.141s] GC(8)   Post Evacuate Collection Set: 1.2ms
[2020-08-17T12:56:02.089+0200][19.141s] GC(8)   Other: 0.2ms
[2020-08-17T12:56:02.089+0200][19.141s] GC(8) Eden regions: 287->0(294)
[2020-08-17T12:56:02.089+0200][19.141s] GC(8) Survivor regions: 11->13(38)
[2020-08-17T12:56:02.089+0200][19.141s] GC(8) Old regions: 20->20
[2020-08-17T12:56:02.089+0200][19.141s] GC(8) Humongous regions: 4->4
[2020-08-17T12:56:02.089+0200][19.141s] GC(8) Metaspace: 44163K->44163K(1089536K)
[2020-08-17T12:56:02.089+0200][19.141s] GC(8) Pause Young (Normal) (G1 Evacuation Pause) 320M->35M(512M) 6.444ms
[2020-08-17T12:56:02.089+0200][19.141s] GC(8) User=0.06s Sys=0.01s Real=0.00s
[2020-08-17T12:56:02.481+0200][19.532s] GC(9) Pause Young (Normal) (G1 Evacuation Pause)
[2020-08-17T12:56:02.481+0200][19.532s] GC(9) Using 10 workers of 10 for evacuation
[2020-08-17T12:56:02.487+0200][19.538s] GC(9)   Pre Evacuate Collection Set: 0.0ms
[2020-08-17T12:56:02.487+0200][19.538s] GC(9)   Evacuate Collection Set: 5.1ms
[2020-08-17T12:56:02.487+0200][19.538s] GC(9)   Post Evacuate Collection Set: 0.5ms
[2020-08-17T12:56:02.487+0200][19.538s] GC(9)   Other: 0.2ms
[2020-08-17T12:56:02.487+0200][19.538s] GC(9) Eden regions: 294->0(294)
[2020-08-17T12:56:02.487+0200][19.538s] GC(9) Survivor regions: 13->13(39)
[2020-08-17T12:56:02.487+0200][19.538s] GC(9) Old regions: 20->20
[2020-08-17T12:56:02.487+0200][19.538s] GC(9) Humongous regions: 4->4
[2020-08-17T12:56:02.487+0200][19.538s] GC(9) Metaspace: 47797K->47797K(1093632K)
[2020-08-17T12:56:02.487+0200][19.538s] GC(9) Pause Young (Normal) (G1 Evacuation Pause) 329M->35M(512M) 5.899ms
[2020-08-17T12:56:02.487+0200][19.538s] GC(9) User=0.07s Sys=0.00s Real=0.01s
[2020-08-17T12:56:02.898+0200][19.949s] GC(10) Pause Young (Normal) (G1 Evacuation Pause)
[2020-08-17T12:56:02.898+0200][19.949s] GC(10) Using 10 workers of 10 for evacuation
[2020-08-17T12:56:02.904+0200][19.955s] GC(10)   Pre Evacuate Collection Set: 0.0ms
[2020-08-17T12:56:02.904+0200][19.955s] GC(10)   Evacuate Collection Set: 5.4ms
[2020-08-17T12:56:02.904+0200][19.955s] GC(10)   Post Evacuate Collection Set: 0.6ms
[2020-08-17T12:56:02.904+0200][19.955s] GC(10)   Other: 0.2ms
[2020-08-17T12:56:02.904+0200][19.955s] GC(10) Eden regions: 294->0(289)
[2020-08-17T12:56:02.904+0200][19.955s] GC(10) Survivor regions: 13->18(39)
[2020-08-17T12:56:02.904+0200][19.955s] GC(10) Old regions: 20->20
[2020-08-17T12:56:02.904+0200][19.955s] GC(10) Humongous regions: 4->4
[2020-08-17T12:56:02.904+0200][19.955s] GC(10) Metaspace: 50843K->50843K(1095680K)
[2020-08-17T12:56:02.904+0200][19.955s] GC(10) Pause Young (Normal) (G1 Evacuation Pause) 329M->39M(512M) 6.345ms
[2020-08-17T12:56:02.904+0200][19.955s] GC(10) User=0.06s Sys=0.00s Real=0.01s
[2020-08-17T12:57:35.447+0200][112.498s] GC(11) Pause Young (Normal) (G1 Evacuation Pause)
[2020-08-17T12:57:35.447+0200][112.498s] GC(11) Using 10 workers of 10 for evacuation
[2020-08-17T12:57:35.458+0200][112.509s] GC(11)   Pre Evacuate Collection Set: 0.0ms
[2020-08-17T12:57:35.458+0200][112.509s] GC(11)   Evacuate Collection Set: 9.4ms
[2020-08-17T12:57:35.458+0200][112.509s] GC(11)   Post Evacuate Collection Set: 1.0ms
[2020-08-17T12:57:35.458+0200][112.509s] GC(11)   Other: 0.2ms
[2020-08-17T12:57:35.458+0200][112.509s] GC(11) Eden regions: 289->0(277)
[2020-08-17T12:57:35.458+0200][112.509s] GC(11) Survivor regions: 18->30(39)
[2020-08-17T12:57:35.458+0200][112.509s] GC(11) Old regions: 20->20
[2020-08-17T12:57:35.458+0200][112.509s] GC(11) Humongous regions: 4->4
[2020-08-17T12:57:35.458+0200][112.509s] GC(11) Metaspace: 55741K->55741K(1099776K)
[2020-08-17T12:57:35.458+0200][112.509s] GC(11) Pause Young (Normal) (G1 Evacuation Pause) 328M->52M(512M) 10.637ms
[2020-08-17T12:57:35.458+0200][112.509s] GC(11) User=0.10s Sys=0.00s Real=0.01s
[2020-08-17T13:02:26.967+0200][404.019s] GC(12) Pause Young (Concurrent Start) (Metadata GC Threshold)
[2020-08-17T13:02:26.967+0200][404.019s] GC(12) Using 10 workers of 10 for evacuation
[2020-08-17T13:02:26.984+0200][404.035s] GC(12)   Pre Evacuate Collection Set: 0.1ms
[2020-08-17T13:02:26.984+0200][404.035s] GC(12)   Evacuate Collection Set: 15.9ms
[2020-08-17T13:02:26.984+0200][404.035s] GC(12)   Post Evacuate Collection Set: 0.8ms
[2020-08-17T13:02:26.984+0200][404.035s] GC(12)   Other: 0.2ms
[2020-08-17T13:02:26.984+0200][404.036s] GC(12) Eden regions: 197->0(284)
[2020-08-17T13:02:26.984+0200][404.036s] GC(12) Survivor regions: 30->23(39)
[2020-08-17T13:02:26.984+0200][404.036s] GC(12) Old regions: 20->31
[2020-08-17T13:02:26.984+0200][404.036s] GC(12) Humongous regions: 7->7
[2020-08-17T13:02:26.984+0200][404.036s] GC(12) Metaspace: 58565K->58565K(1101824K)
[2020-08-17T13:02:26.984+0200][404.036s] GC(12) Pause Young (Concurrent Start) (Metadata GC Threshold) 252M->58M(512M) 16.982ms
[2020-08-17T13:02:26.984+0200][404.036s] GC(12) User=0.11s Sys=0.00s Real=0.02s
[2020-08-17T13:02:26.984+0200][404.036s] GC(13) Concurrent Cycle
[2020-08-17T13:02:26.984+0200][404.036s] GC(13) Concurrent Clear Claimed Marks
[2020-08-17T13:02:26.984+0200][404.036s] GC(13) Concurrent Clear Claimed Marks 0.136ms
[2020-08-17T13:02:26.984+0200][404.036s] GC(13) Concurrent Scan Root Regions
[2020-08-17T13:02:26.989+0200][404.040s] GC(13) Concurrent Scan Root Regions 4.397ms
[2020-08-17T13:02:26.989+0200][404.040s] GC(13) Concurrent Mark (404.040s)
[2020-08-17T13:02:26.989+0200][404.040s] GC(13) Concurrent Mark From Roots
[2020-08-17T13:02:26.989+0200][404.040s] GC(13) Using 3 workers of 3 for marking
[2020-08-17T13:02:27.006+0200][404.058s] GC(13) Concurrent Mark From Roots 17.422ms
[2020-08-17T13:02:27.006+0200][404.058s] GC(13) Concurrent Preclean
[2020-08-17T13:02:27.007+0200][404.058s] GC(13) Concurrent Preclean 0.216ms
[2020-08-17T13:02:27.007+0200][404.058s] GC(13) Concurrent Mark (404.040s, 404.058s) 17.703ms
[2020-08-17T13:02:27.007+0200][404.058s] GC(13) Pause Remark
[2020-08-17T13:02:27.013+0200][404.064s] GC(13) Cleaned string and symbol table, strings: 27474 processed, 0 removed, symbols: 154313 processed, 672 removed
[2020-08-17T13:02:27.013+0200][404.065s] GC(13) Pause Remark 59M->59M(512M) 6.313ms
[2020-08-17T13:02:27.013+0200][404.065s] GC(13) User=0.07s Sys=0.00s Real=0.00s
[2020-08-17T13:02:27.013+0200][404.065s] GC(13) Concurrent Rebuild Remembered Sets
[2020-08-17T13:02:27.023+0200][404.074s] GC(13) Concurrent Rebuild Remembered Sets 9.358ms
[2020-08-17T13:02:27.023+0200][404.074s] GC(13) Pause Cleanup
[2020-08-17T13:02:27.023+0200][404.074s] GC(13) Pause Cleanup 60M->60M(512M) 0.123ms
[2020-08-17T13:02:27.023+0200][404.074s] GC(13) User=0.00s Sys=0.00s Real=0.00s
[2020-08-17T13:02:27.023+0200][404.075s] GC(13) Concurrent Cleanup for Next Mark
[2020-08-17T13:02:27.023+0200][404.075s] GC(13) Concurrent Cleanup for Next Mark 0.308ms
[2020-08-17T13:02:27.024+0200][404.075s] GC(13) Concurrent Cycle 39.273ms
[2020-08-17T13:05:27.023+0200][584.075s] GC(14) Pause Young (Normal) (G1 Evacuation Pause)
[2020-08-17T13:05:27.023+0200][584.075s] GC(14) Using 10 workers of 10 for evacuation
[2020-08-17T13:05:27.032+0200][584.084s] GC(14)   Pre Evacuate Collection Set: 0.0ms
[2020-08-17T13:05:27.032+0200][584.084s] GC(14)   Evacuate Collection Set: 6.3ms
[2020-08-17T13:05:27.032+0200][584.084s] GC(14)   Post Evacuate Collection Set: 2.8ms
[2020-08-17T13:05:27.032+0200][584.084s] GC(14)   Other: 0.2ms
[2020-08-17T13:05:27.032+0200][584.084s] GC(14) Eden regions: 284->0(283)
[2020-08-17T13:05:27.032+0200][584.084s] GC(14) Survivor regions: 23->24(39)
[2020-08-17T13:05:27.032+0200][584.084s] GC(14) Old regions: 31->32
[2020-08-17T13:05:27.032+0200][584.084s] GC(14) Humongous regions: 7->7
[2020-08-17T13:05:27.032+0200][584.084s] GC(14) Metaspace: 59851K->59851K(1103872K)
[2020-08-17T13:05:27.032+0200][584.084s] GC(14) Pause Young (Normal) (G1 Evacuation Pause) 342M->61M(512M) 9.334ms
[2020-08-17T13:05:27.033+0200][584.084s] GC(14) User=0.08s Sys=0.00s Real=0.00s
[2020-08-17T13:23:54.100+0200][1691.151s] GC(15) Pause Young (Normal) (G1 Evacuation Pause)
[2020-08-17T13:23:54.100+0200][1691.151s] GC(15) Using 10 workers of 10 for evacuation
[2020-08-17T13:23:54.107+0200][1691.159s] GC(15)   Pre Evacuate Collection Set: 0.0ms
[2020-08-17T13:23:54.107+0200][1691.159s] GC(15)   Evacuate Collection Set: 6.5ms
[2020-08-17T13:23:54.107+0200][1691.159s] GC(15)   Post Evacuate Collection Set: 1.0ms
[2020-08-17T13:23:54.107+0200][1691.159s] GC(15)   Other: 0.2ms
[2020-08-17T13:23:54.107+0200][1691.159s] GC(15) Eden regions: 283->0(285)
[2020-08-17T13:23:54.108+0200][1691.159s] GC(15) Survivor regions: 24->22(39)
[2020-08-17T13:23:54.108+0200][1691.159s] GC(15) Old regions: 32->35
[2020-08-17T13:23:54.108+0200][1691.159s] GC(15) Humongous regions: 7->7
[2020-08-17T13:23:54.108+0200][1691.159s] GC(15) Metaspace: 60685K->60685K(1103872K)
[2020-08-17T13:23:54.108+0200][1691.159s] GC(15) Pause Young (Normal) (G1 Evacuation Pause) 344M->62M(512M) 7.749ms
[2020-08-17T13:23:54.108+0200][1691.159s] GC(15) User=0.08s Sys=0.00s Real=0.01s
[2020-08-17T17:51:04.728+0200][15527.312s] GC(16) Pause Young (Normal) (G1 Evacuation Pause)
[2020-08-17T17:51:04.728+0200][15527.312s] GC(16) Using 10 workers of 10 for evacuation
[2020-08-17T17:51:04.739+0200][15527.324s] GC(16)   Pre Evacuate Collection Set: 0.0ms
[2020-08-17T17:51:04.739+0200][15527.324s] GC(16)   Evacuate Collection Set: 9.7ms
[2020-08-17T17:51:04.739+0200][15527.324s] GC(16)   Post Evacuate Collection Set: 1.3ms
[2020-08-17T17:51:04.739+0200][15527.324s] GC(16)   Other: 0.4ms
[2020-08-17T17:51:04.739+0200][15527.324s] GC(16) Eden regions: 285->0(290)
[2020-08-17T17:51:04.739+0200][15527.324s] GC(16) Survivor regions: 22->17(39)
[2020-08-17T17:51:04.739+0200][15527.324s] GC(16) Old regions: 35->35
[2020-08-17T17:51:04.739+0200][15527.324s] GC(16) Humongous regions: 7->7
[2020-08-17T17:51:04.739+0200][15527.324s] GC(16) Metaspace: 61710K->61710K(1105920K)
[2020-08-17T17:51:04.739+0200][15527.324s] GC(16) Pause Young (Normal) (G1 Evacuation Pause) 347M->56M(512M) 11.538ms
[2020-08-17T17:51:04.739+0200][15527.324s] GC(16) User=0.10s Sys=0.00s Real=0.01s
[2020-08-17T22:19:38.150+0200][31640.140s] GC(17) Pause Young (Normal) (G1 Evacuation Pause)
[2020-08-17T22:19:38.150+0200][31640.140s] GC(17) Using 10 workers of 10 for evacuation
[2020-08-17T22:19:38.160+0200][31640.151s] GC(17)   Pre Evacuate Collection Set: 0.0ms
[2020-08-17T22:19:38.160+0200][31640.151s] GC(17)   Evacuate Collection Set: 6.6ms
[2020-08-17T22:19:38.160+0200][31640.151s] GC(17)   Post Evacuate Collection Set: 3.7ms
[2020-08-17T22:19:38.160+0200][31640.151s] GC(17)   Other: 0.2ms
[2020-08-17T22:19:38.160+0200][31640.151s] GC(17) Eden regions: 290->0(291)
[2020-08-17T22:19:38.160+0200][31640.151s] GC(17) Survivor regions: 17->16(39)
[2020-08-17T22:19:38.160+0200][31640.151s] GC(17) Old regions: 35->35
[2020-08-17T22:19:38.160+0200][31640.151s] GC(17) Humongous regions: 7->7
[2020-08-17T22:19:38.160+0200][31640.151s] GC(17) Metaspace: 61974K->61974K(1105920K)
[2020-08-17T22:19:38.160+0200][31640.151s] GC(17) Pause Young (Normal) (G1 Evacuation Pause) 346M->55M(512M) 10.563ms
[2020-08-17T22:19:38.160+0200][31640.151s] GC(17) User=0.10s Sys=0.00s Real=0.01s
[2020-08-17T22:57:27.558+0200][33909.549s] GC(18) Pause Young (Normal) (G1 Evacuation Pause)
[2020-08-17T22:57:27.559+0200][33909.549s] GC(18) Using 10 workers of 10 for evacuation
[2020-08-17T22:57:27.566+0200][33909.556s] GC(18)   Pre Evacuate Collection Set: 0.0ms
[2020-08-17T22:57:27.566+0200][33909.556s] GC(18)   Evacuate Collection Set: 5.0ms
[2020-08-17T22:57:27.566+0200][33909.556s] GC(18)   Post Evacuate Collection Set: 2.3ms
[2020-08-17T22:57:27.566+0200][33909.556s] GC(18)   Other: 0.3ms
[2020-08-17T22:57:27.566+0200][33909.556s] GC(18) Eden regions: 291->0(287)
[2020-08-17T22:57:27.566+0200][33909.556s] GC(18) Survivor regions: 16->20(39)
[2020-08-17T22:57:27.566+0200][33909.556s] GC(18) Old regions: 35->35
[2020-08-17T22:57:27.566+0200][33909.556s] GC(18) Humongous regions: 7->7
[2020-08-17T22:57:27.566+0200][33909.556s] GC(18) Metaspace: 62071K->62071K(1105920K)
[2020-08-17T22:57:27.566+0200][33909.556s] GC(18) Pause Young (Normal) (G1 Evacuation Pause) 346M->60M(512M) 7.573ms
[2020-08-17T22:57:27.566+0200][33909.556s] GC(18) User=0.07s Sys=0.00s Real=0.01s
[2020-08-17T22:57:27.930+0200][33909.920s] GC(19) Pause Young (Normal) (G1 Evacuation Pause)
[2020-08-17T22:57:27.930+0200][33909.920s] GC(19) Using 10 workers of 10 for evacuation
[2020-08-17T22:57:27.937+0200][33909.927s] GC(19)   Pre Evacuate Collection Set: 0.0ms
[2020-08-17T22:57:27.937+0200][33909.927s] GC(19)   Evacuate Collection Set: 6.1ms
[2020-08-17T22:57:27.937+0200][33909.927s] GC(19)   Post Evacuate Collection Set: 0.7ms
[2020-08-17T22:57:27.937+0200][33909.927s] GC(19)   Other: 0.2ms
[2020-08-17T22:57:27.937+0200][33909.927s] GC(19) Eden regions: 287->0(288)
[2020-08-17T22:57:27.937+0200][33909.927s] GC(19) Survivor regions: 20->19(39)
[2020-08-17T22:57:27.937+0200][33909.927s] GC(19) Old regions: 35->35
[2020-08-17T22:57:27.937+0200][33909.927s] GC(19) Humongous regions: 7->7
[2020-08-17T22:57:27.937+0200][33909.927s] GC(19) Metaspace: 62107K->62107K(1105920K)
[2020-08-17T22:57:27.937+0200][33909.927s] GC(19) Pause Young (Normal) (G1 Evacuation Pause) 347M->59M(512M) 7.098ms
[2020-08-17T22:57:27.937+0200][33909.927s] GC(19) User=0.08s Sys=0.00s Real=0.01s
[2020-08-17T23:02:03.783+0200][34185.774s] GC(20) Pause Young (Normal) (G1 Evacuation Pause)
[2020-08-17T23:02:03.783+0200][34185.774s] GC(20) Using 10 workers of 10 for evacuation
[2020-08-17T23:02:03.791+0200][34185.782s] GC(20)   Pre Evacuate Collection Set: 0.0ms
[2020-08-17T23:02:03.791+0200][34185.782s] GC(20)   Evacuate Collection Set: 4.5ms
[2020-08-17T23:02:03.791+0200][34185.782s] GC(20)   Post Evacuate Collection Set: 3.0ms
[2020-08-17T23:02:03.791+0200][34185.782s] GC(20)   Other: 0.2ms
[2020-08-17T23:02:03.791+0200][34185.782s] GC(20) Eden regions: 288->0(290)
[2020-08-17T23:02:03.791+0200][34185.782s] GC(20) Survivor regions: 19->17(39)
[2020-08-17T23:02:03.791+0200][34185.782s] GC(20) Old regions: 35->35
[2020-08-17T23:02:03.791+0200][34185.782s] GC(20) Humongous regions: 7->7
[2020-08-17T23:02:03.791+0200][34185.782s] GC(20) Metaspace: 62206K->62206K(1105920K)
[2020-08-17T23:02:03.791+0200][34185.782s] GC(20) Pause Young (Normal) (G1 Evacuation Pause) 347M->57M(512M) 7.866ms
[2020-08-17T23:02:03.791+0200][34185.782s] GC(20) User=0.08s Sys=0.00s Real=0.00s
[2020-08-17T23:28:48.878+0200][35790.869s] GC(21) Pause Young (Normal) (G1 Evacuation Pause)
[2020-08-17T23:28:48.878+0200][35790.869s] GC(21) Using 10 workers of 10 for evacuation
[2020-08-17T23:28:48.886+0200][35790.876s] GC(21)   Pre Evacuate Collection Set: 0.0ms
[2020-08-17T23:28:48.886+0200][35790.876s] GC(21)   Evacuate Collection Set: 5.8ms
[2020-08-17T23:28:48.886+0200][35790.876s] GC(21)   Post Evacuate Collection Set: 1.7ms
[2020-08-17T23:28:48.886+0200][35790.876s] GC(21)   Other: 0.2ms
[2020-08-17T23:28:48.886+0200][35790.876s] GC(21) Eden regions: 290->0(285)
[2020-08-17T23:28:48.886+0200][35790.876s] GC(21) Survivor regions: 17->22(39)
[2020-08-17T23:28:48.886+0200][35790.876s] GC(21) Old regions: 35->35
[2020-08-17T23:28:48.886+0200][35790.876s] GC(21) Humongous regions: 7->7
[2020-08-17T23:28:48.886+0200][35790.876s] GC(21) Metaspace: 62270K->62270K(1105920K)
[2020-08-17T23:28:48.886+0200][35790.876s] GC(21) Pause Young (Normal) (G1 Evacuation Pause) 347M->62M(512M) 7.753ms
[2020-08-17T23:28:48.886+0200][35790.876s] GC(21) User=0.09s Sys=0.00s Real=0.01s
[2020-08-17T23:32:17.588+0200][35999.578s] GC(22) Pause Young (Normal) (G1 Evacuation Pause)
[2020-08-17T23:32:17.588+0200][35999.578s] GC(22) Using 10 workers of 10 for evacuation
[2020-08-17T23:32:17.597+0200][35999.587s] GC(22)   Pre Evacuate Collection Set: 0.0ms
[2020-08-17T23:32:17.597+0200][35999.587s] GC(22)   Evacuate Collection Set: 6.2ms
[2020-08-17T23:32:17.597+0200][35999.587s] GC(22)   Post Evacuate Collection Set: 2.3ms
[2020-08-17T23:32:17.597+0200][35999.587s] GC(22)   Other: 0.2ms
[2020-08-17T23:32:17.597+0200][35999.587s] GC(22) Eden regions: 285->0(291)
[2020-08-17T23:32:17.597+0200][35999.587s] GC(22) Survivor regions: 22->16(39)
[2020-08-17T23:32:17.597+0200][35999.587s] GC(22) Old regions: 35->42
[2020-08-17T23:32:17.597+0200][35999.587s] GC(22) Humongous regions: 7->7
[2020-08-17T23:32:17.597+0200][35999.587s] GC(22) Metaspace: 62339K->62339K(1105920K)
[2020-08-17T23:32:17.597+0200][35999.587s] GC(22) Pause Young (Normal) (G1 Evacuation Pause) 347M->62M(512M) 8.814ms
[2020-08-17T23:32:17.597+0200][35999.587s] GC(22) User=0.07s Sys=0.01s Real=0.01s
[2020-08-17T23:33:47.518+0200][36089.508s] GC(23) Pause Young (Normal) (G1 Evacuation Pause)
[2020-08-17T23:33:47.518+0200][36089.508s] GC(23) Using 10 workers of 10 for evacuation
[2020-08-17T23:33:47.523+0200][36089.513s] GC(23)   Pre Evacuate Collection Set: 0.0ms
[2020-08-17T23:33:47.523+0200][36089.513s] GC(23)   Evacuate Collection Set: 2.9ms
[2020-08-17T23:33:47.523+0200][36089.513s] GC(23)   Post Evacuate Collection Set: 2.2ms
[2020-08-17T23:33:47.523+0200][36089.513s] GC(23)   Other: 0.2ms
[2020-08-17T23:33:47.523+0200][36089.513s] GC(23) Eden regions: 291->0(295)
[2020-08-17T23:33:47.523+0200][36089.513s] GC(23) Survivor regions: 16->12(39)
[2020-08-17T23:33:47.523+0200][36089.513s] GC(23) Old regions: 42->42
[2020-08-17T23:33:47.523+0200][36089.513s] GC(23) Humongous regions: 7->7
[2020-08-17T23:33:47.523+0200][36089.513s] GC(23) Metaspace: 62382K->62382K(1105920K)
[2020-08-17T23:33:47.523+0200][36089.513s] GC(23) Pause Young (Normal) (G1 Evacuation Pause) 353M->59M(512M) 5.408ms
[2020-08-17T23:33:47.523+0200][36089.513s] GC(23) User=0.06s Sys=0.00s Real=0.01s
[2020-08-18T01:32:36.257+0200][42520.167s] GC(24) Pause Young (Normal) (G1 Evacuation Pause)
[2020-08-18T01:32:36.257+0200][42520.168s] GC(24) Using 10 workers of 10 for evacuation
[2020-08-18T01:32:36.271+0200][42520.181s] GC(24)   Pre Evacuate Collection Set: 0.0ms
[2020-08-18T01:32:36.271+0200][42520.181s] GC(24)   Evacuate Collection Set: 11.8ms
[2020-08-18T01:32:36.271+0200][42520.181s] GC(24)   Post Evacuate Collection Set: 1.5ms
[2020-08-18T01:32:36.271+0200][42520.181s] GC(24)   Other: 0.5ms
[2020-08-18T01:32:36.271+0200][42520.181s] GC(24) Eden regions: 295->0(297)
[2020-08-18T01:32:36.271+0200][42520.181s] GC(24) Survivor regions: 12->10(39)
[2020-08-18T01:32:36.271+0200][42520.181s] GC(24) Old regions: 42->42
[2020-08-18T01:32:36.271+0200][42520.181s] GC(24) Humongous regions: 7->7
[2020-08-18T01:32:36.271+0200][42520.181s] GC(24) Metaspace: 62447K->62447K(1105920K)
[2020-08-18T01:32:36.271+0200][42520.181s] GC(24) Pause Young (Normal) (G1 Evacuation Pause) 354M->57M(512M) 14.011ms
[2020-08-18T01:32:36.271+0200][42520.182s] GC(24) User=0.12s Sys=0.00s Real=0.01s
[2020-08-19T13:04:24.216+0200][57901.548s] GC(25) Pause Young (Normal) (G1 Evacuation Pause)
[2020-08-19T13:04:24.216+0200][57901.548s] GC(25) Using 10 workers of 10 for evacuation
[2020-08-19T13:04:24.227+0200][57901.559s] GC(25)   Pre Evacuate Collection Set: 0.0ms
[2020-08-19T13:04:24.227+0200][57901.559s] GC(25)   Evacuate Collection Set: 8.1ms
[2020-08-19T13:04:24.227+0200][57901.559s] GC(25)   Post Evacuate Collection Set: 2.5ms
[2020-08-19T13:04:24.227+0200][57901.559s] GC(25)   Other: 0.3ms
[2020-08-19T13:04:24.227+0200][57901.559s] GC(25) Eden regions: 297->0(298)
[2020-08-19T13:04:24.227+0200][57901.559s] GC(25) Survivor regions: 10->9(39)
[2020-08-19T13:04:24.227+0200][57901.559s] GC(25) Old regions: 42->42
[2020-08-19T13:04:24.227+0200][57901.559s] GC(25) Humongous regions: 7->7
[2020-08-19T13:04:24.227+0200][57901.559s] GC(25) Metaspace: 62597K->62597K(1105920K)
[2020-08-19T13:04:24.227+0200][57901.559s] GC(25) Pause Young (Normal) (G1 Evacuation Pause) 354M->56M(512M) 11.104ms
[2020-08-19T13:04:24.227+0200][57901.559s] GC(25) User=0.09s Sys=0.00s Real=0.01s
