[2020-08-29T22:23:35.859+0200][0.008s] Heap region size: 1M
[2020-08-29T22:23:35.874+0200][0.022s] Using G1
[2020-08-29T22:23:35.874+0200][0.022s] Heap address: 0x00000000e0000000, size: 512 MB, Compressed Oops mode: 32-bit
[2020-08-29T22:23:35.874+0200][0.022s] Mark closed archive regions in map: [0x00000000fff00000, 0x00000000fff69ff8]
[2020-08-29T22:23:35.874+0200][0.023s] Mark open archive regions in map: [0x00000000ffe00000, 0x00000000ffe46ff8]
[2020-08-29T22:23:36.235+0200][0.384s] GC(0) Pause Young (Normal) (G1 Evacuation Pause)
[2020-08-29T22:23:36.236+0200][0.385s] GC(0) Using 10 workers of 10 for evacuation
[2020-08-29T22:23:36.245+0200][0.394s] GC(0)   Pre Evacuate Collection Set: 0.0ms
[2020-08-29T22:23:36.245+0200][0.394s] GC(0)   Evacuate Collection Set: 8.3ms
[2020-08-29T22:23:36.245+0200][0.394s] GC(0)   Post Evacuate Collection Set: 0.5ms
[2020-08-29T22:23:36.245+0200][0.394s] GC(0)   Other: 1.1ms
[2020-08-29T22:23:36.245+0200][0.394s] GC(0) Eden regions: 30->0(304)
[2020-08-29T22:23:36.245+0200][0.394s] GC(0) Survivor regions: 0->3(4)
[2020-08-29T22:23:36.245+0200][0.394s] GC(0) Old regions: 2->2
[2020-08-29T22:23:36.245+0200][0.394s] GC(0) Humongous regions: 0->0
[2020-08-29T22:23:36.245+0200][0.394s] GC(0) Metaspace: 6478K->6478K(1056768K)
[2020-08-29T22:23:36.245+0200][0.394s] GC(0) Pause Young (Normal) (G1 Evacuation Pause) 30M->3M(512M) 9.903ms
[2020-08-29T22:23:36.245+0200][0.394s] GC(0) User=0.09s Sys=0.00s Real=0.01s
[2020-08-29T22:23:37.299+0200][1.447s] GC(1) Pause Young (Concurrent Start) (Metadata GC Threshold)
[2020-08-29T22:23:37.299+0200][1.447s] GC(1) Using 10 workers of 10 for evacuation
[2020-08-29T22:23:37.310+0200][1.459s] GC(1)   Pre Evacuate Collection Set: 0.0ms
[2020-08-29T22:23:37.310+0200][1.459s] GC(1)   Evacuate Collection Set: 10.5ms
[2020-08-29T22:23:37.310+0200][1.459s] GC(1)   Post Evacuate Collection Set: 0.8ms
[2020-08-29T22:23:37.310+0200][1.459s] GC(1)   Other: 0.2ms
[2020-08-29T22:23:37.310+0200][1.459s] GC(1) Eden regions: 102->0(101)
[2020-08-29T22:23:37.310+0200][1.459s] GC(1) Survivor regions: 3->19(39)
[2020-08-29T22:23:37.310+0200][1.459s] GC(1) Old regions: 2->2
[2020-08-29T22:23:37.310+0200][1.459s] GC(1) Humongous regions: 4->4
[2020-08-29T22:23:37.310+0200][1.459s] GC(1) Metaspace: 20459K->20459K(1069056K)
[2020-08-29T22:23:37.310+0200][1.459s] GC(1) Pause Young (Concurrent Start) (Metadata GC Threshold) 109M->22M(512M) 11.566ms
[2020-08-29T22:23:37.310+0200][1.459s] GC(1) User=0.08s Sys=0.00s Real=0.01s
[2020-08-29T22:23:37.310+0200][1.459s] GC(2) Concurrent Cycle
[2020-08-29T22:23:37.310+0200][1.459s] GC(2) Concurrent Clear Claimed Marks
[2020-08-29T22:23:37.310+0200][1.459s] GC(2) Concurrent Clear Claimed Marks 0.024ms
[2020-08-29T22:23:37.310+0200][1.459s] GC(2) Concurrent Scan Root Regions
[2020-08-29T22:23:37.314+0200][1.462s] GC(2) Concurrent Scan Root Regions 3.435ms
[2020-08-29T22:23:37.314+0200][1.463s] GC(2) Concurrent Mark (1.463s)
[2020-08-29T22:23:37.314+0200][1.463s] GC(2) Concurrent Mark From Roots
[2020-08-29T22:23:37.314+0200][1.463s] GC(2) Using 3 workers of 3 for marking
[2020-08-29T22:23:37.317+0200][1.466s] GC(2) Concurrent Mark From Roots 3.459ms
[2020-08-29T22:23:37.317+0200][1.466s] GC(2) Concurrent Preclean
[2020-08-29T22:23:37.317+0200][1.466s] GC(2) Concurrent Preclean 0.123ms
[2020-08-29T22:23:37.317+0200][1.466s] GC(2) Concurrent Mark (1.463s, 1.466s) 3.617ms
[2020-08-29T22:23:37.317+0200][1.466s] GC(2) Pause Remark
[2020-08-29T22:23:37.318+0200][1.467s] GC(2) Cleaned string and symbol table, strings: 9062 processed, 0 removed, symbols: 62121 processed, 27 removed
[2020-08-29T22:23:37.319+0200][1.467s] GC(2) Pause Remark 23M->23M(512M) 1.111ms
[2020-08-29T22:23:37.319+0200][1.467s] GC(2) User=0.01s Sys=0.01s Real=0.01s
[2020-08-29T22:23:37.319+0200][1.467s] GC(2) Concurrent Rebuild Remembered Sets
[2020-08-29T22:23:37.320+0200][1.469s] GC(2) Concurrent Rebuild Remembered Sets 1.370ms
[2020-08-29T22:23:37.320+0200][1.469s] GC(2) Pause Cleanup
[2020-08-29T22:23:37.320+0200][1.469s] GC(2) Pause Cleanup 23M->23M(512M) 0.171ms
[2020-08-29T22:23:37.320+0200][1.469s] GC(2) User=0.00s Sys=0.00s Real=0.00s
[2020-08-29T22:23:37.320+0200][1.469s] GC(2) Concurrent Cleanup for Next Mark
[2020-08-29T22:23:37.321+0200][1.469s] GC(2) Concurrent Cleanup for Next Mark 0.196ms
[2020-08-29T22:23:37.321+0200][1.469s] GC(2) Concurrent Cycle 10.337ms
[2020-08-29T22:23:38.015+0200][2.163s] GC(3) Pause Young (Normal) (G1 Evacuation Pause)
[2020-08-29T22:23:38.015+0200][2.163s] GC(3) Using 10 workers of 10 for evacuation
[2020-08-29T22:23:38.025+0200][2.174s] GC(3)   Pre Evacuate Collection Set: 0.0ms
[2020-08-29T22:23:38.025+0200][2.174s] GC(3)   Evacuate Collection Set: 9.5ms
[2020-08-29T22:23:38.025+0200][2.174s] GC(3)   Post Evacuate Collection Set: 0.6ms
[2020-08-29T22:23:38.025+0200][2.174s] GC(3)   Other: 0.1ms
[2020-08-29T22:23:38.025+0200][2.174s] GC(3) Eden regions: 73->0(120)
[2020-08-29T22:23:38.025+0200][2.174s] GC(3) Survivor regions: 19->5(12)
[2020-08-29T22:23:38.025+0200][2.174s] GC(3) Old regions: 2->21
[2020-08-29T22:23:38.025+0200][2.174s] GC(3) Humongous regions: 4->4
[2020-08-29T22:23:38.025+0200][2.174s] GC(3) Metaspace: 29807K->29807K(1077248K)
[2020-08-29T22:23:38.025+0200][2.174s] GC(3) Pause Young (Normal) (G1 Evacuation Pause) 95M->27M(512M) 10.255ms
[2020-08-29T22:23:38.025+0200][2.174s] GC(3) User=0.09s Sys=0.01s Real=0.01s
[2020-08-29T22:23:53.662+0200][17.811s] GC(4) Pause Young (Concurrent Start) (Metadata GC Threshold)
[2020-08-29T22:23:53.662+0200][17.811s] GC(4) Using 10 workers of 10 for evacuation
[2020-08-29T22:23:53.667+0200][17.816s] GC(4)   Pre Evacuate Collection Set: 0.1ms
[2020-08-29T22:23:53.667+0200][17.816s] GC(4)   Evacuate Collection Set: 4.6ms
[2020-08-29T22:23:53.667+0200][17.816s] GC(4)   Post Evacuate Collection Set: 0.5ms
[2020-08-29T22:23:53.667+0200][17.816s] GC(4)   Other: 0.2ms
[2020-08-29T22:23:53.667+0200][17.816s] GC(4) Eden regions: 66->0(144)
[2020-08-29T22:23:53.667+0200][17.816s] GC(4) Survivor regions: 5->6(16)
[2020-08-29T22:23:53.667+0200][17.816s] GC(4) Old regions: 21->21
[2020-08-29T22:23:53.667+0200][17.816s] GC(4) Humongous regions: 4->4
[2020-08-29T22:23:53.667+0200][17.816s] GC(4) Metaspace: 34731K->34731K(1081344K)
[2020-08-29T22:23:53.667+0200][17.816s] GC(4) Pause Young (Concurrent Start) (Metadata GC Threshold) 93M->28M(512M) 5.470ms
[2020-08-29T22:23:53.667+0200][17.816s] GC(4) User=0.03s Sys=0.00s Real=0.00s
[2020-08-29T22:23:53.668+0200][17.816s] GC(5) Concurrent Cycle
[2020-08-29T22:23:53.668+0200][17.816s] GC(5) Concurrent Clear Claimed Marks
[2020-08-29T22:23:53.668+0200][17.816s] GC(5) Concurrent Clear Claimed Marks 0.032ms
[2020-08-29T22:23:53.668+0200][17.816s] GC(5) Concurrent Scan Root Regions
[2020-08-29T22:23:53.669+0200][17.818s] GC(5) Concurrent Scan Root Regions 1.836ms
[2020-08-29T22:23:53.669+0200][17.818s] GC(5) Concurrent Mark (17.818s)
[2020-08-29T22:23:53.669+0200][17.818s] GC(5) Concurrent Mark From Roots
[2020-08-29T22:23:53.669+0200][17.818s] GC(5) Using 3 workers of 3 for marking
[2020-08-29T22:23:53.681+0200][17.830s] GC(5) Concurrent Mark From Roots 12.024ms
[2020-08-29T22:23:53.681+0200][17.830s] GC(5) Concurrent Preclean
[2020-08-29T22:23:53.682+0200][17.830s] GC(5) Concurrent Preclean 0.141ms
[2020-08-29T22:23:53.682+0200][17.830s] GC(5) Concurrent Mark (17.818s, 17.830s) 12.206ms
[2020-08-29T22:23:53.682+0200][17.831s] GC(5) Pause Remark
[2020-08-29T22:23:53.684+0200][17.832s] GC(5) Cleaned string and symbol table, strings: 14772 processed, 26 removed, symbols: 101916 processed, 150 removed
[2020-08-29T22:23:53.684+0200][17.833s] GC(5) Pause Remark 31M->31M(512M) 2.014ms
[2020-08-29T22:23:53.684+0200][17.833s] GC(5) User=0.01s Sys=0.00s Real=0.00s
[2020-08-29T22:23:53.684+0200][17.833s] GC(5) Concurrent Rebuild Remembered Sets
[2020-08-29T22:23:53.690+0200][17.839s] GC(5) Concurrent Rebuild Remembered Sets 6.544ms
[2020-08-29T22:23:53.691+0200][17.840s] GC(5) Pause Cleanup
[2020-08-29T22:23:53.691+0200][17.840s] GC(5) Pause Cleanup 32M->32M(512M) 0.175ms
[2020-08-29T22:23:53.691+0200][17.840s] GC(5) User=0.00s Sys=0.00s Real=0.00s
[2020-08-29T22:23:53.691+0200][17.840s] GC(5) Concurrent Cleanup for Next Mark
[2020-08-29T22:23:53.691+0200][17.840s] GC(5) Concurrent Cleanup for Next Mark 0.329ms
[2020-08-29T22:23:53.691+0200][17.840s] GC(5) Concurrent Cycle 23.854ms
[2020-08-29T22:23:54.332+0200][18.481s] GC(6) Pause Young (Normal) (G1 Evacuation Pause)
[2020-08-29T22:23:54.332+0200][18.481s] GC(6) Using 10 workers of 10 for evacuation
[2020-08-29T22:23:54.338+0200][18.487s] GC(6)   Pre Evacuate Collection Set: 0.0ms
[2020-08-29T22:23:54.338+0200][18.487s] GC(6)   Evacuate Collection Set: 4.7ms
[2020-08-29T22:23:54.338+0200][18.487s] GC(6)   Post Evacuate Collection Set: 1.5ms
[2020-08-29T22:23:54.338+0200][18.487s] GC(6)   Other: 0.2ms
[2020-08-29T22:23:54.339+0200][18.487s] GC(6) Eden regions: 144->0(192)
[2020-08-29T22:23:54.339+0200][18.487s] GC(6) Survivor regions: 6->9(19)
[2020-08-29T22:23:54.339+0200][18.487s] GC(6) Old regions: 21->21
[2020-08-29T22:23:54.339+0200][18.487s] GC(6) Humongous regions: 4->4
[2020-08-29T22:23:54.339+0200][18.487s] GC(6) Metaspace: 40290K->40290K(1085440K)
[2020-08-29T22:23:54.339+0200][18.487s] GC(6) Pause Young (Normal) (G1 Evacuation Pause) 172M->31M(512M) 6.460ms
[2020-08-29T22:23:54.339+0200][18.487s] GC(6) User=0.07s Sys=0.00s Real=0.01s
[2020-08-29T22:23:54.847+0200][18.995s] GC(7) Pause Young (Normal) (G1 Evacuation Pause)
[2020-08-29T22:23:54.847+0200][18.995s] GC(7) Using 10 workers of 10 for evacuation
[2020-08-29T22:23:54.852+0200][19.001s] GC(7)   Pre Evacuate Collection Set: 0.0ms
[2020-08-29T22:23:54.853+0200][19.001s] GC(7)   Evacuate Collection Set: 5.1ms
[2020-08-29T22:23:54.853+0200][19.001s] GC(7)   Post Evacuate Collection Set: 0.7ms
[2020-08-29T22:23:54.853+0200][19.001s] GC(7)   Other: 0.2ms
[2020-08-29T22:23:54.853+0200][19.001s] GC(7) Eden regions: 192->0(279)
[2020-08-29T22:23:54.853+0200][19.001s] GC(7) Survivor regions: 9->11(26)
[2020-08-29T22:23:54.853+0200][19.001s] GC(7) Old regions: 21->21
[2020-08-29T22:23:54.853+0200][19.001s] GC(7) Humongous regions: 5->4
[2020-08-29T22:23:54.853+0200][19.001s] GC(7) Metaspace: 42856K->42856K(1087488K)
[2020-08-29T22:23:54.853+0200][19.001s] GC(7) Pause Young (Normal) (G1 Evacuation Pause) 224M->33M(512M) 6.063ms
[2020-08-29T22:23:54.853+0200][19.001s] GC(7) User=0.05s Sys=0.00s Real=0.01s
[2020-08-29T22:25:57.256+0200][141.404s] GC(8) Pause Young (Normal) (G1 Evacuation Pause)
[2020-08-29T22:25:57.256+0200][141.404s] GC(8) Using 10 workers of 10 for evacuation
[2020-08-29T22:25:57.263+0200][141.411s] GC(8)   Pre Evacuate Collection Set: 0.0ms
[2020-08-29T22:25:57.263+0200][141.411s] GC(8)   Evacuate Collection Set: 6.2ms
[2020-08-29T22:25:57.263+0200][141.411s] GC(8)   Post Evacuate Collection Set: 0.9ms
[2020-08-29T22:25:57.263+0200][141.412s] GC(8)   Other: 0.2ms
[2020-08-29T22:25:57.263+0200][141.412s] GC(8) Eden regions: 279->0(290)
[2020-08-29T22:25:57.263+0200][141.412s] GC(8) Survivor regions: 11->17(37)
[2020-08-29T22:25:57.263+0200][141.412s] GC(8) Old regions: 21->21
[2020-08-29T22:25:57.263+0200][141.412s] GC(8) Humongous regions: 4->4
[2020-08-29T22:25:57.263+0200][141.412s] GC(8) Metaspace: 52776K->52776K(1097728K)
[2020-08-29T22:25:57.263+0200][141.412s] GC(8) Pause Young (Normal) (G1 Evacuation Pause) 312M->39M(512M) 7.275ms
[2020-08-29T22:25:57.263+0200][141.412s] GC(8) User=0.07s Sys=0.00s Real=0.01s
[2020-08-29T22:25:58.120+0200][142.268s] GC(9) Pause Young (Normal) (G1 Evacuation Pause)
[2020-08-29T22:25:58.120+0200][142.269s] GC(9) Using 10 workers of 10 for evacuation
[2020-08-29T22:25:58.129+0200][142.278s] GC(9)   Pre Evacuate Collection Set: 0.0ms
[2020-08-29T22:25:58.129+0200][142.278s] GC(9)   Evacuate Collection Set: 8.3ms
[2020-08-29T22:25:58.129+0200][142.278s] GC(9)   Post Evacuate Collection Set: 0.7ms
[2020-08-29T22:25:58.129+0200][142.278s] GC(9)   Other: 0.2ms
[2020-08-29T22:25:58.129+0200][142.278s] GC(9) Eden regions: 290->0(284)
[2020-08-29T22:25:58.129+0200][142.278s] GC(9) Survivor regions: 17->23(39)
[2020-08-29T22:25:58.129+0200][142.278s] GC(9) Old regions: 21->21
[2020-08-29T22:25:58.129+0200][142.278s] GC(9) Humongous regions: 4->4
[2020-08-29T22:25:58.129+0200][142.278s] GC(9) Metaspace: 53401K->53401K(1097728K)
[2020-08-29T22:25:58.129+0200][142.278s] GC(9) Pause Young (Normal) (G1 Evacuation Pause) 329M->45M(512M) 9.295ms
[2020-08-29T22:25:58.129+0200][142.278s] GC(9) User=0.10s Sys=0.00s Real=0.00s
[2020-08-29T22:29:05.456+0200][329.605s] GC(10) Pause Young (Normal) (G1 Evacuation Pause)
[2020-08-29T22:29:05.456+0200][329.605s] GC(10) Using 10 workers of 10 for evacuation
[2020-08-29T22:29:05.465+0200][329.614s] GC(10)   Pre Evacuate Collection Set: 0.0ms
[2020-08-29T22:29:05.465+0200][329.614s] GC(10)   Evacuate Collection Set: 6.2ms
[2020-08-29T22:29:05.465+0200][329.614s] GC(10)   Post Evacuate Collection Set: 2.5ms
[2020-08-29T22:29:05.465+0200][329.614s] GC(10)   Other: 0.2ms
[2020-08-29T22:29:05.465+0200][329.614s] GC(10) Eden regions: 284->0(285)
[2020-08-29T22:29:05.465+0200][329.614s] GC(10) Survivor regions: 23->22(39)
[2020-08-29T22:29:05.465+0200][329.614s] GC(10) Old regions: 21->24
[2020-08-29T22:29:05.465+0200][329.614s] GC(10) Humongous regions: 4->4
[2020-08-29T22:29:05.465+0200][329.614s] GC(10) Metaspace: 54608K->54608K(1099776K)
[2020-08-29T22:29:05.465+0200][329.614s] GC(10) Pause Young (Normal) (G1 Evacuation Pause) 329M->48M(512M) 8.896ms
[2020-08-29T22:29:05.465+0200][329.614s] GC(10) User=0.09s Sys=0.01s Real=0.01s
[2020-08-29T22:29:22.086+0200][346.235s] GC(11) Pause Young (Normal) (G1 Evacuation Pause)
[2020-08-29T22:29:22.086+0200][346.235s] GC(11) Using 10 workers of 10 for evacuation
[2020-08-29T22:29:22.095+0200][346.244s] GC(11)   Pre Evacuate Collection Set: 0.0ms
[2020-08-29T22:29:22.095+0200][346.244s] GC(11)   Evacuate Collection Set: 8.2ms
[2020-08-29T22:29:22.095+0200][346.244s] GC(11)   Post Evacuate Collection Set: 0.9ms
[2020-08-29T22:29:22.095+0200][346.244s] GC(11)   Other: 0.2ms
[2020-08-29T22:29:22.095+0200][346.244s] GC(11) Eden regions: 285->0(283)
[2020-08-29T22:29:22.095+0200][346.244s] GC(11) Survivor regions: 22->24(39)
[2020-08-29T22:29:22.095+0200][346.244s] GC(11) Old regions: 24->26
[2020-08-29T22:29:22.095+0200][346.244s] GC(11) Humongous regions: 7->7
[2020-08-29T22:29:22.095+0200][346.244s] GC(11) Metaspace: 57731K->57731K(1101824K)
[2020-08-29T22:29:22.095+0200][346.244s] GC(11) Pause Young (Normal) (G1 Evacuation Pause) 336M->55M(512M) 9.461ms
[2020-08-29T22:29:22.095+0200][346.244s] GC(11) User=0.10s Sys=0.00s Real=0.01s
[2020-08-29T22:29:22.252+0200][346.401s] GC(12) Pause Young (Concurrent Start) (Metadata GC Threshold)
[2020-08-29T22:29:22.252+0200][346.401s] GC(12) Using 10 workers of 10 for evacuation
[2020-08-29T22:29:22.264+0200][346.413s] GC(12)   Pre Evacuate Collection Set: 0.1ms
[2020-08-29T22:29:22.264+0200][346.413s] GC(12)   Evacuate Collection Set: 11.3ms
[2020-08-29T22:29:22.264+0200][346.413s] GC(12)   Post Evacuate Collection Set: 0.6ms
[2020-08-29T22:29:22.264+0200][346.413s] GC(12)   Other: 0.2ms
[2020-08-29T22:29:22.264+0200][346.413s] GC(12) Eden regions: 12->0(285)
[2020-08-29T22:29:22.264+0200][346.413s] GC(12) Survivor regions: 24->22(39)
[2020-08-29T22:29:22.264+0200][346.413s] GC(12) Old regions: 26->29
[2020-08-29T22:29:22.264+0200][346.413s] GC(12) Humongous regions: 7->7
[2020-08-29T22:29:22.264+0200][346.413s] GC(12) Metaspace: 58587K->58587K(1101824K)
[2020-08-29T22:29:22.264+0200][346.413s] GC(12) Pause Young (Concurrent Start) (Metadata GC Threshold) 66M->56M(512M) 12.362ms
[2020-08-29T22:29:22.264+0200][346.413s] GC(12) User=0.08s Sys=0.00s Real=0.01s
[2020-08-29T22:29:22.264+0200][346.413s] GC(13) Concurrent Cycle
[2020-08-29T22:29:22.264+0200][346.413s] GC(13) Concurrent Clear Claimed Marks
[2020-08-29T22:29:22.264+0200][346.413s] GC(13) Concurrent Clear Claimed Marks 0.098ms
[2020-08-29T22:29:22.264+0200][346.413s] GC(13) Concurrent Scan Root Regions
[2020-08-29T22:29:22.268+0200][346.417s] GC(13) Concurrent Scan Root Regions 3.773ms
[2020-08-29T22:29:22.268+0200][346.417s] GC(13) Concurrent Mark (346.417s)
[2020-08-29T22:29:22.268+0200][346.417s] GC(13) Concurrent Mark From Roots
[2020-08-29T22:29:22.268+0200][346.417s] GC(13) Using 3 workers of 3 for marking
[2020-08-29T22:29:22.285+0200][346.434s] GC(13) Concurrent Mark From Roots 16.752ms
[2020-08-29T22:29:22.285+0200][346.434s] GC(13) Concurrent Preclean
[2020-08-29T22:29:22.285+0200][346.434s] GC(13) Concurrent Preclean 0.260ms
[2020-08-29T22:29:22.285+0200][346.434s] GC(13) Concurrent Mark (346.417s, 346.434s) 17.117ms
[2020-08-29T22:29:22.285+0200][346.434s] GC(13) Pause Remark
[2020-08-29T22:29:22.292+0200][346.441s] GC(13) Cleaned string and symbol table, strings: 27377 processed, 11 removed, symbols: 153789 processed, 592 removed
[2020-08-29T22:29:22.292+0200][346.441s] GC(13) Pause Remark 59M->59M(512M) 7.028ms
[2020-08-29T22:29:22.293+0200][346.441s] GC(13) User=0.06s Sys=0.01s Real=0.01s
[2020-08-29T22:29:22.293+0200][346.441s] GC(13) Concurrent Rebuild Remembered Sets
[2020-08-29T22:29:22.306+0200][346.455s] GC(13) Concurrent Rebuild Remembered Sets 13.106ms
[2020-08-29T22:29:22.306+0200][346.455s] GC(13) Pause Cleanup
[2020-08-29T22:29:22.306+0200][346.455s] GC(13) Pause Cleanup 59M->59M(512M) 0.129ms
[2020-08-29T22:29:22.306+0200][346.455s] GC(13) User=0.00s Sys=0.00s Real=0.00s
[2020-08-29T22:29:22.306+0200][346.455s] GC(13) Concurrent Cleanup for Next Mark
[2020-08-29T22:29:22.307+0200][346.455s] GC(13) Concurrent Cleanup for Next Mark 0.342ms
[2020-08-29T22:29:22.307+0200][346.455s] GC(13) Concurrent Cycle 42.479ms
[2020-08-29T22:45:55.752+0200][1339.901s] GC(14) Pause Young (Normal) (G1 Evacuation Pause)
[2020-08-29T22:45:55.752+0200][1339.901s] GC(14) Using 10 workers of 10 for evacuation
[2020-08-29T22:45:55.760+0200][1339.909s] GC(14)   Pre Evacuate Collection Set: 0.0ms
[2020-08-29T22:45:55.761+0200][1339.909s] GC(14)   Evacuate Collection Set: 7.7ms
[2020-08-29T22:45:55.761+0200][1339.909s] GC(14)   Post Evacuate Collection Set: 0.8ms
[2020-08-29T22:45:55.761+0200][1339.909s] GC(14)   Other: 0.2ms
[2020-08-29T22:45:55.761+0200][1339.909s] GC(14) Eden regions: 285->0(284)
[2020-08-29T22:45:55.761+0200][1339.909s] GC(14) Survivor regions: 22->23(39)
[2020-08-29T22:45:55.761+0200][1339.909s] GC(14) Old regions: 29->29
[2020-08-29T22:45:55.761+0200][1339.909s] GC(14) Humongous regions: 7->7
[2020-08-29T22:45:55.761+0200][1339.909s] GC(14) Metaspace: 59921K->59921K(1103872K)
[2020-08-29T22:45:55.761+0200][1339.909s] GC(14) Pause Young (Normal) (G1 Evacuation Pause) 341M->56M(512M) 8.716ms
[2020-08-29T22:45:55.761+0200][1339.909s] GC(14) User=0.10s Sys=0.00s Real=0.01s
[2020-08-29T22:49:14.023+0200][1538.172s] GC(15) Pause Young (Normal) (G1 Evacuation Pause)
[2020-08-29T22:49:14.023+0200][1538.172s] GC(15) Using 10 workers of 10 for evacuation
[2020-08-29T22:49:14.033+0200][1538.182s] GC(15)   Pre Evacuate Collection Set: 0.0ms
[2020-08-29T22:49:14.033+0200][1538.182s] GC(15)   Evacuate Collection Set: 7.5ms
[2020-08-29T22:49:14.033+0200][1538.182s] GC(15)   Post Evacuate Collection Set: 2.6ms
[2020-08-29T22:49:14.033+0200][1538.182s] GC(15)   Other: 0.2ms
[2020-08-29T22:49:14.033+0200][1538.182s] GC(15) Eden regions: 284->0(287)
[2020-08-29T22:49:14.033+0200][1538.182s] GC(15) Survivor regions: 23->20(39)
[2020-08-29T22:49:14.033+0200][1538.182s] GC(15) Old regions: 29->32
[2020-08-29T22:49:14.033+0200][1538.182s] GC(15) Humongous regions: 7->7
[2020-08-29T22:49:14.033+0200][1538.182s] GC(15) Metaspace: 60308K->60308K(1103872K)
[2020-08-29T22:49:14.033+0200][1538.182s] GC(15) Pause Young (Normal) (G1 Evacuation Pause) 340M->56M(512M) 10.450ms
[2020-08-29T22:49:14.033+0200][1538.182s] GC(15) User=0.09s Sys=0.01s Real=0.01s
[2020-08-30T21:14:46.073+0200][5064.117s] GC(16) Pause Young (Normal) (G1 Evacuation Pause)
[2020-08-30T21:14:46.073+0200][5064.117s] GC(16) Using 10 workers of 10 for evacuation
[2020-08-30T21:14:46.081+0200][5064.126s] GC(16)   Pre Evacuate Collection Set: 0.0ms
[2020-08-30T21:14:46.081+0200][5064.126s] GC(16)   Evacuate Collection Set: 4.5ms
[2020-08-30T21:14:46.081+0200][5064.126s] GC(16)   Post Evacuate Collection Set: 3.5ms
[2020-08-30T21:14:46.081+0200][5064.126s] GC(16)   Other: 0.2ms
[2020-08-30T21:14:46.081+0200][5064.126s] GC(16) Eden regions: 287->0(288)
[2020-08-30T21:14:46.081+0200][5064.126s] GC(16) Survivor regions: 20->19(39)
[2020-08-30T21:14:46.081+0200][5064.126s] GC(16) Old regions: 32->32
[2020-08-30T21:14:46.081+0200][5064.126s] GC(16) Humongous regions: 7->7
[2020-08-30T21:14:46.081+0200][5064.126s] GC(16) Metaspace: 61030K->61030K(1105920K)
[2020-08-30T21:14:46.081+0200][5064.126s] GC(16) Pause Young (Normal) (G1 Evacuation Pause) 343M->55M(512M) 8.263ms
[2020-08-30T21:14:46.081+0200][5064.126s] GC(16) User=0.07s Sys=0.00s Real=0.01s
[2020-08-30T21:19:51.299+0200][5369.343s] GC(17) Pause Young (Normal) (G1 Evacuation Pause)
[2020-08-30T21:19:51.299+0200][5369.343s] GC(17) Using 10 workers of 10 for evacuation
[2020-08-30T21:19:51.306+0200][5369.351s] GC(17)   Pre Evacuate Collection Set: 0.0ms
[2020-08-30T21:19:51.306+0200][5369.351s] GC(17)   Evacuate Collection Set: 6.5ms
[2020-08-30T21:19:51.306+0200][5369.351s] GC(17)   Post Evacuate Collection Set: 0.8ms
[2020-08-30T21:19:51.306+0200][5369.351s] GC(17)   Other: 0.2ms
[2020-08-30T21:19:51.306+0200][5369.351s] GC(17) Eden regions: 288->0(287)
[2020-08-30T21:19:51.306+0200][5369.351s] GC(17) Survivor regions: 19->20(39)
[2020-08-30T21:19:51.306+0200][5369.351s] GC(17) Old regions: 32->32
[2020-08-30T21:19:51.306+0200][5369.351s] GC(17) Humongous regions: 7->7
[2020-08-30T21:19:51.306+0200][5369.351s] GC(17) Metaspace: 61217K->61217K(1105920K)
[2020-08-30T21:19:51.306+0200][5369.351s] GC(17) Pause Young (Normal) (G1 Evacuation Pause) 343M->56M(512M) 7.662ms
[2020-08-30T21:19:51.306+0200][5369.351s] GC(17) User=0.07s Sys=0.00s Real=0.01s
[2020-08-30T21:30:53.557+0200][6031.601s] GC(18) Pause Young (Normal) (G1 Evacuation Pause)
[2020-08-30T21:30:53.557+0200][6031.601s] GC(18) Using 10 workers of 10 for evacuation
[2020-08-30T21:30:53.565+0200][6031.609s] GC(18)   Pre Evacuate Collection Set: 0.0ms
[2020-08-30T21:30:53.565+0200][6031.609s] GC(18)   Evacuate Collection Set: 5.2ms
[2020-08-30T21:30:53.565+0200][6031.609s] GC(18)   Post Evacuate Collection Set: 2.3ms
[2020-08-30T21:30:53.565+0200][6031.609s] GC(18)   Other: 0.2ms
[2020-08-30T21:30:53.565+0200][6031.609s] GC(18) Eden regions: 287->0(287)
[2020-08-30T21:30:53.565+0200][6031.609s] GC(18) Survivor regions: 20->20(39)
[2020-08-30T21:30:53.565+0200][6031.609s] GC(18) Old regions: 32->32
[2020-08-30T21:30:53.565+0200][6031.609s] GC(18) Humongous regions: 7->7
[2020-08-30T21:30:53.565+0200][6031.609s] GC(18) Metaspace: 61401K->61401K(1105920K)
[2020-08-30T21:30:53.565+0200][6031.609s] GC(18) Pause Young (Normal) (G1 Evacuation Pause) 343M->57M(512M) 7.768ms
[2020-08-30T21:30:53.565+0200][6031.609s] GC(18) User=0.08s Sys=0.00s Real=0.01s
[2020-08-30T21:34:57.233+0200][6275.278s] GC(19) Pause Young (Normal) (G1 Evacuation Pause)
[2020-08-30T21:34:57.233+0200][6275.278s] GC(19) Using 10 workers of 10 for evacuation
[2020-08-30T21:34:57.240+0200][6275.284s] GC(19)   Pre Evacuate Collection Set: 0.0ms
[2020-08-30T21:34:57.240+0200][6275.284s] GC(19)   Evacuate Collection Set: 5.8ms
[2020-08-30T21:34:57.240+0200][6275.284s] GC(19)   Post Evacuate Collection Set: 0.8ms
[2020-08-30T21:34:57.240+0200][6275.284s] GC(19)   Other: 0.2ms
[2020-08-30T21:34:57.240+0200][6275.284s] GC(19) Eden regions: 287->0(287)
[2020-08-30T21:34:57.240+0200][6275.284s] GC(19) Survivor regions: 20->20(39)
[2020-08-30T21:34:57.240+0200][6275.284s] GC(19) Old regions: 32->32
[2020-08-30T21:34:57.240+0200][6275.284s] GC(19) Humongous regions: 7->7
[2020-08-30T21:34:57.240+0200][6275.284s] GC(19) Metaspace: 61579K->61579K(1105920K)
[2020-08-30T21:34:57.240+0200][6275.284s] GC(19) Pause Young (Normal) (G1 Evacuation Pause) 344M->56M(512M) 6.918ms
[2020-08-30T21:34:57.240+0200][6275.284s] GC(19) User=0.07s Sys=0.00s Real=0.01s
[2020-08-30T21:36:12.640+0200][6350.684s] GC(20) Pause Young (Normal) (G1 Evacuation Pause)
[2020-08-30T21:36:12.640+0200][6350.684s] GC(20) Using 10 workers of 10 for evacuation
[2020-08-30T21:36:12.646+0200][6350.691s] GC(20)   Pre Evacuate Collection Set: 0.0ms
[2020-08-30T21:36:12.646+0200][6350.691s] GC(20)   Evacuate Collection Set: 5.8ms
[2020-08-30T21:36:12.646+0200][6350.691s] GC(20)   Post Evacuate Collection Set: 0.8ms
[2020-08-30T21:36:12.646+0200][6350.691s] GC(20)   Other: 0.2ms
[2020-08-30T21:36:12.646+0200][6350.691s] GC(20) Eden regions: 287->0(287)
[2020-08-30T21:36:12.646+0200][6350.691s] GC(20) Survivor regions: 20->20(39)
[2020-08-30T21:36:12.646+0200][6350.691s] GC(20) Old regions: 32->32
[2020-08-30T21:36:12.646+0200][6350.691s] GC(20) Humongous regions: 7->7
[2020-08-30T21:36:12.646+0200][6350.691s] GC(20) Metaspace: 61619K->61619K(1105920K)
[2020-08-30T21:36:12.646+0200][6350.691s] GC(20) Pause Young (Normal) (G1 Evacuation Pause) 343M->57M(512M) 6.895ms
[2020-08-30T21:36:12.646+0200][6350.691s] GC(20) User=0.07s Sys=0.00s Real=0.01s
