[2020-07-24T22:14:35.157+0200][0.008s] Heap region size: 1M
[2020-07-24T22:14:35.172+0200][0.023s] Using G1
[2020-07-24T22:14:35.172+0200][0.023s] Heap address: 0x00000000e0000000, size: 512 MB, Compressed Oops mode: 32-bit
[2020-07-24T22:14:35.172+0200][0.023s] Mark closed archive regions in map: [0x00000000fff00000, 0x00000000fff69ff8]
[2020-07-24T22:14:35.172+0200][0.023s] Mark open archive regions in map: [0x00000000ffe00000, 0x00000000ffe46ff8]
[2020-07-24T22:14:35.566+0200][0.417s] GC(0) Pause Young (Normal) (G1 Evacuation Pause)
[2020-07-24T22:14:35.567+0200][0.418s] GC(0) Using 10 workers of 10 for evacuation
[2020-07-24T22:14:35.575+0200][0.426s] GC(0)   Pre Evacuate Collection Set: 0.0ms
[2020-07-24T22:14:35.575+0200][0.426s] GC(0)   Evacuate Collection Set: 7.3ms
[2020-07-24T22:14:35.575+0200][0.426s] GC(0)   Post Evacuate Collection Set: 0.4ms
[2020-07-24T22:14:35.575+0200][0.426s] GC(0)   Other: 1.3ms
[2020-07-24T22:14:35.575+0200][0.426s] GC(0) Eden regions: 30->0(304)
[2020-07-24T22:14:35.575+0200][0.426s] GC(0) Survivor regions: 0->3(4)
[2020-07-24T22:14:35.575+0200][0.426s] GC(0) Old regions: 2->2
[2020-07-24T22:14:35.575+0200][0.426s] GC(0) Humongous regions: 0->0
[2020-07-24T22:14:35.575+0200][0.426s] GC(0) Metaspace: 6543K->6543K(1056768K)
[2020-07-24T22:14:35.575+0200][0.426s] GC(0) Pause Young (Normal) (G1 Evacuation Pause) 30M->3M(512M) 9.016ms
[2020-07-24T22:14:35.575+0200][0.426s] GC(0) User=0.07s Sys=0.01s Real=0.01s
[2020-07-24T22:14:36.466+0200][1.317s] GC(1) Pause Young (Concurrent Start) (Metadata GC Threshold)
[2020-07-24T22:14:36.466+0200][1.317s] GC(1) Using 10 workers of 10 for evacuation
[2020-07-24T22:14:36.481+0200][1.332s] GC(1)   Pre Evacuate Collection Set: 0.1ms
[2020-07-24T22:14:36.481+0200][1.332s] GC(1)   Evacuate Collection Set: 14.4ms
[2020-07-24T22:14:36.481+0200][1.332s] GC(1)   Post Evacuate Collection Set: 0.8ms
[2020-07-24T22:14:36.481+0200][1.332s] GC(1)   Other: 0.2ms
[2020-07-24T22:14:36.481+0200][1.332s] GC(1) Eden regions: 100->0(89)
[2020-07-24T22:14:36.481+0200][1.332s] GC(1) Survivor regions: 3->19(39)
[2020-07-24T22:14:36.481+0200][1.332s] GC(1) Old regions: 2->2
[2020-07-24T22:14:36.481+0200][1.332s] GC(1) Humongous regions: 4->4
[2020-07-24T22:14:36.481+0200][1.332s] GC(1) Metaspace: 20389K->20389K(1069056K)
[2020-07-24T22:14:36.481+0200][1.332s] GC(1) Pause Young (Concurrent Start) (Metadata GC Threshold) 107M->23M(512M) 15.578ms
[2020-07-24T22:14:36.481+0200][1.332s] GC(1) User=0.07s Sys=0.00s Real=0.02s
[2020-07-24T22:14:36.481+0200][1.332s] GC(2) Concurrent Cycle
[2020-07-24T22:14:36.481+0200][1.332s] GC(2) Concurrent Clear Claimed Marks
[2020-07-24T22:14:36.481+0200][1.332s] GC(2) Concurrent Clear Claimed Marks 0.029ms
[2020-07-24T22:14:36.481+0200][1.332s] GC(2) Concurrent Scan Root Regions
[2020-07-24T22:14:36.485+0200][1.336s] GC(2) Concurrent Scan Root Regions 3.796ms
[2020-07-24T22:14:36.485+0200][1.336s] GC(2) Concurrent Mark (1.336s)
[2020-07-24T22:14:36.485+0200][1.336s] GC(2) Concurrent Mark From Roots
[2020-07-24T22:14:36.485+0200][1.336s] GC(2) Using 3 workers of 3 for marking
[2020-07-24T22:14:36.490+0200][1.341s] GC(2) Concurrent Mark From Roots 4.681ms
[2020-07-24T22:14:36.490+0200][1.341s] GC(2) Concurrent Preclean
[2020-07-24T22:14:36.490+0200][1.341s] GC(2) Concurrent Preclean 0.113ms
[2020-07-24T22:14:36.490+0200][1.341s] GC(2) Concurrent Mark (1.336s, 1.341s) 4.845ms
[2020-07-24T22:14:36.490+0200][1.341s] GC(2) Pause Remark
[2020-07-24T22:14:36.491+0200][1.342s] GC(2) Cleaned string and symbol table, strings: 9061 processed, 0 removed, symbols: 61835 processed, 27 removed
[2020-07-24T22:14:36.492+0200][1.342s] GC(2) Pause Remark 23M->23M(512M) 1.224ms
[2020-07-24T22:14:36.492+0200][1.342s] GC(2) User=0.01s Sys=0.00s Real=0.00s
[2020-07-24T22:14:36.492+0200][1.342s] GC(2) Concurrent Rebuild Remembered Sets
[2020-07-24T22:14:36.493+0200][1.344s] GC(2) Concurrent Rebuild Remembered Sets 1.834ms
[2020-07-24T22:14:36.494+0200][1.344s] GC(2) Pause Cleanup
[2020-07-24T22:14:36.494+0200][1.345s] GC(2) Pause Cleanup 24M->24M(512M) 0.208ms
[2020-07-24T22:14:36.494+0200][1.345s] GC(2) User=0.00s Sys=0.00s Real=0.00s
[2020-07-24T22:14:36.494+0200][1.345s] GC(2) Concurrent Cleanup for Next Mark
[2020-07-24T22:14:36.494+0200][1.345s] GC(2) Concurrent Cleanup for Next Mark 0.269ms
[2020-07-24T22:14:36.494+0200][1.345s] GC(2) Concurrent Cycle 12.641ms
[2020-07-24T22:14:37.148+0200][1.999s] GC(3) Pause Young (Normal) (G1 Evacuation Pause)
[2020-07-24T22:14:37.148+0200][1.999s] GC(3) Using 10 workers of 10 for evacuation
[2020-07-24T22:14:37.159+0200][2.010s] GC(3)   Pre Evacuate Collection Set: 0.0ms
[2020-07-24T22:14:37.159+0200][2.010s] GC(3)   Evacuate Collection Set: 10.4ms
[2020-07-24T22:14:37.159+0200][2.010s] GC(3)   Post Evacuate Collection Set: 0.5ms
[2020-07-24T22:14:37.159+0200][2.010s] GC(3)   Other: 0.1ms
[2020-07-24T22:14:37.159+0200][2.010s] GC(3) Eden regions: 71->0(115)
[2020-07-24T22:14:37.159+0200][2.010s] GC(3) Survivor regions: 19->5(12)
[2020-07-24T22:14:37.159+0200][2.010s] GC(3) Old regions: 2->20
[2020-07-24T22:14:37.159+0200][2.010s] GC(3) Humongous regions: 4->4
[2020-07-24T22:14:37.159+0200][2.010s] GC(3) Metaspace: 29958K->29958K(1077248K)
[2020-07-24T22:14:37.159+0200][2.010s] GC(3) Pause Young (Normal) (G1 Evacuation Pause) 94M->27M(512M) 11.111ms
[2020-07-24T22:14:37.159+0200][2.010s] GC(3) User=0.10s Sys=0.02s Real=0.01s
[2020-07-24T22:14:37.989+0200][2.840s] GC(4) Pause Young (Concurrent Start) (Metadata GC Threshold)
[2020-07-24T22:14:37.989+0200][2.840s] GC(4) Using 10 workers of 10 for evacuation
[2020-07-24T22:14:37.995+0200][2.846s] GC(4)   Pre Evacuate Collection Set: 0.1ms
[2020-07-24T22:14:37.995+0200][2.846s] GC(4)   Evacuate Collection Set: 4.8ms
[2020-07-24T22:14:37.995+0200][2.846s] GC(4)   Post Evacuate Collection Set: 1.4ms
[2020-07-24T22:14:37.995+0200][2.846s] GC(4)   Other: 0.2ms
[2020-07-24T22:14:37.995+0200][2.846s] GC(4) Eden regions: 59->0(113)
[2020-07-24T22:14:37.995+0200][2.846s] GC(4) Survivor regions: 5->7(15)
[2020-07-24T22:14:37.995+0200][2.846s] GC(4) Old regions: 20->20
[2020-07-24T22:14:37.995+0200][2.846s] GC(4) Humongous regions: 4->4
[2020-07-24T22:14:37.995+0200][2.846s] GC(4) Metaspace: 34768K->34768K(1081344K)
[2020-07-24T22:14:37.996+0200][2.846s] GC(4) Pause Young (Concurrent Start) (Metadata GC Threshold) 86M->29M(512M) 6.554ms
[2020-07-24T22:14:37.996+0200][2.846s] GC(4) User=0.04s Sys=0.00s Real=0.01s
[2020-07-24T22:14:37.996+0200][2.846s] GC(5) Concurrent Cycle
[2020-07-24T22:14:37.996+0200][2.846s] GC(5) Concurrent Clear Claimed Marks
[2020-07-24T22:14:37.996+0200][2.846s] GC(5) Concurrent Clear Claimed Marks 0.018ms
[2020-07-24T22:14:37.996+0200][2.846s] GC(5) Concurrent Scan Root Regions
[2020-07-24T22:14:37.998+0200][2.848s] GC(5) Concurrent Scan Root Regions 1.937ms
[2020-07-24T22:14:37.998+0200][2.848s] GC(5) Concurrent Mark (2.848s)
[2020-07-24T22:14:37.998+0200][2.848s] GC(5) Concurrent Mark From Roots
[2020-07-24T22:14:37.998+0200][2.848s] GC(5) Using 3 workers of 3 for marking
[2020-07-24T22:14:38.010+0200][2.861s] GC(5) Concurrent Mark From Roots 12.329ms
[2020-07-24T22:14:38.010+0200][2.861s] GC(5) Concurrent Preclean
[2020-07-24T22:14:38.010+0200][2.861s] GC(5) Concurrent Preclean 0.179ms
[2020-07-24T22:14:38.010+0200][2.861s] GC(5) Concurrent Mark (2.848s, 2.861s) 12.552ms
[2020-07-24T22:14:38.010+0200][2.861s] GC(5) Pause Remark
[2020-07-24T22:14:38.012+0200][2.863s] GC(5) Cleaned string and symbol table, strings: 15325 processed, 25 removed, symbols: 103022 processed, 70 removed
[2020-07-24T22:14:38.013+0200][2.863s] GC(5) Pause Remark 30M->30M(512M) 2.267ms
[2020-07-24T22:14:38.013+0200][2.863s] GC(5) User=0.03s Sys=0.00s Real=0.01s
[2020-07-24T22:14:38.013+0200][2.864s] GC(5) Concurrent Rebuild Remembered Sets
[2020-07-24T22:14:38.021+0200][2.871s] GC(5) Concurrent Rebuild Remembered Sets 7.743ms
[2020-07-24T22:14:38.021+0200][2.872s] GC(5) Pause Cleanup
[2020-07-24T22:14:38.021+0200][2.872s] GC(5) Pause Cleanup 33M->33M(512M) 0.207ms
[2020-07-24T22:14:38.021+0200][2.872s] GC(5) User=0.00s Sys=0.00s Real=0.00s
[2020-07-24T22:14:38.021+0200][2.872s] GC(5) Concurrent Cleanup for Next Mark
[2020-07-24T22:14:38.021+0200][2.872s] GC(5) Concurrent Cleanup for Next Mark 0.258ms
[2020-07-24T22:14:38.021+0200][2.872s] GC(5) Concurrent Cycle 25.932ms
[2020-07-24T22:14:38.557+0200][3.408s] GC(6) Pause Young (Normal) (G1 Evacuation Pause)
[2020-07-24T22:14:38.557+0200][3.408s] GC(6) Using 10 workers of 10 for evacuation
[2020-07-24T22:14:38.563+0200][3.414s] GC(6)   Pre Evacuate Collection Set: 0.0ms
[2020-07-24T22:14:38.563+0200][3.414s] GC(6)   Evacuate Collection Set: 5.0ms
[2020-07-24T22:14:38.563+0200][3.414s] GC(6)   Post Evacuate Collection Set: 0.6ms
[2020-07-24T22:14:38.563+0200][3.414s] GC(6)   Other: 0.2ms
[2020-07-24T22:14:38.563+0200][3.414s] GC(6) Eden regions: 113->0(169)
[2020-07-24T22:14:38.563+0200][3.414s] GC(6) Survivor regions: 7->9(15)
[2020-07-24T22:14:38.563+0200][3.414s] GC(6) Old regions: 20->20
[2020-07-24T22:14:38.563+0200][3.414s] GC(6) Humongous regions: 4->4
[2020-07-24T22:14:38.563+0200][3.414s] GC(6) Metaspace: 38863K->38863K(1085440K)
[2020-07-24T22:14:38.563+0200][3.414s] GC(6) Pause Young (Normal) (G1 Evacuation Pause) 142M->30M(512M) 5.988ms
[2020-07-24T22:14:38.563+0200][3.414s] GC(6) User=0.05s Sys=0.00s Real=0.01s
[2020-07-24T22:14:55.066+0200][19.916s] GC(7) Pause Young (Normal) (G1 Evacuation Pause)
[2020-07-24T22:14:55.066+0200][19.916s] GC(7) Using 10 workers of 10 for evacuation
[2020-07-24T22:14:55.073+0200][19.923s] GC(7)   Pre Evacuate Collection Set: 0.0ms
[2020-07-24T22:14:55.073+0200][19.923s] GC(7)   Evacuate Collection Set: 5.3ms
[2020-07-24T22:14:55.073+0200][19.923s] GC(7)   Post Evacuate Collection Set: 1.4ms
[2020-07-24T22:14:55.073+0200][19.923s] GC(7)   Other: 0.4ms
[2020-07-24T22:14:55.073+0200][19.923s] GC(7) Eden regions: 169->0(296)
[2020-07-24T22:14:55.073+0200][19.923s] GC(7) Survivor regions: 9->11(23)
[2020-07-24T22:14:55.073+0200][19.923s] GC(7) Old regions: 20->20
[2020-07-24T22:14:55.073+0200][19.923s] GC(7) Humongous regions: 5->4
[2020-07-24T22:14:55.073+0200][19.923s] GC(7) Metaspace: 44450K->44450K(1089536K)
[2020-07-24T22:14:55.073+0200][19.923s] GC(7) Pause Young (Normal) (G1 Evacuation Pause) 200M->32M(512M) 7.138ms
[2020-07-24T22:14:55.073+0200][19.923s] GC(7) User=0.06s Sys=0.01s Real=0.01s
[2020-07-24T22:14:56.192+0200][21.043s] GC(8) Pause Young (Normal) (G1 Evacuation Pause)
[2020-07-24T22:14:56.192+0200][21.043s] GC(8) Using 10 workers of 10 for evacuation
[2020-07-24T22:14:56.201+0200][21.052s] GC(8)   Pre Evacuate Collection Set: 0.0ms
[2020-07-24T22:14:56.201+0200][21.052s] GC(8)   Evacuate Collection Set: 7.2ms
[2020-07-24T22:14:56.201+0200][21.052s] GC(8)   Post Evacuate Collection Set: 1.5ms
[2020-07-24T22:14:56.201+0200][21.052s] GC(8)   Other: 0.3ms
[2020-07-24T22:14:56.201+0200][21.052s] GC(8) Eden regions: 296->0(291)
[2020-07-24T22:14:56.201+0200][21.052s] GC(8) Survivor regions: 11->16(39)
[2020-07-24T22:14:56.201+0200][21.052s] GC(8) Old regions: 20->20
[2020-07-24T22:14:56.201+0200][21.052s] GC(8) Humongous regions: 4->4
[2020-07-24T22:14:56.201+0200][21.052s] GC(8) Metaspace: 52292K->52292K(1095680K)
[2020-07-24T22:14:56.201+0200][21.052s] GC(8) Pause Young (Normal) (G1 Evacuation Pause) 328M->37M(512M) 9.103ms
[2020-07-24T22:14:56.201+0200][21.052s] GC(8) User=0.10s Sys=0.00s Real=0.02s
[2020-07-24T22:15:23.218+0200][48.069s] GC(9) Pause Young (Normal) (G1 Evacuation Pause)
[2020-07-24T22:15:23.218+0200][48.069s] GC(9) Using 10 workers of 10 for evacuation
[2020-07-24T22:15:23.225+0200][48.075s] GC(9)   Pre Evacuate Collection Set: 0.0ms
[2020-07-24T22:15:23.225+0200][48.075s] GC(9)   Evacuate Collection Set: 5.8ms
[2020-07-24T22:15:23.225+0200][48.075s] GC(9)   Post Evacuate Collection Set: 0.7ms
[2020-07-24T22:15:23.225+0200][48.075s] GC(9)   Other: 0.2ms
[2020-07-24T22:15:23.225+0200][48.075s] GC(9) Eden regions: 291->0(287)
[2020-07-24T22:15:23.225+0200][48.075s] GC(9) Survivor regions: 16->20(39)
[2020-07-24T22:15:23.225+0200][48.075s] GC(9) Old regions: 20->20
[2020-07-24T22:15:23.225+0200][48.075s] GC(9) Humongous regions: 7->7
[2020-07-24T22:15:23.225+0200][48.075s] GC(9) Metaspace: 55115K->55115K(1099776K)
[2020-07-24T22:15:23.225+0200][48.076s] GC(9) Pause Young (Normal) (G1 Evacuation Pause) 331M->45M(512M) 6.747ms
[2020-07-24T22:15:23.225+0200][48.076s] GC(9) User=0.06s Sys=0.01s Real=0.01s
