[2020-07-27T15:59:13.708+0200][0.010s] Heap region size: 1M
[2020-07-27T15:59:13.728+0200][0.030s] Using G1
[2020-07-27T15:59:13.728+0200][0.030s] Heap address: 0x00000000e0000000, size: 512 MB, Compressed Oops mode: 32-bit
[2020-07-27T15:59:13.729+0200][0.030s] Mark closed archive regions in map: [0x00000000fff00000, 0x00000000fff69ff8]
[2020-07-27T15:59:13.729+0200][0.030s] Mark open archive regions in map: [0x00000000ffe00000, 0x00000000ffe46ff8]
[2020-07-27T15:59:14.251+0200][0.553s] GC(0) Pause Young (Normal) (G1 Evacuation Pause)
[2020-07-27T15:59:14.252+0200][0.554s] GC(0) Using 10 workers of 10 for evacuation
[2020-07-27T15:59:14.261+0200][0.562s] GC(0)   Pre Evacuate Collection Set: 0.0ms
[2020-07-27T15:59:14.261+0200][0.562s] GC(0)   Evacuate Collection Set: 7.6ms
[2020-07-27T15:59:14.261+0200][0.562s] GC(0)   Post Evacuate Collection Set: 0.5ms
[2020-07-27T15:59:14.261+0200][0.562s] GC(0)   Other: 1.1ms
[2020-07-27T15:59:14.261+0200][0.562s] GC(0) Eden regions: 30->0(304)
[2020-07-27T15:59:14.261+0200][0.562s] GC(0) Survivor regions: 0->3(4)
[2020-07-27T15:59:14.261+0200][0.562s] GC(0) Old regions: 2->2
[2020-07-27T15:59:14.261+0200][0.562s] GC(0) Humongous regions: 0->0
[2020-07-27T15:59:14.261+0200][0.562s] GC(0) Metaspace: 6514K->6514K(1056768K)
[2020-07-27T15:59:14.261+0200][0.562s] GC(0) Pause Young (Normal) (G1 Evacuation Pause) 30M->3M(512M) 9.276ms
[2020-07-27T15:59:14.261+0200][0.562s] GC(0) User=0.09s Sys=0.00s Real=0.01s
[2020-07-27T15:59:15.198+0200][1.499s] GC(1) Pause Young (Concurrent Start) (Metadata GC Threshold)
[2020-07-27T15:59:15.198+0200][1.499s] GC(1) Using 10 workers of 10 for evacuation
[2020-07-27T15:59:15.212+0200][1.513s] GC(1)   Pre Evacuate Collection Set: 0.0ms
[2020-07-27T15:59:15.212+0200][1.513s] GC(1)   Evacuate Collection Set: 11.9ms
[2020-07-27T15:59:15.212+0200][1.513s] GC(1)   Post Evacuate Collection Set: 1.9ms
[2020-07-27T15:59:15.212+0200][1.513s] GC(1)   Other: 0.3ms
[2020-07-27T15:59:15.212+0200][1.513s] GC(1) Eden regions: 100->0(99)
[2020-07-27T15:59:15.212+0200][1.513s] GC(1) Survivor regions: 3->19(39)
[2020-07-27T15:59:15.212+0200][1.513s] GC(1) Old regions: 2->2
[2020-07-27T15:59:15.212+0200][1.513s] GC(1) Humongous regions: 4->4
[2020-07-27T15:59:15.212+0200][1.513s] GC(1) Metaspace: 20494K->20494K(1069056K)
[2020-07-27T15:59:15.212+0200][1.513s] GC(1) Pause Young (Concurrent Start) (Metadata GC Threshold) 107M->23M(512M) 14.200ms
[2020-07-27T15:59:15.212+0200][1.513s] GC(1) User=0.08s Sys=0.01s Real=0.01s
[2020-07-27T15:59:15.212+0200][1.513s] GC(2) Concurrent Cycle
[2020-07-27T15:59:15.212+0200][1.513s] GC(2) Concurrent Clear Claimed Marks
[2020-07-27T15:59:15.212+0200][1.513s] GC(2) Concurrent Clear Claimed Marks 0.038ms
[2020-07-27T15:59:15.212+0200][1.513s] GC(2) Concurrent Scan Root Regions
[2020-07-27T15:59:15.216+0200][1.517s] GC(2) Concurrent Scan Root Regions 3.957ms
[2020-07-27T15:59:15.216+0200][1.517s] GC(2) Concurrent Mark (1.517s)
[2020-07-27T15:59:15.216+0200][1.517s] GC(2) Concurrent Mark From Roots
[2020-07-27T15:59:15.216+0200][1.517s] GC(2) Using 3 workers of 3 for marking
[2020-07-27T15:59:15.220+0200][1.521s] GC(2) Concurrent Mark From Roots 3.664ms
[2020-07-27T15:59:15.220+0200][1.521s] GC(2) Concurrent Preclean
[2020-07-27T15:59:15.220+0200][1.521s] GC(2) Concurrent Preclean 0.146ms
[2020-07-27T15:59:15.220+0200][1.521s] GC(2) Concurrent Mark (1.517s, 1.521s) 3.882ms
[2020-07-27T15:59:15.220+0200][1.521s] GC(2) Pause Remark
[2020-07-27T15:59:15.221+0200][1.522s] GC(2) Cleaned string and symbol table, strings: 9075 processed, 0 removed, symbols: 62266 processed, 27 removed
[2020-07-27T15:59:15.222+0200][1.523s] GC(2) Pause Remark 23M->23M(512M) 1.431ms
[2020-07-27T15:59:15.222+0200][1.523s] GC(2) User=0.01s Sys=0.00s Real=0.00s
[2020-07-27T15:59:15.222+0200][1.523s] GC(2) Concurrent Rebuild Remembered Sets
[2020-07-27T15:59:15.225+0200][1.526s] GC(2) Concurrent Rebuild Remembered Sets 3.071ms
[2020-07-27T15:59:15.225+0200][1.526s] GC(2) Pause Cleanup
[2020-07-27T15:59:15.225+0200][1.526s] GC(2) Pause Cleanup 24M->24M(512M) 0.224ms
[2020-07-27T15:59:15.225+0200][1.526s] GC(2) User=0.00s Sys=0.00s Real=0.00s
[2020-07-27T15:59:15.225+0200][1.527s] GC(2) Concurrent Cleanup for Next Mark
[2020-07-27T15:59:15.226+0200][1.527s] GC(2) Concurrent Cleanup for Next Mark 0.598ms
[2020-07-27T15:59:15.226+0200][1.527s] GC(2) Concurrent Cycle 14.177ms
[2020-07-27T15:59:16.057+0200][2.359s] GC(3) Pause Young (Normal) (G1 Evacuation Pause)
[2020-07-27T15:59:16.057+0200][2.359s] GC(3) Using 10 workers of 10 for evacuation
[2020-07-27T15:59:16.072+0200][2.373s] GC(3)   Pre Evacuate Collection Set: 0.0ms
[2020-07-27T15:59:16.072+0200][2.373s] GC(3)   Evacuate Collection Set: 12.7ms
[2020-07-27T15:59:16.072+0200][2.373s] GC(3)   Post Evacuate Collection Set: 1.4ms
[2020-07-27T15:59:16.072+0200][2.373s] GC(3)   Other: 0.1ms
[2020-07-27T15:59:16.072+0200][2.373s] GC(3) Eden regions: 71->0(117)
[2020-07-27T15:59:16.072+0200][2.373s] GC(3) Survivor regions: 19->5(12)
[2020-07-27T15:59:16.072+0200][2.373s] GC(3) Old regions: 2->21
[2020-07-27T15:59:16.072+0200][2.373s] GC(3) Humongous regions: 4->4
[2020-07-27T15:59:16.072+0200][2.373s] GC(3) Metaspace: 29909K->29909K(1077248K)
[2020-07-27T15:59:16.072+0200][2.373s] GC(3) Pause Young (Normal) (G1 Evacuation Pause) 94M->27M(512M) 14.308ms
[2020-07-27T15:59:16.072+0200][2.373s] GC(3) User=0.10s Sys=0.03s Real=0.01s
[2020-07-27T15:59:32.993+0200][19.294s] GC(4) Pause Young (Concurrent Start) (Metadata GC Threshold)
[2020-07-27T15:59:32.993+0200][19.294s] GC(4) Using 10 workers of 10 for evacuation
[2020-07-27T15:59:33.001+0200][19.303s] GC(4)   Pre Evacuate Collection Set: 0.1ms
[2020-07-27T15:59:33.001+0200][19.303s] GC(4)   Evacuate Collection Set: 8.2ms
[2020-07-27T15:59:33.001+0200][19.303s] GC(4)   Post Evacuate Collection Set: 0.4ms
[2020-07-27T15:59:33.001+0200][19.303s] GC(4)   Other: 0.2ms
[2020-07-27T15:59:33.001+0200][19.303s] GC(4) Eden regions: 64->0(125)
[2020-07-27T15:59:33.001+0200][19.303s] GC(4) Survivor regions: 5->6(16)
[2020-07-27T15:59:33.001+0200][19.303s] GC(4) Old regions: 21->21
[2020-07-27T15:59:33.001+0200][19.303s] GC(4) Humongous regions: 4->4
[2020-07-27T15:59:33.002+0200][19.303s] GC(4) Metaspace: 34903K->34903K(1081344K)
[2020-07-27T15:59:33.002+0200][19.303s] GC(4) Pause Young (Concurrent Start) (Metadata GC Threshold) 91M->28M(512M) 8.936ms
[2020-07-27T15:59:33.002+0200][19.303s] GC(4) User=0.06s Sys=0.00s Real=0.01s
[2020-07-27T15:59:33.002+0200][19.303s] GC(5) Concurrent Cycle
[2020-07-27T15:59:33.002+0200][19.303s] GC(5) Concurrent Clear Claimed Marks
[2020-07-27T15:59:33.002+0200][19.303s] GC(5) Concurrent Clear Claimed Marks 0.040ms
[2020-07-27T15:59:33.002+0200][19.303s] GC(5) Concurrent Scan Root Regions
[2020-07-27T15:59:33.004+0200][19.305s] GC(5) Concurrent Scan Root Regions 2.302ms
[2020-07-27T15:59:33.004+0200][19.305s] GC(5) Concurrent Mark (19.305s)
[2020-07-27T15:59:33.004+0200][19.305s] GC(5) Concurrent Mark From Roots
[2020-07-27T15:59:33.004+0200][19.305s] GC(5) Using 3 workers of 3 for marking
[2020-07-27T15:59:33.015+0200][19.317s] GC(5) Concurrent Mark From Roots 11.428ms
[2020-07-27T15:59:33.015+0200][19.317s] GC(5) Concurrent Preclean
[2020-07-27T15:59:33.016+0200][19.317s] GC(5) Concurrent Preclean 0.126ms
[2020-07-27T15:59:33.016+0200][19.317s] GC(5) Concurrent Mark (19.305s, 19.317s) 11.613ms
[2020-07-27T15:59:33.016+0200][19.317s] GC(5) Pause Remark
[2020-07-27T15:59:33.018+0200][19.319s] GC(5) Cleaned string and symbol table, strings: 14784 processed, 25 removed, symbols: 102704 processed, 150 removed
[2020-07-27T15:59:33.018+0200][19.319s] GC(5) Pause Remark 30M->30M(512M) 1.884ms
[2020-07-27T15:59:33.018+0200][19.319s] GC(5) User=0.01s Sys=0.00s Real=0.00s
[2020-07-27T15:59:33.018+0200][19.319s] GC(5) Concurrent Rebuild Remembered Sets
[2020-07-27T15:59:33.024+0200][19.326s] GC(5) Concurrent Rebuild Remembered Sets 6.420ms
[2020-07-27T15:59:33.025+0200][19.326s] GC(5) Pause Cleanup
[2020-07-27T15:59:33.025+0200][19.326s] GC(5) Pause Cleanup 31M->31M(512M) 0.117ms
[2020-07-27T15:59:33.025+0200][19.326s] GC(5) User=0.00s Sys=0.00s Real=0.00s
[2020-07-27T15:59:33.025+0200][19.326s] GC(5) Concurrent Cleanup for Next Mark
[2020-07-27T15:59:33.025+0200][19.326s] GC(5) Concurrent Cleanup for Next Mark 0.365ms
[2020-07-27T15:59:33.025+0200][19.326s] GC(5) Concurrent Cycle 23.550ms
[2020-07-27T15:59:33.606+0200][19.907s] GC(6) Pause Young (Normal) (G1 Evacuation Pause)
[2020-07-27T15:59:33.606+0200][19.907s] GC(6) Using 10 workers of 10 for evacuation
[2020-07-27T15:59:33.618+0200][19.919s] GC(6)   Pre Evacuate Collection Set: 0.0ms
[2020-07-27T15:59:33.618+0200][19.919s] GC(6)   Evacuate Collection Set: 9.9ms
[2020-07-27T15:59:33.618+0200][19.919s] GC(6)   Post Evacuate Collection Set: 1.6ms
[2020-07-27T15:59:33.618+0200][19.919s] GC(6)   Other: 0.2ms
[2020-07-27T15:59:33.618+0200][19.919s] GC(6) Eden regions: 125->0(169)
[2020-07-27T15:59:33.618+0200][19.919s] GC(6) Survivor regions: 6->9(17)
[2020-07-27T15:59:33.618+0200][19.919s] GC(6) Old regions: 21->21
[2020-07-27T15:59:33.618+0200][19.919s] GC(6) Humongous regions: 4->4
[2020-07-27T15:59:33.618+0200][19.919s] GC(6) Metaspace: 40088K->40088K(1085440K)
[2020-07-27T15:59:33.618+0200][19.919s] GC(6) Pause Young (Normal) (G1 Evacuation Pause) 153M->31M(512M) 11.787ms
[2020-07-27T15:59:33.618+0200][19.919s] GC(6) User=0.11s Sys=0.00s Real=0.02s
[2020-07-27T15:59:34.140+0200][20.442s] GC(7) Pause Young (Normal) (G1 Evacuation Pause)
[2020-07-27T15:59:34.140+0200][20.442s] GC(7) Using 10 workers of 10 for evacuation
[2020-07-27T15:59:34.147+0200][20.448s] GC(7)   Pre Evacuate Collection Set: 0.0ms
[2020-07-27T15:59:34.147+0200][20.448s] GC(7)   Evacuate Collection Set: 5.6ms
[2020-07-27T15:59:34.147+0200][20.448s] GC(7)   Post Evacuate Collection Set: 0.8ms
[2020-07-27T15:59:34.147+0200][20.448s] GC(7)   Other: 0.2ms
[2020-07-27T15:59:34.147+0200][20.448s] GC(7) Eden regions: 169->0(297)
[2020-07-27T15:59:34.147+0200][20.448s] GC(7) Survivor regions: 9->10(23)
[2020-07-27T15:59:34.147+0200][20.448s] GC(7) Old regions: 21->21
[2020-07-27T15:59:34.147+0200][20.448s] GC(7) Humongous regions: 5->4
[2020-07-27T15:59:34.147+0200][20.448s] GC(7) Metaspace: 42274K->42274K(1087488K)
[2020-07-27T15:59:34.147+0200][20.448s] GC(7) Pause Young (Normal) (G1 Evacuation Pause) 201M->32M(512M) 6.702ms
[2020-07-27T15:59:34.147+0200][20.448s] GC(7) User=0.05s Sys=0.01s Real=0.01s
[2020-07-27T15:59:43.067+0200][29.368s] GC(8) Pause Young (Normal) (G1 Evacuation Pause)
[2020-07-27T15:59:43.067+0200][29.368s] GC(8) Using 10 workers of 10 for evacuation
[2020-07-27T15:59:43.075+0200][29.376s] GC(8)   Pre Evacuate Collection Set: 0.0ms
[2020-07-27T15:59:43.075+0200][29.376s] GC(8)   Evacuate Collection Set: 6.9ms
[2020-07-27T15:59:43.075+0200][29.376s] GC(8)   Post Evacuate Collection Set: 0.9ms
[2020-07-27T15:59:43.075+0200][29.376s] GC(8)   Other: 0.2ms
[2020-07-27T15:59:43.075+0200][29.376s] GC(8) Eden regions: 297->0(290)
[2020-07-27T15:59:43.075+0200][29.376s] GC(8) Survivor regions: 10->17(39)
[2020-07-27T15:59:43.075+0200][29.376s] GC(8) Old regions: 21->21
[2020-07-27T15:59:43.075+0200][29.376s] GC(8) Humongous regions: 4->4
[2020-07-27T15:59:43.075+0200][29.376s] GC(8) Metaspace: 52056K->52056K(1095680K)
[2020-07-27T15:59:43.075+0200][29.376s] GC(8) Pause Young (Normal) (G1 Evacuation Pause) 329M->39M(512M) 8.073ms
[2020-07-27T15:59:43.075+0200][29.376s] GC(8) User=0.06s Sys=0.00s Real=0.01s
[2020-07-28T21:03:54.647+0200][4446.757s] GC(9) Pause Young (Normal) (G1 Evacuation Pause)
[2020-07-28T21:03:54.647+0200][4446.757s] GC(9) Using 10 workers of 10 for evacuation
[2020-07-28T21:03:54.660+0200][4446.770s] GC(9)   Pre Evacuate Collection Set: 0.0ms
[2020-07-28T21:03:54.661+0200][4446.770s] GC(9)   Evacuate Collection Set: 11.7ms
[2020-07-28T21:03:54.661+0200][4446.770s] GC(9)   Post Evacuate Collection Set: 1.1ms
[2020-07-28T21:03:54.661+0200][4446.770s] GC(9)   Other: 0.4ms
[2020-07-28T21:03:54.661+0200][4446.770s] GC(9) Eden regions: 290->0(288)
[2020-07-28T21:03:54.661+0200][4446.770s] GC(9) Survivor regions: 17->19(39)
[2020-07-28T21:03:54.661+0200][4446.770s] GC(9) Old regions: 21->21
[2020-07-28T21:03:54.661+0200][4446.770s] GC(9) Humongous regions: 4->4
[2020-07-28T21:03:54.661+0200][4446.770s] GC(9) Metaspace: 54944K->54944K(1099776K)
[2020-07-28T21:03:54.661+0200][4446.770s] GC(9) Pause Young (Normal) (G1 Evacuation Pause) 329M->41M(512M) 13.254ms
[2020-07-28T21:03:54.661+0200][4446.770s] GC(9) User=0.12s Sys=0.01s Real=0.01s
