[2020-07-26T20:46:20.989+0200][0.015s] Heap region size: 1M
[2020-07-26T20:46:21.014+0200][0.040s] Using G1
[2020-07-26T20:46:21.015+0200][0.040s] Heap address: 0x00000000e0000000, size: 512 MB, Compressed Oops mode: 32-bit
[2020-07-26T20:46:21.015+0200][0.041s] Mark closed archive regions in map: [0x00000000fff00000, 0x00000000fff69ff8]
[2020-07-26T20:46:21.015+0200][0.041s] Mark open archive regions in map: [0x00000000ffe00000, 0x00000000ffe46ff8]
[2020-07-26T20:46:21.765+0200][0.791s] GC(0) Pause Young (Normal) (G1 Evacuation Pause)
[2020-07-26T20:46:21.767+0200][0.793s] GC(0) Using 10 workers of 10 for evacuation
[2020-07-26T20:46:21.781+0200][0.806s] GC(0)   Pre Evacuate Collection Set: 0.0ms
[2020-07-26T20:46:21.781+0200][0.806s] GC(0)   Evacuate Collection Set: 12.5ms
[2020-07-26T20:46:21.781+0200][0.806s] GC(0)   Post Evacuate Collection Set: 0.8ms
[2020-07-26T20:46:21.781+0200][0.806s] GC(0)   Other: 2.0ms
[2020-07-26T20:46:21.781+0200][0.806s] GC(0) Eden regions: 30->0(304)
[2020-07-26T20:46:21.781+0200][0.806s] GC(0) Survivor regions: 0->3(4)
[2020-07-26T20:46:21.781+0200][0.806s] GC(0) Old regions: 2->2
[2020-07-26T20:46:21.781+0200][0.806s] GC(0) Humongous regions: 0->0
[2020-07-26T20:46:21.781+0200][0.806s] GC(0) Metaspace: 6547K->6547K(1056768K)
[2020-07-26T20:46:21.781+0200][0.806s] GC(0) Pause Young (Normal) (G1 Evacuation Pause) 30M->3M(512M) 15.414ms
[2020-07-26T20:46:21.781+0200][0.806s] GC(0) User=0.13s Sys=0.01s Real=0.02s
[2020-07-26T20:46:23.272+0200][2.297s] GC(1) Pause Young (Concurrent Start) (Metadata GC Threshold)
[2020-07-26T20:46:23.272+0200][2.297s] GC(1) Using 10 workers of 10 for evacuation
[2020-07-26T20:46:23.291+0200][2.317s] GC(1)   Pre Evacuate Collection Set: 0.0ms
[2020-07-26T20:46:23.291+0200][2.317s] GC(1)   Evacuate Collection Set: 18.0ms
[2020-07-26T20:46:23.291+0200][2.317s] GC(1)   Post Evacuate Collection Set: 1.0ms
[2020-07-26T20:46:23.291+0200][2.317s] GC(1)   Other: 0.3ms
[2020-07-26T20:46:23.291+0200][2.317s] GC(1) Eden regions: 101->0(81)
[2020-07-26T20:46:23.291+0200][2.317s] GC(1) Survivor regions: 3->19(39)
[2020-07-26T20:46:23.291+0200][2.317s] GC(1) Old regions: 2->2
[2020-07-26T20:46:23.291+0200][2.317s] GC(1) Humongous regions: 4->4
[2020-07-26T20:46:23.291+0200][2.317s] GC(1) Metaspace: 20475K->20475K(1069056K)
[2020-07-26T20:46:23.291+0200][2.317s] GC(1) Pause Young (Concurrent Start) (Metadata GC Threshold) 108M->23M(512M) 19.449ms
[2020-07-26T20:46:23.291+0200][2.317s] GC(1) User=0.12s Sys=0.01s Real=0.02s
[2020-07-26T20:46:23.291+0200][2.317s] GC(2) Concurrent Cycle
[2020-07-26T20:46:23.291+0200][2.317s] GC(2) Concurrent Clear Claimed Marks
[2020-07-26T20:46:23.291+0200][2.317s] GC(2) Concurrent Clear Claimed Marks 0.039ms
[2020-07-26T20:46:23.291+0200][2.317s] GC(2) Concurrent Scan Root Regions
[2020-07-26T20:46:23.298+0200][2.324s] GC(2) Concurrent Scan Root Regions 7.245ms
[2020-07-26T20:46:23.299+0200][2.324s] GC(2) Concurrent Mark (2.324s)
[2020-07-26T20:46:23.299+0200][2.324s] GC(2) Concurrent Mark From Roots
[2020-07-26T20:46:23.299+0200][2.324s] GC(2) Using 3 workers of 3 for marking
[2020-07-26T20:46:23.302+0200][2.328s] GC(2) Concurrent Mark From Roots 3.539ms
[2020-07-26T20:46:23.302+0200][2.328s] GC(2) Concurrent Preclean
[2020-07-26T20:46:23.302+0200][2.328s] GC(2) Concurrent Preclean 0.198ms
[2020-07-26T20:46:23.302+0200][2.328s] GC(2) Concurrent Mark (2.324s, 2.328s) 3.805ms
[2020-07-26T20:46:23.303+0200][2.329s] GC(2) Pause Remark
[2020-07-26T20:46:23.305+0200][2.330s] GC(2) Cleaned string and symbol table, strings: 9067 processed, 0 removed, symbols: 62186 processed, 27 removed
[2020-07-26T20:46:23.305+0200][2.331s] GC(2) Pause Remark 24M->24M(512M) 2.223ms
[2020-07-26T20:46:23.305+0200][2.331s] GC(2) User=0.01s Sys=0.00s Real=0.00s
[2020-07-26T20:46:23.305+0200][2.331s] GC(2) Concurrent Rebuild Remembered Sets
[2020-07-26T20:46:23.315+0200][2.341s] GC(2) Concurrent Rebuild Remembered Sets 9.537ms
[2020-07-26T20:46:23.315+0200][2.341s] GC(2) Pause Cleanup
[2020-07-26T20:46:23.316+0200][2.342s] GC(2) Pause Cleanup 24M->24M(512M) 0.562ms
[2020-07-26T20:46:23.316+0200][2.342s] GC(2) User=0.00s Sys=0.00s Real=0.00s
[2020-07-26T20:46:23.316+0200][2.342s] GC(2) Concurrent Cleanup for Next Mark
[2020-07-26T20:46:23.318+0200][2.343s] GC(2) Concurrent Cleanup for Next Mark 1.702ms
[2020-07-26T20:46:23.318+0200][2.344s] GC(2) Concurrent Cycle 26.729ms
[2020-07-26T20:46:24.659+0200][3.684s] GC(3) Pause Young (Normal) (G1 Evacuation Pause)
[2020-07-26T20:46:24.659+0200][3.685s] GC(3) Using 10 workers of 10 for evacuation
[2020-07-26T20:46:24.680+0200][3.706s] GC(3)   Pre Evacuate Collection Set: 0.0ms
[2020-07-26T20:46:24.680+0200][3.706s] GC(3)   Evacuate Collection Set: 19.9ms
[2020-07-26T20:46:24.680+0200][3.706s] GC(3)   Post Evacuate Collection Set: 1.3ms
[2020-07-26T20:46:24.680+0200][3.706s] GC(3)   Other: 0.3ms
[2020-07-26T20:46:24.680+0200][3.706s] GC(3) Eden regions: 70->0(113)
[2020-07-26T20:46:24.680+0200][3.706s] GC(3) Survivor regions: 19->5(12)
[2020-07-26T20:46:24.680+0200][3.706s] GC(3) Old regions: 2->20
[2020-07-26T20:46:24.680+0200][3.706s] GC(3) Humongous regions: 4->4
[2020-07-26T20:46:24.680+0200][3.706s] GC(3) Metaspace: 29804K->29804K(1077248K)
[2020-07-26T20:46:24.680+0200][3.706s] GC(3) Pause Young (Normal) (G1 Evacuation Pause) 93M->27M(512M) 21.670ms
[2020-07-26T20:46:24.680+0200][3.706s] GC(3) User=0.19s Sys=0.04s Real=0.02s
[2020-07-26T20:46:41.605+0200][20.631s] GC(4) Pause Young (Concurrent Start) (Metadata GC Threshold)
[2020-07-26T20:46:41.605+0200][20.631s] GC(4) Using 10 workers of 10 for evacuation
[2020-07-26T20:46:41.629+0200][20.655s] GC(4)   Pre Evacuate Collection Set: 0.1ms
[2020-07-26T20:46:41.629+0200][20.655s] GC(4)   Evacuate Collection Set: 20.2ms
[2020-07-26T20:46:41.629+0200][20.655s] GC(4)   Post Evacuate Collection Set: 3.0ms
[2020-07-26T20:46:41.629+0200][20.655s] GC(4)   Other: 0.3ms
[2020-07-26T20:46:41.629+0200][20.655s] GC(4) Eden regions: 63->0(122)
[2020-07-26T20:46:41.629+0200][20.655s] GC(4) Survivor regions: 5->6(15)
[2020-07-26T20:46:41.629+0200][20.655s] GC(4) Old regions: 20->20
[2020-07-26T20:46:41.629+0200][20.655s] GC(4) Humongous regions: 4->4
[2020-07-26T20:46:41.629+0200][20.655s] GC(4) Metaspace: 34945K->34945K(1081344K)
[2020-07-26T20:46:41.629+0200][20.655s] GC(4) Pause Young (Concurrent Start) (Metadata GC Threshold) 90M->28M(512M) 23.873ms
[2020-07-26T20:46:41.629+0200][20.655s] GC(4) User=0.17s Sys=0.01s Real=0.03s
[2020-07-26T20:46:41.629+0200][20.655s] GC(5) Concurrent Cycle
[2020-07-26T20:46:41.629+0200][20.655s] GC(5) Concurrent Clear Claimed Marks
[2020-07-26T20:46:41.629+0200][20.655s] GC(5) Concurrent Clear Claimed Marks 0.087ms
[2020-07-26T20:46:41.629+0200][20.655s] GC(5) Concurrent Scan Root Regions
[2020-07-26T20:46:41.632+0200][20.658s] GC(5) Concurrent Scan Root Regions 2.555ms
[2020-07-26T20:46:41.632+0200][20.658s] GC(5) Concurrent Mark (20.658s)
[2020-07-26T20:46:41.632+0200][20.658s] GC(5) Concurrent Mark From Roots
[2020-07-26T20:46:41.632+0200][20.658s] GC(5) Using 3 workers of 3 for marking
[2020-07-26T20:46:41.651+0200][20.676s] GC(5) Concurrent Mark From Roots 18.749ms
[2020-07-26T20:46:41.651+0200][20.677s] GC(5) Concurrent Preclean
[2020-07-26T20:46:41.651+0200][20.677s] GC(5) Concurrent Preclean 0.407ms
[2020-07-26T20:46:41.651+0200][20.677s] GC(5) Concurrent Mark (20.658s, 20.677s) 19.248ms
[2020-07-26T20:46:41.652+0200][20.677s] GC(5) Pause Remark
[2020-07-26T20:46:41.655+0200][20.681s] GC(5) Cleaned string and symbol table, strings: 14807 processed, 26 removed, symbols: 103026 processed, 151 removed
[2020-07-26T20:46:41.655+0200][20.681s] GC(5) Pause Remark 30M->30M(512M) 3.684ms
[2020-07-26T20:46:41.655+0200][20.681s] GC(5) User=0.02s Sys=0.00s Real=0.00s
[2020-07-26T20:46:41.655+0200][20.681s] GC(5) Concurrent Rebuild Remembered Sets
[2020-07-26T20:46:41.668+0200][20.693s] GC(5) Concurrent Rebuild Remembered Sets 12.090ms
[2020-07-26T20:46:41.668+0200][20.694s] GC(5) Pause Cleanup
[2020-07-26T20:46:41.668+0200][20.694s] GC(5) Pause Cleanup 31M->31M(512M) 0.249ms
[2020-07-26T20:46:41.668+0200][20.694s] GC(5) User=0.00s Sys=0.00s Real=0.01s
[2020-07-26T20:46:41.668+0200][20.694s] GC(5) Concurrent Cleanup for Next Mark
[2020-07-26T20:46:41.669+0200][20.695s] GC(5) Concurrent Cleanup for Next Mark 0.485ms
[2020-07-26T20:46:41.669+0200][20.695s] GC(5) Concurrent Cycle 39.706ms
[2020-07-26T20:46:42.728+0200][21.754s] GC(6) Pause Young (Normal) (G1 Evacuation Pause)
[2020-07-26T20:46:42.728+0200][21.754s] GC(6) Using 10 workers of 10 for evacuation
[2020-07-26T20:46:42.742+0200][21.768s] GC(6)   Pre Evacuate Collection Set: 0.0ms
[2020-07-26T20:46:42.742+0200][21.768s] GC(6)   Evacuate Collection Set: 12.6ms
[2020-07-26T20:46:42.742+0200][21.768s] GC(6)   Post Evacuate Collection Set: 0.8ms
[2020-07-26T20:46:42.742+0200][21.768s] GC(6)   Other: 0.4ms
[2020-07-26T20:46:42.742+0200][21.768s] GC(6) Eden regions: 122->0(289)
[2020-07-26T20:46:42.742+0200][21.768s] GC(6) Survivor regions: 6->8(16)
[2020-07-26T20:46:42.742+0200][21.768s] GC(6) Old regions: 20->20
[2020-07-26T20:46:42.742+0200][21.768s] GC(6) Humongous regions: 4->4
[2020-07-26T20:46:42.742+0200][21.768s] GC(6) Metaspace: 40296K->40296K(1085440K)
[2020-07-26T20:46:42.742+0200][21.768s] GC(6) Pause Young (Normal) (G1 Evacuation Pause) 150M->30M(512M) 13.914ms
[2020-07-26T20:46:42.742+0200][21.768s] GC(6) User=0.11s Sys=0.02s Real=0.02s
[2020-07-26T20:46:43.974+0200][23.000s] GC(7) Pause Young (Normal) (G1 Evacuation Pause)
[2020-07-26T20:46:43.974+0200][23.000s] GC(7) Using 10 workers of 10 for evacuation
[2020-07-26T20:46:43.995+0200][23.020s] GC(7)   Pre Evacuate Collection Set: 0.0ms
[2020-07-26T20:46:43.995+0200][23.020s] GC(7)   Evacuate Collection Set: 17.1ms
[2020-07-26T20:46:43.995+0200][23.020s] GC(7)   Post Evacuate Collection Set: 3.2ms
[2020-07-26T20:46:43.995+0200][23.020s] GC(7)   Other: 0.3ms
[2020-07-26T20:46:43.995+0200][23.020s] GC(7) Eden regions: 289->0(296)
[2020-07-26T20:46:43.995+0200][23.020s] GC(7) Survivor regions: 8->11(38)
[2020-07-26T20:46:43.995+0200][23.020s] GC(7) Old regions: 20->20
[2020-07-26T20:46:43.995+0200][23.020s] GC(7) Humongous regions: 5->4
[2020-07-26T20:46:43.995+0200][23.020s] GC(7) Metaspace: 43950K->43950K(1089536K)
[2020-07-26T20:46:43.995+0200][23.021s] GC(7) Pause Young (Normal) (G1 Evacuation Pause) 320M->32M(512M) 20.817ms
[2020-07-26T20:46:43.995+0200][23.021s] GC(7) User=0.15s Sys=0.00s Real=0.02s
[2020-07-26T20:47:00.920+0200][39.946s] GC(8) Pause Young (Normal) (G1 Evacuation Pause)
[2020-07-26T20:47:00.920+0200][39.946s] GC(8) Using 10 workers of 10 for evacuation
[2020-07-26T20:47:00.942+0200][39.968s] GC(8)   Pre Evacuate Collection Set: 0.0ms
[2020-07-26T20:47:00.942+0200][39.968s] GC(8)   Evacuate Collection Set: 19.1ms
[2020-07-26T20:47:00.942+0200][39.968s] GC(8)   Post Evacuate Collection Set: 2.3ms
[2020-07-26T20:47:00.942+0200][39.968s] GC(8)   Other: 0.4ms
[2020-07-26T20:47:00.942+0200][39.968s] GC(8) Eden regions: 296->0(288)
[2020-07-26T20:47:00.942+0200][39.968s] GC(8) Survivor regions: 11->19(39)
[2020-07-26T20:47:00.942+0200][39.968s] GC(8) Old regions: 20->20
[2020-07-26T20:47:00.942+0200][39.968s] GC(8) Humongous regions: 4->4
[2020-07-26T20:47:00.942+0200][39.968s] GC(8) Metaspace: 53528K->53528K(1097728K)
[2020-07-26T20:47:00.942+0200][39.968s] GC(8) Pause Young (Normal) (G1 Evacuation Pause) 328M->41M(512M) 21.947ms
[2020-07-26T20:47:00.942+0200][39.968s] GC(8) User=0.22s Sys=0.00s Real=0.02s
[2020-07-26T20:47:01.065+0200][40.091s] GC(9) Pause Young (Normal) (G1 Evacuation Pause)
[2020-07-26T20:47:01.065+0200][40.091s] GC(9) Using 10 workers of 10 for evacuation
[2020-07-26T20:47:01.082+0200][40.107s] GC(9)   Pre Evacuate Collection Set: 0.0ms
[2020-07-26T20:47:01.082+0200][40.107s] GC(9)   Evacuate Collection Set: 15.2ms
[2020-07-26T20:47:01.082+0200][40.107s] GC(9)   Post Evacuate Collection Set: 1.1ms
[2020-07-26T20:47:01.082+0200][40.107s] GC(9)   Other: 0.3ms
[2020-07-26T20:47:01.082+0200][40.107s] GC(9) Eden regions: 288->0(284)
[2020-07-26T20:47:01.082+0200][40.108s] GC(9) Survivor regions: 19->23(39)
[2020-07-26T20:47:01.082+0200][40.108s] GC(9) Old regions: 20->20
[2020-07-26T20:47:01.082+0200][40.108s] GC(9) Humongous regions: 4->4
[2020-07-26T20:47:01.082+0200][40.108s] GC(9) Metaspace: 53600K->53600K(1097728K)
[2020-07-26T20:47:01.082+0200][40.108s] GC(9) Pause Young (Normal) (G1 Evacuation Pause) 329M->44M(512M) 16.735ms
[2020-07-26T20:47:01.082+0200][40.108s] GC(9) User=0.16s Sys=0.01s Real=0.02s
[2020-07-26T20:47:01.257+0200][40.283s] GC(10) Pause Young (Normal) (G1 Evacuation Pause)
[2020-07-26T20:47:01.257+0200][40.283s] GC(10) Using 10 workers of 10 for evacuation
[2020-07-26T20:47:01.273+0200][40.299s] GC(10)   Pre Evacuate Collection Set: 0.0ms
[2020-07-26T20:47:01.273+0200][40.299s] GC(10)   Evacuate Collection Set: 14.8ms
[2020-07-26T20:47:01.273+0200][40.299s] GC(10)   Post Evacuate Collection Set: 1.0ms
[2020-07-26T20:47:01.273+0200][40.299s] GC(10)   Other: 0.2ms
[2020-07-26T20:47:01.273+0200][40.299s] GC(10) Eden regions: 284->0(287)
[2020-07-26T20:47:01.274+0200][40.299s] GC(10) Survivor regions: 23->20(39)
[2020-07-26T20:47:01.274+0200][40.299s] GC(10) Old regions: 20->24
[2020-07-26T20:47:01.274+0200][40.299s] GC(10) Humongous regions: 4->4
[2020-07-26T20:47:01.274+0200][40.299s] GC(10) Metaspace: 53634K->53634K(1097728K)
[2020-07-26T20:47:01.274+0200][40.299s] GC(10) Pause Young (Normal) (G1 Evacuation Pause) 328M->45M(512M) 16.121ms
[2020-07-26T20:47:01.274+0200][40.299s] GC(10) User=0.16s Sys=0.00s Real=0.01s
[2020-07-26T20:47:03.091+0200][42.117s] GC(11) Pause Young (Normal) (G1 Evacuation Pause)
[2020-07-26T20:47:03.091+0200][42.117s] GC(11) Using 10 workers of 10 for evacuation
[2020-07-26T20:47:03.112+0200][42.137s] GC(11)   Pre Evacuate Collection Set: 0.0ms
[2020-07-26T20:47:03.112+0200][42.137s] GC(11)   Evacuate Collection Set: 19.0ms
[2020-07-26T20:47:03.112+0200][42.137s] GC(11)   Post Evacuate Collection Set: 1.1ms
[2020-07-26T20:47:03.112+0200][42.137s] GC(11)   Other: 0.3ms
[2020-07-26T20:47:03.112+0200][42.137s] GC(11) Eden regions: 287->0(272)
[2020-07-26T20:47:03.112+0200][42.137s] GC(11) Survivor regions: 20->35(39)
[2020-07-26T20:47:03.112+0200][42.137s] GC(11) Old regions: 24->24
[2020-07-26T20:47:03.112+0200][42.137s] GC(11) Humongous regions: 4->4
[2020-07-26T20:47:03.112+0200][42.137s] GC(11) Metaspace: 54445K->54445K(1097728K)
[2020-07-26T20:47:03.112+0200][42.137s] GC(11) Pause Young (Normal) (G1 Evacuation Pause) 332M->60M(512M) 20.450ms
[2020-07-26T20:47:03.112+0200][42.137s] GC(11) User=0.19s Sys=0.00s Real=0.02s
[2020-07-26T20:47:03.223+0200][42.248s] GC(12) Pause Young (Normal) (G1 Evacuation Pause)
[2020-07-26T20:47:03.223+0200][42.249s] GC(12) Using 10 workers of 10 for evacuation
[2020-07-26T20:47:03.245+0200][42.271s] GC(12)   Pre Evacuate Collection Set: 0.0ms
[2020-07-26T20:47:03.245+0200][42.271s] GC(12)   Evacuate Collection Set: 21.6ms
[2020-07-26T20:47:03.246+0200][42.271s] GC(12)   Post Evacuate Collection Set: 0.9ms
[2020-07-26T20:47:03.246+0200][42.271s] GC(12)   Other: 0.3ms
[2020-07-26T20:47:03.246+0200][42.271s] GC(12) Eden regions: 272->0(283)
[2020-07-26T20:47:03.246+0200][42.271s] GC(12) Survivor regions: 35->24(39)
[2020-07-26T20:47:03.246+0200][42.271s] GC(12) Old regions: 24->38
[2020-07-26T20:47:03.246+0200][42.271s] GC(12) Humongous regions: 4->4
[2020-07-26T20:47:03.246+0200][42.271s] GC(12) Metaspace: 54556K->54556K(1099776K)
[2020-07-26T20:47:03.246+0200][42.271s] GC(12) Pause Young (Normal) (G1 Evacuation Pause) 332M->64M(512M) 22.865ms
[2020-07-26T20:47:03.246+0200][42.271s] GC(12) User=0.21s Sys=0.04s Real=0.02s
[2020-07-26T20:47:03.414+0200][42.440s] GC(13) Pause Young (Normal) (G1 Evacuation Pause)
[2020-07-26T20:47:03.414+0200][42.440s] GC(13) Using 10 workers of 10 for evacuation
[2020-07-26T20:47:03.430+0200][42.456s] GC(13)   Pre Evacuate Collection Set: 0.0ms
[2020-07-26T20:47:03.430+0200][42.456s] GC(13)   Evacuate Collection Set: 15.0ms
[2020-07-26T20:47:03.430+0200][42.456s] GC(13)   Post Evacuate Collection Set: 0.7ms
[2020-07-26T20:47:03.430+0200][42.456s] GC(13)   Other: 0.2ms
[2020-07-26T20:47:03.430+0200][42.456s] GC(13) Eden regions: 283->0(300)
[2020-07-26T20:47:03.430+0200][42.456s] GC(13) Survivor regions: 24->7(39)
[2020-07-26T20:47:03.430+0200][42.456s] GC(13) Old regions: 38->56
[2020-07-26T20:47:03.430+0200][42.456s] GC(13) Humongous regions: 4->4
[2020-07-26T20:47:03.430+0200][42.456s] GC(13) Metaspace: 54684K->54684K(1099776K)
[2020-07-26T20:47:03.430+0200][42.456s] GC(13) Pause Young (Normal) (G1 Evacuation Pause) 347M->65M(512M) 16.149ms
[2020-07-26T20:47:03.430+0200][42.456s] GC(13) User=0.16s Sys=0.01s Real=0.02s
[2020-07-27T12:35:48.010+0200][2361.100s] GC(14) Pause Young (Concurrent Start) (Metadata GC Threshold)
[2020-07-27T12:35:48.010+0200][2361.100s] GC(14) Using 10 workers of 10 for evacuation
[2020-07-27T12:35:48.015+0200][2361.105s] GC(14)   Pre Evacuate Collection Set: 0.1ms
[2020-07-27T12:35:48.015+0200][2361.105s] GC(14)   Evacuate Collection Set: 3.8ms
[2020-07-27T12:35:48.015+0200][2361.105s] GC(14)   Post Evacuate Collection Set: 0.8ms
[2020-07-27T12:35:48.015+0200][2361.105s] GC(14)   Other: 0.2ms
[2020-07-27T12:35:48.015+0200][2361.105s] GC(14) Eden regions: 277->0(298)
[2020-07-27T12:35:48.015+0200][2361.105s] GC(14) Survivor regions: 7->9(39)
[2020-07-27T12:35:48.015+0200][2361.105s] GC(14) Old regions: 56->56
[2020-07-27T12:35:48.015+0200][2361.105s] GC(14) Humongous regions: 7->7
[2020-07-27T12:35:48.015+0200][2361.105s] GC(14) Metaspace: 58886K->58886K(1101824K)
[2020-07-27T12:35:48.015+0200][2361.105s] GC(14) Pause Young (Concurrent Start) (Metadata GC Threshold) 344M->70M(512M) 4.910ms
[2020-07-27T12:35:48.015+0200][2361.105s] GC(14) User=0.04s Sys=0.00s Real=0.01s
[2020-07-27T12:35:48.015+0200][2361.105s] GC(15) Concurrent Cycle
[2020-07-27T12:35:48.015+0200][2361.105s] GC(15) Concurrent Clear Claimed Marks
[2020-07-27T12:35:48.015+0200][2361.105s] GC(15) Concurrent Clear Claimed Marks 0.059ms
[2020-07-27T12:35:48.015+0200][2361.105s] GC(15) Concurrent Scan Root Regions
[2020-07-27T12:35:48.018+0200][2361.107s] GC(15) Concurrent Scan Root Regions 2.162ms
[2020-07-27T12:35:48.018+0200][2361.107s] GC(15) Concurrent Mark (2361.107s)
[2020-07-27T12:35:48.018+0200][2361.107s] GC(15) Concurrent Mark From Roots
[2020-07-27T12:35:48.018+0200][2361.107s] GC(15) Using 3 workers of 3 for marking
[2020-07-27T12:35:48.036+0200][2361.126s] GC(15) Concurrent Mark From Roots 18.393ms
[2020-07-27T12:35:48.036+0200][2361.126s] GC(15) Concurrent Preclean
[2020-07-27T12:35:48.036+0200][2361.126s] GC(15) Concurrent Preclean 0.299ms
[2020-07-27T12:35:48.036+0200][2361.126s] GC(15) Concurrent Mark (2361.107s, 2361.126s) 18.757ms
[2020-07-27T12:35:48.037+0200][2361.126s] GC(15) Pause Remark
[2020-07-27T12:35:48.043+0200][2361.133s] GC(15) Cleaned string and symbol table, strings: 28541 processed, 2550 removed, symbols: 154155 processed, 589 removed
[2020-07-27T12:35:48.044+0200][2361.133s] GC(15) Pause Remark 70M->70M(512M) 7.183ms
[2020-07-27T12:35:48.044+0200][2361.133s] GC(15) User=0.05s Sys=0.00s Real=0.00s
[2020-07-27T12:35:48.044+0200][2361.133s] GC(15) Concurrent Rebuild Remembered Sets
[2020-07-27T12:35:48.057+0200][2361.146s] GC(15) Concurrent Rebuild Remembered Sets 12.712ms
[2020-07-27T12:35:48.057+0200][2361.146s] GC(15) Pause Cleanup
[2020-07-27T12:35:48.057+0200][2361.146s] GC(15) Pause Cleanup 71M->71M(512M) 0.157ms
[2020-07-27T12:35:48.057+0200][2361.146s] GC(15) User=0.00s Sys=0.00s Real=0.00s
[2020-07-27T12:35:48.057+0200][2361.147s] GC(15) Concurrent Cleanup for Next Mark
[2020-07-27T12:35:48.057+0200][2361.147s] GC(15) Concurrent Cleanup for Next Mark 0.196ms
[2020-07-27T12:35:48.057+0200][2361.147s] GC(15) Concurrent Cycle 41.823ms
