[2020-09-18T21:26:39.358+0200][0.006s] Heap region size: 1M
[2020-09-18T21:26:39.371+0200][0.019s] Using G1
[2020-09-18T21:26:39.371+0200][0.019s] Heap address: 0x00000000e0000000, size: 512 MB, Compressed Oops mode: 32-bit
[2020-09-18T21:26:39.371+0200][0.020s] Mark closed archive regions in map: [0x00000000fff00000, 0x00000000fff69ff8]
[2020-09-18T21:26:39.371+0200][0.020s] Mark open archive regions in map: [0x00000000ffe00000, 0x00000000ffe46ff8]
[2020-09-18T21:26:39.737+0200][0.386s] GC(0) Pause Young (Normal) (G1 Evacuation Pause)
[2020-09-18T21:26:39.738+0200][0.387s] GC(0) Using 10 workers of 10 for evacuation
[2020-09-18T21:26:39.747+0200][0.396s] GC(0)   Pre Evacuate Collection Set: 0.0ms
[2020-09-18T21:26:39.747+0200][0.396s] GC(0)   Evacuate Collection Set: 8.4ms
[2020-09-18T21:26:39.747+0200][0.396s] GC(0)   Post Evacuate Collection Set: 0.6ms
[2020-09-18T21:26:39.747+0200][0.396s] GC(0)   Other: 1.0ms
[2020-09-18T21:26:39.747+0200][0.396s] GC(0) Eden regions: 30->0(304)
[2020-09-18T21:26:39.747+0200][0.396s] GC(0) Survivor regions: 0->3(4)
[2020-09-18T21:26:39.747+0200][0.396s] GC(0) Old regions: 2->2
[2020-09-18T21:26:39.747+0200][0.396s] GC(0) Humongous regions: 0->0
[2020-09-18T21:26:39.747+0200][0.396s] GC(0) Metaspace: 6490K->6490K(1056768K)
[2020-09-18T21:26:39.747+0200][0.396s] GC(0) Pause Young (Normal) (G1 Evacuation Pause) 30M->3M(512M) 9.952ms
[2020-09-18T21:26:39.747+0200][0.396s] GC(0) User=0.09s Sys=0.00s Real=0.01s
[2020-09-18T21:26:40.735+0200][1.384s] GC(1) Pause Young (Concurrent Start) (Metadata GC Threshold)
[2020-09-18T21:26:40.735+0200][1.384s] GC(1) Using 10 workers of 10 for evacuation
[2020-09-18T21:26:40.748+0200][1.397s] GC(1)   Pre Evacuate Collection Set: 0.0ms
[2020-09-18T21:26:40.749+0200][1.397s] GC(1)   Evacuate Collection Set: 12.5ms
[2020-09-18T21:26:40.749+0200][1.397s] GC(1)   Post Evacuate Collection Set: 0.9ms
[2020-09-18T21:26:40.749+0200][1.397s] GC(1)   Other: 0.2ms
[2020-09-18T21:26:40.749+0200][1.397s] GC(1) Eden regions: 102->0(86)
[2020-09-18T21:26:40.749+0200][1.397s] GC(1) Survivor regions: 3->19(39)
[2020-09-18T21:26:40.749+0200][1.397s] GC(1) Old regions: 2->2
[2020-09-18T21:26:40.749+0200][1.397s] GC(1) Humongous regions: 4->4
[2020-09-18T21:26:40.749+0200][1.397s] GC(1) Metaspace: 20471K->20471K(1069056K)
[2020-09-18T21:26:40.749+0200][1.397s] GC(1) Pause Young (Concurrent Start) (Metadata GC Threshold) 109M->23M(512M) 13.645ms
[2020-09-18T21:26:40.749+0200][1.397s] GC(1) User=0.07s Sys=0.00s Real=0.01s
[2020-09-18T21:26:40.749+0200][1.397s] GC(2) Concurrent Cycle
[2020-09-18T21:26:40.749+0200][1.397s] GC(2) Concurrent Clear Claimed Marks
[2020-09-18T21:26:40.749+0200][1.397s] GC(2) Concurrent Clear Claimed Marks 0.044ms
[2020-09-18T21:26:40.749+0200][1.397s] GC(2) Concurrent Scan Root Regions
[2020-09-18T21:26:40.752+0200][1.401s] GC(2) Concurrent Scan Root Regions 3.781ms
[2020-09-18T21:26:40.752+0200][1.401s] GC(2) Concurrent Mark (1.401s)
[2020-09-18T21:26:40.752+0200][1.401s] GC(2) Concurrent Mark From Roots
[2020-09-18T21:26:40.752+0200][1.401s] GC(2) Using 3 workers of 3 for marking
[2020-09-18T21:26:40.755+0200][1.404s] GC(2) Concurrent Mark From Roots 2.977ms
[2020-09-18T21:26:40.755+0200][1.404s] GC(2) Concurrent Preclean
[2020-09-18T21:26:40.756+0200][1.404s] GC(2) Concurrent Preclean 0.134ms
[2020-09-18T21:26:40.756+0200][1.404s] GC(2) Concurrent Mark (1.401s, 1.404s) 3.147ms
[2020-09-18T21:26:40.756+0200][1.405s] GC(2) Pause Remark
[2020-09-18T21:26:40.757+0200][1.406s] GC(2) Cleaned string and symbol table, strings: 9063 processed, 0 removed, symbols: 62008 processed, 27 removed
[2020-09-18T21:26:40.758+0200][1.406s] GC(2) Pause Remark 24M->24M(512M) 1.895ms
[2020-09-18T21:26:40.758+0200][1.406s] GC(2) User=0.02s Sys=0.00s Real=0.00s
[2020-09-18T21:26:40.758+0200][1.407s] GC(2) Concurrent Rebuild Remembered Sets
[2020-09-18T21:26:40.759+0200][1.408s] GC(2) Concurrent Rebuild Remembered Sets 1.651ms
[2020-09-18T21:26:40.759+0200][1.408s] GC(2) Pause Cleanup
[2020-09-18T21:26:40.760+0200][1.409s] GC(2) Pause Cleanup 24M->24M(512M) 0.220ms
[2020-09-18T21:26:40.760+0200][1.409s] GC(2) User=0.00s Sys=0.00s Real=0.00s
[2020-09-18T21:26:40.760+0200][1.409s] GC(2) Concurrent Cleanup for Next Mark
[2020-09-18T21:26:40.760+0200][1.409s] GC(2) Concurrent Cleanup for Next Mark 0.280ms
[2020-09-18T21:26:40.760+0200][1.409s] GC(2) Concurrent Cycle 11.505ms
[2020-09-18T21:26:41.473+0200][2.122s] GC(3) Pause Young (Normal) (G1 Evacuation Pause)
[2020-09-18T21:26:41.473+0200][2.122s] GC(3) Using 10 workers of 10 for evacuation
[2020-09-18T21:26:41.484+0200][2.133s] GC(3)   Pre Evacuate Collection Set: 0.0ms
[2020-09-18T21:26:41.484+0200][2.133s] GC(3)   Evacuate Collection Set: 9.7ms
[2020-09-18T21:26:41.484+0200][2.133s] GC(3)   Post Evacuate Collection Set: 0.7ms
[2020-09-18T21:26:41.484+0200][2.133s] GC(3)   Other: 0.1ms
[2020-09-18T21:26:41.484+0200][2.133s] GC(3) Eden regions: 72->0(115)
[2020-09-18T21:26:41.484+0200][2.133s] GC(3) Survivor regions: 19->6(12)
[2020-09-18T21:26:41.484+0200][2.133s] GC(3) Old regions: 2->20
[2020-09-18T21:26:41.484+0200][2.133s] GC(3) Humongous regions: 4->4
[2020-09-18T21:26:41.484+0200][2.133s] GC(3) Metaspace: 30036K->30036K(1077248K)
[2020-09-18T21:26:41.484+0200][2.133s] GC(3) Pause Young (Normal) (G1 Evacuation Pause) 95M->27M(512M) 10.531ms
[2020-09-18T21:26:41.484+0200][2.133s] GC(3) User=0.09s Sys=0.02s Real=0.02s
[2020-09-18T21:26:58.362+0200][19.011s] GC(4) Pause Young (Concurrent Start) (Metadata GC Threshold)
[2020-09-18T21:26:58.362+0200][19.011s] GC(4) Using 10 workers of 10 for evacuation
[2020-09-18T21:26:58.366+0200][19.015s] GC(4)   Pre Evacuate Collection Set: 0.1ms
[2020-09-18T21:26:58.366+0200][19.015s] GC(4)   Evacuate Collection Set: 3.9ms
[2020-09-18T21:26:58.366+0200][19.015s] GC(4)   Post Evacuate Collection Set: 0.4ms
[2020-09-18T21:26:58.366+0200][19.015s] GC(4)   Other: 0.2ms
[2020-09-18T21:26:58.366+0200][19.015s] GC(4) Eden regions: 59->0(129)
[2020-09-18T21:26:58.366+0200][19.015s] GC(4) Survivor regions: 6->6(16)
[2020-09-18T21:26:58.366+0200][19.015s] GC(4) Old regions: 20->20
[2020-09-18T21:26:58.366+0200][19.015s] GC(4) Humongous regions: 4->4
[2020-09-18T21:26:58.367+0200][19.015s] GC(4) Metaspace: 34823K->34823K(1081344K)
[2020-09-18T21:26:58.367+0200][19.015s] GC(4) Pause Young (Concurrent Start) (Metadata GC Threshold) 86M->28M(512M) 4.593ms
[2020-09-18T21:26:58.367+0200][19.015s] GC(4) User=0.03s Sys=0.00s Real=0.01s
[2020-09-18T21:26:58.367+0200][19.015s] GC(5) Concurrent Cycle
[2020-09-18T21:26:58.367+0200][19.015s] GC(5) Concurrent Clear Claimed Marks
[2020-09-18T21:26:58.367+0200][19.015s] GC(5) Concurrent Clear Claimed Marks 0.022ms
[2020-09-18T21:26:58.367+0200][19.015s] GC(5) Concurrent Scan Root Regions
[2020-09-18T21:26:58.368+0200][19.017s] GC(5) Concurrent Scan Root Regions 1.258ms
[2020-09-18T21:26:58.368+0200][19.017s] GC(5) Concurrent Mark (19.017s)
[2020-09-18T21:26:58.368+0200][19.017s] GC(5) Concurrent Mark From Roots
[2020-09-18T21:26:58.368+0200][19.017s] GC(5) Using 3 workers of 3 for marking
[2020-09-18T21:26:58.378+0200][19.027s] GC(5) Concurrent Mark From Roots 10.045ms
[2020-09-18T21:26:58.378+0200][19.027s] GC(5) Concurrent Preclean
[2020-09-18T21:26:58.378+0200][19.027s] GC(5) Concurrent Preclean 0.205ms
[2020-09-18T21:26:58.378+0200][19.027s] GC(5) Concurrent Mark (19.017s, 19.027s) 10.289ms
[2020-09-18T21:26:58.378+0200][19.027s] GC(5) Pause Remark
[2020-09-18T21:26:58.380+0200][19.029s] GC(5) Cleaned string and symbol table, strings: 14803 processed, 26 removed, symbols: 102530 processed, 152 removed
[2020-09-18T21:26:58.380+0200][19.029s] GC(5) Pause Remark 30M->30M(512M) 1.879ms
[2020-09-18T21:26:58.380+0200][19.029s] GC(5) User=0.01s Sys=0.00s Real=0.00s
[2020-09-18T21:26:58.380+0200][19.029s] GC(5) Concurrent Rebuild Remembered Sets
[2020-09-18T21:26:58.387+0200][19.036s] GC(5) Concurrent Rebuild Remembered Sets 6.529ms
[2020-09-18T21:26:58.387+0200][19.036s] GC(5) Pause Cleanup
[2020-09-18T21:26:58.387+0200][19.036s] GC(5) Pause Cleanup 31M->31M(512M) 0.150ms
[2020-09-18T21:26:58.387+0200][19.036s] GC(5) User=0.00s Sys=0.00s Real=0.00s
[2020-09-18T21:26:58.387+0200][19.036s] GC(5) Concurrent Cleanup for Next Mark
[2020-09-18T21:26:58.388+0200][19.037s] GC(5) Concurrent Cleanup for Next Mark 0.307ms
[2020-09-18T21:26:58.388+0200][19.037s] GC(5) Concurrent Cycle 21.197ms
[2020-09-18T21:26:58.931+0200][19.580s] GC(6) Pause Young (Normal) (G1 Evacuation Pause)
[2020-09-18T21:26:58.931+0200][19.580s] GC(6) Using 10 workers of 10 for evacuation
[2020-09-18T21:26:58.937+0200][19.586s] GC(6)   Pre Evacuate Collection Set: 0.0ms
[2020-09-18T21:26:58.937+0200][19.586s] GC(6)   Evacuate Collection Set: 5.1ms
[2020-09-18T21:26:58.937+0200][19.586s] GC(6)   Post Evacuate Collection Set: 0.6ms
[2020-09-18T21:26:58.937+0200][19.586s] GC(6)   Other: 0.2ms
[2020-09-18T21:26:58.937+0200][19.586s] GC(6) Eden regions: 129->0(174)
[2020-09-18T21:26:58.937+0200][19.586s] GC(6) Survivor regions: 6->9(17)
[2020-09-18T21:26:58.937+0200][19.586s] GC(6) Old regions: 20->20
[2020-09-18T21:26:58.937+0200][19.586s] GC(6) Humongous regions: 4->4
[2020-09-18T21:26:58.937+0200][19.586s] GC(6) Metaspace: 39428K->39428K(1085440K)
[2020-09-18T21:26:58.937+0200][19.586s] GC(6) Pause Young (Normal) (G1 Evacuation Pause) 157M->31M(512M) 5.979ms
[2020-09-18T21:26:58.937+0200][19.586s] GC(6) User=0.05s Sys=0.01s Real=0.01s
[2020-09-18T21:26:59.095+0200][19.743s] GC(7) Pause Young (Normal) (G1 Evacuation Pause)
[2020-09-18T21:26:59.095+0200][19.744s] GC(7) Using 10 workers of 10 for evacuation
[2020-09-18T21:26:59.099+0200][19.748s] GC(7)   Pre Evacuate Collection Set: 0.0ms
[2020-09-18T21:26:59.099+0200][19.748s] GC(7)   Evacuate Collection Set: 4.0ms
[2020-09-18T21:26:59.099+0200][19.748s] GC(7)   Post Evacuate Collection Set: 0.4ms
[2020-09-18T21:26:59.099+0200][19.748s] GC(7)   Other: 0.2ms
[2020-09-18T21:26:59.099+0200][19.748s] GC(7) Eden regions: 174->0(239)
[2020-09-18T21:26:59.099+0200][19.748s] GC(7) Survivor regions: 9->11(23)
[2020-09-18T21:26:59.099+0200][19.748s] GC(7) Old regions: 20->20
[2020-09-18T21:26:59.099+0200][19.748s] GC(7) Humongous regions: 5->4
[2020-09-18T21:26:59.099+0200][19.748s] GC(7) Metaspace: 40475K->40475K(1085440K)
[2020-09-18T21:26:59.099+0200][19.748s] GC(7) Pause Young (Normal) (G1 Evacuation Pause) 206M->33M(512M) 4.658ms
[2020-09-18T21:26:59.099+0200][19.748s] GC(7) User=0.04s Sys=0.00s Real=0.00s
[2020-09-18T21:26:59.490+0200][20.139s] GC(8) Pause Young (Normal) (G1 Evacuation Pause)
[2020-09-18T21:26:59.490+0200][20.139s] GC(8) Using 10 workers of 10 for evacuation
[2020-09-18T21:26:59.496+0200][20.145s] GC(8)   Pre Evacuate Collection Set: 0.0ms
[2020-09-18T21:26:59.496+0200][20.145s] GC(8)   Evacuate Collection Set: 4.4ms
[2020-09-18T21:26:59.496+0200][20.145s] GC(8)   Post Evacuate Collection Set: 1.4ms
[2020-09-18T21:26:59.496+0200][20.145s] GC(8)   Other: 0.1ms
[2020-09-18T21:26:59.496+0200][20.145s] GC(8) Eden regions: 239->0(296)
[2020-09-18T21:26:59.496+0200][20.145s] GC(8) Survivor regions: 11->11(32)
[2020-09-18T21:26:59.496+0200][20.145s] GC(8) Old regions: 20->20
[2020-09-18T21:26:59.496+0200][20.145s] GC(8) Humongous regions: 4->4
[2020-09-18T21:26:59.496+0200][20.145s] GC(8) Metaspace: 42617K->42617K(1087488K)
[2020-09-18T21:26:59.496+0200][20.145s] GC(8) Pause Young (Normal) (G1 Evacuation Pause) 272M->33M(512M) 5.937ms
[2020-09-18T21:26:59.496+0200][20.145s] GC(8) User=0.06s Sys=0.00s Real=0.01s
[2020-09-18T21:26:59.825+0200][20.474s] GC(9) Pause Young (Normal) (G1 Evacuation Pause)
[2020-09-18T21:26:59.825+0200][20.474s] GC(9) Using 10 workers of 10 for evacuation
[2020-09-18T21:26:59.830+0200][20.479s] GC(9)   Pre Evacuate Collection Set: 0.0ms
[2020-09-18T21:26:59.830+0200][20.479s] GC(9)   Evacuate Collection Set: 4.3ms
[2020-09-18T21:26:59.830+0200][20.479s] GC(9)   Post Evacuate Collection Set: 0.5ms
[2020-09-18T21:26:59.830+0200][20.479s] GC(9)   Other: 0.2ms
[2020-09-18T21:26:59.830+0200][20.479s] GC(9) Eden regions: 296->0(295)
[2020-09-18T21:26:59.830+0200][20.479s] GC(9) Survivor regions: 11->12(39)
[2020-09-18T21:26:59.830+0200][20.479s] GC(9) Old regions: 20->20
[2020-09-18T21:26:59.830+0200][20.479s] GC(9) Humongous regions: 4->4
[2020-09-18T21:26:59.830+0200][20.479s] GC(9) Metaspace: 45160K->45160K(1089536K)
[2020-09-18T21:26:59.830+0200][20.479s] GC(9) Pause Young (Normal) (G1 Evacuation Pause) 329M->34M(512M) 5.054ms
[2020-09-18T21:26:59.830+0200][20.479s] GC(9) User=0.04s Sys=0.01s Real=0.00s
[2020-09-18T21:27:27.271+0200][47.920s] GC(10) Pause Young (Normal) (G1 Evacuation Pause)
[2020-09-18T21:27:27.271+0200][47.920s] GC(10) Using 10 workers of 10 for evacuation
[2020-09-18T21:27:27.281+0200][47.930s] GC(10)   Pre Evacuate Collection Set: 0.0ms
[2020-09-18T21:27:27.281+0200][47.930s] GC(10)   Evacuate Collection Set: 9.0ms
[2020-09-18T21:27:27.281+0200][47.930s] GC(10)   Post Evacuate Collection Set: 0.7ms
[2020-09-18T21:27:27.281+0200][47.930s] GC(10)   Other: 0.2ms
[2020-09-18T21:27:27.281+0200][47.930s] GC(10) Eden regions: 295->0(283)
[2020-09-18T21:27:27.281+0200][47.930s] GC(10) Survivor regions: 12->24(39)
[2020-09-18T21:27:27.281+0200][47.930s] GC(10) Old regions: 20->20
[2020-09-18T21:27:27.281+0200][47.930s] GC(10) Humongous regions: 4->4
[2020-09-18T21:27:27.281+0200][47.930s] GC(10) Metaspace: 53765K->53765K(1097728K)
[2020-09-18T21:27:27.281+0200][47.930s] GC(10) Pause Young (Normal) (G1 Evacuation Pause) 329M->45M(512M) 9.967ms
[2020-09-18T21:27:27.281+0200][47.930s] GC(10) User=0.10s Sys=0.00s Real=0.01s
[2020-09-18T21:27:27.337+0200][47.986s] GC(11) Pause Young (Normal) (G1 Evacuation Pause)
[2020-09-18T21:27:27.337+0200][47.986s] GC(11) Using 10 workers of 10 for evacuation
[2020-09-18T21:27:27.346+0200][47.994s] GC(11)   Pre Evacuate Collection Set: 0.0ms
[2020-09-18T21:27:27.346+0200][47.994s] GC(11)   Evacuate Collection Set: 7.5ms
[2020-09-18T21:27:27.346+0200][47.994s] GC(11)   Post Evacuate Collection Set: 0.6ms
[2020-09-18T21:27:27.346+0200][47.994s] GC(11)   Other: 0.2ms
[2020-09-18T21:27:27.346+0200][47.994s] GC(11) Eden regions: 283->0(284)
[2020-09-18T21:27:27.346+0200][47.994s] GC(11) Survivor regions: 24->23(39)
[2020-09-18T21:27:27.346+0200][47.994s] GC(11) Old regions: 20->24
[2020-09-18T21:27:27.346+0200][47.994s] GC(11) Humongous regions: 4->4
[2020-09-18T21:27:27.346+0200][47.994s] GC(11) Metaspace: 53795K->53795K(1097728K)
[2020-09-18T21:27:27.346+0200][47.994s] GC(11) Pause Young (Normal) (G1 Evacuation Pause) 328M->49M(512M) 8.363ms
[2020-09-18T21:27:27.346+0200][47.994s] GC(11) User=0.09s Sys=0.00s Real=0.01s
[2020-09-18T21:27:27.414+0200][48.063s] GC(12) Pause Young (Normal) (G1 Evacuation Pause)
[2020-09-18T21:27:27.414+0200][48.063s] GC(12) Using 10 workers of 10 for evacuation
[2020-09-18T21:27:27.422+0200][48.070s] GC(12)   Pre Evacuate Collection Set: 0.0ms
[2020-09-18T21:27:27.422+0200][48.070s] GC(12)   Evacuate Collection Set: 7.2ms
[2020-09-18T21:27:27.422+0200][48.070s] GC(12)   Post Evacuate Collection Set: 0.6ms
[2020-09-18T21:27:27.422+0200][48.071s] GC(12)   Other: 0.2ms
[2020-09-18T21:27:27.422+0200][48.071s] GC(12) Eden regions: 284->0(285)
[2020-09-18T21:27:27.422+0200][48.071s] GC(12) Survivor regions: 23->22(39)
[2020-09-18T21:27:27.422+0200][48.071s] GC(12) Old regions: 24->27
[2020-09-18T21:27:27.422+0200][48.071s] GC(12) Humongous regions: 4->4
[2020-09-18T21:27:27.422+0200][48.071s] GC(12) Metaspace: 53828K->53828K(1097728K)
[2020-09-18T21:27:27.422+0200][48.071s] GC(12) Pause Young (Normal) (G1 Evacuation Pause) 333M->50M(512M) 7.986ms
[2020-09-18T21:27:27.422+0200][48.071s] GC(12) User=0.09s Sys=0.00s Real=0.01s
[2020-09-18T21:27:28.994+0200][49.643s] GC(13) Pause Young (Normal) (G1 Evacuation Pause)
[2020-09-18T21:27:28.994+0200][49.643s] GC(13) Using 10 workers of 10 for evacuation
[2020-09-18T21:27:29.006+0200][49.655s] GC(13)   Pre Evacuate Collection Set: 0.0ms
[2020-09-18T21:27:29.006+0200][49.655s] GC(13)   Evacuate Collection Set: 10.9ms
[2020-09-18T21:27:29.006+0200][49.655s] GC(13)   Post Evacuate Collection Set: 0.8ms
[2020-09-18T21:27:29.006+0200][49.655s] GC(13)   Other: 0.2ms
[2020-09-18T21:27:29.006+0200][49.655s] GC(13) Eden regions: 285->0(272)
[2020-09-18T21:27:29.006+0200][49.655s] GC(13) Survivor regions: 22->35(39)
[2020-09-18T21:27:29.006+0200][49.655s] GC(13) Old regions: 27->27
[2020-09-18T21:27:29.006+0200][49.655s] GC(13) Humongous regions: 4->4
[2020-09-18T21:27:29.006+0200][49.655s] GC(13) Metaspace: 54709K->54709K(1099776K)
[2020-09-18T21:27:29.006+0200][49.655s] GC(13) Pause Young (Normal) (G1 Evacuation Pause) 335M->63M(512M) 12.047ms
[2020-09-18T21:27:29.006+0200][49.655s] GC(13) User=0.12s Sys=0.01s Real=0.02s
[2020-09-18T21:27:29.083+0200][49.732s] GC(14) Pause Young (Normal) (G1 Evacuation Pause)
[2020-09-18T21:27:29.083+0200][49.732s] GC(14) Using 10 workers of 10 for evacuation
[2020-09-18T21:27:29.094+0200][49.743s] GC(14)   Pre Evacuate Collection Set: 0.0ms
[2020-09-18T21:27:29.094+0200][49.743s] GC(14)   Evacuate Collection Set: 10.3ms
[2020-09-18T21:27:29.094+0200][49.743s] GC(14)   Post Evacuate Collection Set: 0.5ms
[2020-09-18T21:27:29.094+0200][49.743s] GC(14)   Other: 0.2ms
[2020-09-18T21:27:29.094+0200][49.743s] GC(14) Eden regions: 272->0(282)
[2020-09-18T21:27:29.094+0200][49.743s] GC(14) Survivor regions: 35->25(39)
[2020-09-18T21:27:29.094+0200][49.743s] GC(14) Old regions: 27->42
[2020-09-18T21:27:29.094+0200][49.743s] GC(14) Humongous regions: 4->4
[2020-09-18T21:27:29.094+0200][49.743s] GC(14) Metaspace: 54814K->54814K(1099776K)
[2020-09-18T21:27:29.094+0200][49.743s] GC(14) Pause Young (Normal) (G1 Evacuation Pause) 335M->68M(512M) 11.035ms
[2020-09-18T21:27:29.094+0200][49.743s] GC(14) User=0.10s Sys=0.01s Real=0.00s
[2020-09-18T21:27:29.171+0200][49.820s] GC(15) Pause Young (Normal) (G1 Evacuation Pause)
[2020-09-18T21:27:29.171+0200][49.820s] GC(15) Using 10 workers of 10 for evacuation
[2020-09-18T21:27:29.180+0200][49.828s] GC(15)   Pre Evacuate Collection Set: 0.0ms
[2020-09-18T21:27:29.180+0200][49.828s] GC(15)   Evacuate Collection Set: 7.6ms
[2020-09-18T21:27:29.180+0200][49.828s] GC(15)   Post Evacuate Collection Set: 0.7ms
[2020-09-18T21:27:29.180+0200][49.828s] GC(15)   Other: 0.2ms
[2020-09-18T21:27:29.180+0200][49.828s] GC(15) Eden regions: 282->0(298)
[2020-09-18T21:27:29.180+0200][49.828s] GC(15) Survivor regions: 25->9(39)
[2020-09-18T21:27:29.180+0200][49.828s] GC(15) Old regions: 42->59
[2020-09-18T21:27:29.180+0200][49.828s] GC(15) Humongous regions: 4->4
[2020-09-18T21:27:29.180+0200][49.828s] GC(15) Metaspace: 54902K->54902K(1099776K)
[2020-09-18T21:27:29.180+0200][49.828s] GC(15) Pause Young (Normal) (G1 Evacuation Pause) 350M->70M(512M) 8.544ms
[2020-09-18T21:27:29.180+0200][49.828s] GC(15) User=0.09s Sys=0.01s Real=0.01s
[2020-09-18T21:28:55.124+0200][135.773s] GC(16) Pause Young (Normal) (G1 Evacuation Pause)
[2020-09-18T21:28:55.124+0200][135.773s] GC(16) Using 10 workers of 10 for evacuation
[2020-09-18T21:28:55.133+0200][135.782s] GC(16)   Pre Evacuate Collection Set: 0.0ms
[2020-09-18T21:28:55.133+0200][135.782s] GC(16)   Evacuate Collection Set: 6.2ms
[2020-09-18T21:28:55.133+0200][135.782s] GC(16)   Post Evacuate Collection Set: 2.1ms
[2020-09-18T21:28:55.133+0200][135.782s] GC(16)   Other: 0.3ms
[2020-09-18T21:28:55.133+0200][135.782s] GC(16) Eden regions: 298->0(295)
[2020-09-18T21:28:55.133+0200][135.782s] GC(16) Survivor regions: 9->12(39)
[2020-09-18T21:28:55.133+0200][135.782s] GC(16) Old regions: 59->59
[2020-09-18T21:28:55.133+0200][135.782s] GC(16) Humongous regions: 4->4
[2020-09-18T21:28:55.133+0200][135.782s] GC(16) Metaspace: 56254K->56254K(1099776K)
[2020-09-18T21:28:55.133+0200][135.782s] GC(16) Pause Young (Normal) (G1 Evacuation Pause) 368M->73M(512M) 8.598ms
[2020-09-18T21:28:55.133+0200][135.782s] GC(16) User=0.08s Sys=0.01s Real=0.00s
[2020-09-18T21:30:15.040+0200][215.688s] GC(17) Pause Young (Concurrent Start) (Metadata GC Threshold)
[2020-09-18T21:30:15.040+0200][215.688s] GC(17) Using 10 workers of 10 for evacuation
[2020-09-18T21:30:15.051+0200][215.700s] GC(17)   Pre Evacuate Collection Set: 0.1ms
[2020-09-18T21:30:15.051+0200][215.700s] GC(17)   Evacuate Collection Set: 11.0ms
[2020-09-18T21:30:15.051+0200][215.700s] GC(17)   Post Evacuate Collection Set: 0.5ms
[2020-09-18T21:30:15.051+0200][215.700s] GC(17)   Other: 0.2ms
[2020-09-18T21:30:15.051+0200][215.700s] GC(17) Eden regions: 180->0(290)
[2020-09-18T21:30:15.051+0200][215.700s] GC(17) Survivor regions: 12->17(39)
[2020-09-18T21:30:15.051+0200][215.700s] GC(17) Old regions: 59->59
[2020-09-18T21:30:15.051+0200][215.700s] GC(17) Humongous regions: 7->7
[2020-09-18T21:30:15.051+0200][215.700s] GC(17) Metaspace: 58371K->58371K(1101824K)
[2020-09-18T21:30:15.052+0200][215.700s] GC(17) Pause Young (Concurrent Start) (Metadata GC Threshold) 255M->81M(512M) 11.944ms
[2020-09-18T21:30:15.052+0200][215.700s] GC(17) User=0.07s Sys=0.01s Real=0.01s
[2020-09-18T21:30:15.052+0200][215.700s] GC(18) Concurrent Cycle
[2020-09-18T21:30:15.052+0200][215.700s] GC(18) Concurrent Clear Claimed Marks
[2020-09-18T21:30:15.052+0200][215.700s] GC(18) Concurrent Clear Claimed Marks 0.066ms
[2020-09-18T21:30:15.052+0200][215.700s] GC(18) Concurrent Scan Root Regions
[2020-09-18T21:30:15.056+0200][215.704s] GC(18) Concurrent Scan Root Regions 3.932ms
[2020-09-18T21:30:15.056+0200][215.704s] GC(18) Concurrent Mark (215.704s)
[2020-09-18T21:30:15.056+0200][215.704s] GC(18) Concurrent Mark From Roots
[2020-09-18T21:30:15.056+0200][215.704s] GC(18) Using 3 workers of 3 for marking
[2020-09-18T21:30:15.095+0200][215.744s] GC(18) Concurrent Mark From Roots 39.700ms
[2020-09-18T21:30:15.095+0200][215.744s] GC(18) Concurrent Preclean
[2020-09-18T21:30:15.096+0200][215.744s] GC(18) Concurrent Preclean 0.168ms
[2020-09-18T21:30:15.096+0200][215.744s] GC(18) Concurrent Mark (215.704s, 215.744s) 39.914ms
[2020-09-18T21:30:15.096+0200][215.745s] GC(18) Pause Remark
[2020-09-18T21:30:15.105+0200][215.754s] GC(18) Cleaned string and symbol table, strings: 28889 processed, 57 removed, symbols: 154398 processed, 589 removed
[2020-09-18T21:30:15.105+0200][215.754s] GC(18) Pause Remark 104M->104M(512M) 9.700ms
[2020-09-18T21:30:15.105+0200][215.754s] GC(18) User=0.09s Sys=0.00s Real=0.01s
[2020-09-18T21:30:15.106+0200][215.754s] GC(18) Concurrent Rebuild Remembered Sets
[2020-09-18T21:30:15.137+0200][215.785s] GC(18) Concurrent Rebuild Remembered Sets 30.968ms
[2020-09-18T21:30:15.137+0200][215.786s] GC(18) Pause Cleanup
[2020-09-18T21:30:15.137+0200][215.786s] GC(18) Pause Cleanup 118M->118M(512M) 0.173ms
[2020-09-18T21:30:15.137+0200][215.786s] GC(18) User=0.00s Sys=0.00s Real=0.00s
[2020-09-18T21:30:15.137+0200][215.786s] GC(18) Concurrent Cleanup for Next Mark
[2020-09-18T21:30:15.138+0200][215.786s] GC(18) Concurrent Cleanup for Next Mark 0.407ms
[2020-09-18T21:30:15.138+0200][215.786s] GC(18) Concurrent Cycle 86.087ms
[2020-09-18T21:31:13.188+0200][273.837s] GC(19) Pause Young (Normal) (G1 Evacuation Pause)
[2020-09-18T21:31:13.188+0200][273.837s] GC(19) Using 10 workers of 10 for evacuation
[2020-09-18T21:31:13.196+0200][273.844s] GC(19)   Pre Evacuate Collection Set: 0.0ms
[2020-09-18T21:31:13.196+0200][273.844s] GC(19)   Evacuate Collection Set: 6.3ms
[2020-09-18T21:31:13.196+0200][273.844s] GC(19)   Post Evacuate Collection Set: 0.8ms
[2020-09-18T21:31:13.196+0200][273.844s] GC(19)   Other: 0.2ms
[2020-09-18T21:31:13.196+0200][273.844s] GC(19) Eden regions: 290->0(289)
[2020-09-18T21:31:13.196+0200][273.844s] GC(19) Survivor regions: 17->18(39)
[2020-09-18T21:31:13.196+0200][273.844s] GC(19) Old regions: 59->59
[2020-09-18T21:31:13.196+0200][273.844s] GC(19) Humongous regions: 7->7
[2020-09-18T21:31:13.196+0200][273.844s] GC(19) Metaspace: 60284K->60284K(1103872K)
[2020-09-18T21:31:13.196+0200][273.844s] GC(19) Pause Young (Normal) (G1 Evacuation Pause) 371M->82M(512M) 7.358ms
[2020-09-18T21:31:13.196+0200][273.845s] GC(19) User=0.07s Sys=0.00s Real=0.01s
[2020-09-18T21:32:55.279+0200][375.927s] GC(20) Pause Young (Normal) (G1 Evacuation Pause)
[2020-09-18T21:32:55.279+0200][375.927s] GC(20) Using 10 workers of 10 for evacuation
[2020-09-18T21:32:55.288+0200][375.937s] GC(20)   Pre Evacuate Collection Set: 0.0ms
[2020-09-18T21:32:55.288+0200][375.937s] GC(20)   Evacuate Collection Set: 6.9ms
[2020-09-18T21:32:55.288+0200][375.937s] GC(20)   Post Evacuate Collection Set: 2.3ms
[2020-09-18T21:32:55.288+0200][375.937s] GC(20)   Other: 0.2ms
[2020-09-18T21:32:55.288+0200][375.937s] GC(20) Eden regions: 289->0(285)
[2020-09-18T21:32:55.288+0200][375.937s] GC(20) Survivor regions: 18->22(39)
[2020-09-18T21:32:55.288+0200][375.937s] GC(20) Old regions: 59->59
[2020-09-18T21:32:55.288+0200][375.937s] GC(20) Humongous regions: 7->7
[2020-09-18T21:32:55.288+0200][375.937s] GC(20) Metaspace: 60580K->60580K(1103872K)
[2020-09-18T21:32:55.288+0200][375.937s] GC(20) Pause Young (Normal) (G1 Evacuation Pause) 371M->86M(512M) 9.522ms
[2020-09-18T21:32:55.288+0200][375.937s] GC(20) User=0.11s Sys=0.00s Real=0.01s
[2020-09-18T21:47:38.876+0200][1258.683s] GC(21) Pause Young (Normal) (G1 Evacuation Pause)
[2020-09-18T21:47:38.876+0200][1258.683s] GC(21) Using 10 workers of 10 for evacuation
[2020-09-18T21:47:38.885+0200][1258.692s] GC(21)   Pre Evacuate Collection Set: 0.0ms
[2020-09-18T21:47:38.885+0200][1258.692s] GC(21)   Evacuate Collection Set: 7.8ms
[2020-09-18T21:47:38.885+0200][1258.692s] GC(21)   Post Evacuate Collection Set: 0.7ms
[2020-09-18T21:47:38.885+0200][1258.692s] GC(21)   Other: 0.2ms
[2020-09-18T21:47:38.885+0200][1258.692s] GC(21) Eden regions: 285->0(283)
[2020-09-18T21:47:38.885+0200][1258.692s] GC(21) Survivor regions: 22->24(39)
[2020-09-18T21:47:38.885+0200][1258.692s] GC(21) Old regions: 59->61
[2020-09-18T21:47:38.885+0200][1258.692s] GC(21) Humongous regions: 7->7
[2020-09-18T21:47:38.885+0200][1258.692s] GC(21) Metaspace: 60993K->60993K(1105920K)
[2020-09-18T21:47:38.885+0200][1258.692s] GC(21) Pause Young (Normal) (G1 Evacuation Pause) 371M->89M(512M) 8.797ms
[2020-09-18T21:47:38.885+0200][1258.692s] GC(21) User=0.09s Sys=0.00s Real=0.01s
[2020-09-19T14:46:43.622+0200][12239.336s] GC(22) Pause Young (Normal) (G1 Evacuation Pause)
[2020-09-19T14:46:43.622+0200][12239.336s] GC(22) Using 10 workers of 10 for evacuation
[2020-09-19T14:46:43.631+0200][12239.345s] GC(22)   Pre Evacuate Collection Set: 0.0ms
[2020-09-19T14:46:43.631+0200][12239.345s] GC(22)   Evacuate Collection Set: 7.7ms
[2020-09-19T14:46:43.631+0200][12239.345s] GC(22)   Post Evacuate Collection Set: 1.1ms
[2020-09-19T14:46:43.631+0200][12239.345s] GC(22)   Other: 0.2ms
[2020-09-19T14:46:43.631+0200][12239.345s] GC(22) Eden regions: 283->0(295)
[2020-09-19T14:46:43.631+0200][12239.345s] GC(22) Survivor regions: 24->12(39)
[2020-09-19T14:46:43.631+0200][12239.345s] GC(22) Old regions: 61->70
[2020-09-19T14:46:43.631+0200][12239.345s] GC(22) Humongous regions: 7->7
[2020-09-19T14:46:43.631+0200][12239.345s] GC(22) Metaspace: 62007K->62007K(1105920K)
[2020-09-19T14:46:43.631+0200][12239.345s] GC(22) Pause Young (Normal) (G1 Evacuation Pause) 372M->86M(512M) 9.040ms
[2020-09-19T14:46:43.631+0200][12239.345s] GC(22) User=0.08s Sys=0.00s Real=0.01s
