[2020-07-20T20:44:52.220+0200][0.006s] Heap region size: 1M
[2020-07-20T20:44:52.232+0200][0.018s] Using G1
[2020-07-20T20:44:52.232+0200][0.018s] Heap address: 0x00000000e0000000, size: 512 MB, Compressed Oops mode: 32-bit
[2020-07-20T20:44:52.233+0200][0.019s] Mark closed archive regions in map: [0x00000000fff00000, 0x00000000fff69ff8]
[2020-07-20T20:44:52.233+0200][0.019s] Mark open archive regions in map: [0x00000000ffe00000, 0x00000000ffe46ff8]
[2020-07-20T20:44:52.608+0200][0.394s] GC(0) Pause Young (Normal) (G1 Evacuation Pause)
[2020-07-20T20:44:52.609+0200][0.396s] GC(0) Using 10 workers of 10 for evacuation
[2020-07-20T20:44:52.617+0200][0.403s] GC(0)   Pre Evacuate Collection Set: 0.0ms
[2020-07-20T20:44:52.617+0200][0.403s] GC(0)   Evacuate Collection Set: 7.1ms
[2020-07-20T20:44:52.617+0200][0.403s] GC(0)   Post Evacuate Collection Set: 0.6ms
[2020-07-20T20:44:52.617+0200][0.403s] GC(0)   Other: 1.1ms
[2020-07-20T20:44:52.617+0200][0.403s] GC(0) Eden regions: 30->0(304)
[2020-07-20T20:44:52.617+0200][0.403s] GC(0) Survivor regions: 0->3(4)
[2020-07-20T20:44:52.617+0200][0.403s] GC(0) Old regions: 2->2
[2020-07-20T20:44:52.617+0200][0.403s] GC(0) Humongous regions: 0->0
[2020-07-20T20:44:52.617+0200][0.403s] GC(0) Metaspace: 6493K->6493K(1056768K)
[2020-07-20T20:44:52.617+0200][0.403s] GC(0) Pause Young (Normal) (G1 Evacuation Pause) 30M->3M(512M) 8.859ms
[2020-07-20T20:44:52.617+0200][0.403s] GC(0) User=0.07s Sys=0.00s Real=0.01s
[2020-07-20T20:44:53.385+0200][1.171s] GC(1) Pause Young (Concurrent Start) (Metadata GC Threshold)
[2020-07-20T20:44:53.385+0200][1.171s] GC(1) Using 10 workers of 10 for evacuation
[2020-07-20T20:44:53.398+0200][1.184s] GC(1)   Pre Evacuate Collection Set: 0.0ms
[2020-07-20T20:44:53.398+0200][1.184s] GC(1)   Evacuate Collection Set: 12.3ms
[2020-07-20T20:44:53.398+0200][1.184s] GC(1)   Post Evacuate Collection Set: 0.7ms
[2020-07-20T20:44:53.398+0200][1.184s] GC(1)   Other: 0.2ms
[2020-07-20T20:44:53.398+0200][1.184s] GC(1) Eden regions: 99->0(98)
[2020-07-20T20:44:53.398+0200][1.184s] GC(1) Survivor regions: 3->19(39)
[2020-07-20T20:44:53.398+0200][1.184s] GC(1) Old regions: 2->2
[2020-07-20T20:44:53.398+0200][1.184s] GC(1) Humongous regions: 4->4
[2020-07-20T20:44:53.398+0200][1.184s] GC(1) Metaspace: 20482K->20482K(1069056K)
[2020-07-20T20:44:53.398+0200][1.184s] GC(1) Pause Young (Concurrent Start) (Metadata GC Threshold) 106M->23M(512M) 13.289ms
[2020-07-20T20:44:53.398+0200][1.184s] GC(1) User=0.07s Sys=0.01s Real=0.02s
[2020-07-20T20:44:53.398+0200][1.184s] GC(2) Concurrent Cycle
[2020-07-20T20:44:53.398+0200][1.184s] GC(2) Concurrent Clear Claimed Marks
[2020-07-20T20:44:53.398+0200][1.184s] GC(2) Concurrent Clear Claimed Marks 0.038ms
[2020-07-20T20:44:53.398+0200][1.184s] GC(2) Concurrent Scan Root Regions
[2020-07-20T20:44:53.401+0200][1.188s] GC(2) Concurrent Scan Root Regions 3.265ms
[2020-07-20T20:44:53.401+0200][1.188s] GC(2) Concurrent Mark (1.188s)
[2020-07-20T20:44:53.401+0200][1.188s] GC(2) Concurrent Mark From Roots
[2020-07-20T20:44:53.401+0200][1.188s] GC(2) Using 3 workers of 3 for marking
[2020-07-20T20:44:53.405+0200][1.191s] GC(2) Concurrent Mark From Roots 3.235ms
[2020-07-20T20:44:53.405+0200][1.191s] GC(2) Concurrent Preclean
[2020-07-20T20:44:53.405+0200][1.191s] GC(2) Concurrent Preclean 0.118ms
[2020-07-20T20:44:53.405+0200][1.191s] GC(2) Concurrent Mark (1.188s, 1.191s) 3.383ms
[2020-07-20T20:44:53.405+0200][1.191s] GC(2) Pause Remark
[2020-07-20T20:44:53.406+0200][1.192s] GC(2) Cleaned string and symbol table, strings: 9062 processed, 0 removed, symbols: 62245 processed, 36 removed
[2020-07-20T20:44:53.406+0200][1.192s] GC(2) Pause Remark 23M->23M(512M) 1.136ms
[2020-07-20T20:44:53.406+0200][1.192s] GC(2) User=0.01s Sys=0.00s Real=0.01s
[2020-07-20T20:44:53.406+0200][1.192s] GC(2) Concurrent Rebuild Remembered Sets
[2020-07-20T20:44:53.408+0200][1.194s] GC(2) Concurrent Rebuild Remembered Sets 1.639ms
[2020-07-20T20:44:53.408+0200][1.194s] GC(2) Pause Cleanup
[2020-07-20T20:44:53.408+0200][1.194s] GC(2) Pause Cleanup 24M->24M(512M) 0.173ms
[2020-07-20T20:44:53.408+0200][1.194s] GC(2) User=0.01s Sys=0.00s Real=0.00s
[2020-07-20T20:44:53.408+0200][1.194s] GC(2) Concurrent Cleanup for Next Mark
[2020-07-20T20:44:53.409+0200][1.195s] GC(2) Concurrent Cleanup for Next Mark 0.301ms
[2020-07-20T20:44:53.409+0200][1.195s] GC(2) Concurrent Cycle 10.484ms
[2020-07-20T20:44:54.452+0200][2.238s] GC(3) Pause Young (Normal) (G1 Evacuation Pause)
[2020-07-20T20:44:54.452+0200][2.238s] GC(3) Using 10 workers of 10 for evacuation
[2020-07-20T20:44:54.463+0200][2.249s] GC(3)   Pre Evacuate Collection Set: 0.0ms
[2020-07-20T20:44:54.463+0200][2.249s] GC(3)   Evacuate Collection Set: 10.4ms
[2020-07-20T20:44:54.463+0200][2.249s] GC(3)   Post Evacuate Collection Set: 0.6ms
[2020-07-20T20:44:54.463+0200][2.249s] GC(3)   Other: 0.2ms
[2020-07-20T20:44:54.463+0200][2.249s] GC(3) Eden regions: 72->0(115)
[2020-07-20T20:44:54.463+0200][2.249s] GC(3) Survivor regions: 19->5(12)
[2020-07-20T20:44:54.463+0200][2.249s] GC(3) Old regions: 2->21
[2020-07-20T20:44:54.463+0200][2.249s] GC(3) Humongous regions: 4->4
[2020-07-20T20:44:54.463+0200][2.249s] GC(3) Metaspace: 30574K->30574K(1077248K)
[2020-07-20T20:44:54.463+0200][2.249s] GC(3) Pause Young (Normal) (G1 Evacuation Pause) 95M->27M(512M) 11.250ms
[2020-07-20T20:44:54.463+0200][2.249s] GC(3) User=0.09s Sys=0.01s Real=0.01s
[2020-07-20T20:44:55.373+0200][3.159s] GC(4) Pause Young (Concurrent Start) (Metadata GC Threshold)
[2020-07-20T20:44:55.373+0200][3.159s] GC(4) Using 10 workers of 10 for evacuation
[2020-07-20T20:44:55.378+0200][3.164s] GC(4)   Pre Evacuate Collection Set: 0.1ms
[2020-07-20T20:44:55.378+0200][3.164s] GC(4)   Evacuate Collection Set: 4.4ms
[2020-07-20T20:44:55.378+0200][3.164s] GC(4)   Post Evacuate Collection Set: 0.7ms
[2020-07-20T20:44:55.378+0200][3.164s] GC(4)   Other: 0.2ms
[2020-07-20T20:44:55.378+0200][3.164s] GC(4) Eden regions: 58->0(133)
[2020-07-20T20:44:55.378+0200][3.164s] GC(4) Survivor regions: 5->6(15)
[2020-07-20T20:44:55.378+0200][3.164s] GC(4) Old regions: 21->21
[2020-07-20T20:44:55.378+0200][3.164s] GC(4) Humongous regions: 4->4
[2020-07-20T20:44:55.378+0200][3.164s] GC(4) Metaspace: 34984K->34984K(1081344K)
[2020-07-20T20:44:55.378+0200][3.164s] GC(4) Pause Young (Concurrent Start) (Metadata GC Threshold) 85M->29M(512M) 5.305ms
[2020-07-20T20:44:55.378+0200][3.164s] GC(4) User=0.04s Sys=0.00s Real=0.01s
[2020-07-20T20:44:55.378+0200][3.164s] GC(5) Concurrent Cycle
[2020-07-20T20:44:55.378+0200][3.164s] GC(5) Concurrent Clear Claimed Marks
[2020-07-20T20:44:55.378+0200][3.164s] GC(5) Concurrent Clear Claimed Marks 0.023ms
[2020-07-20T20:44:55.378+0200][3.164s] GC(5) Concurrent Scan Root Regions
[2020-07-20T20:44:55.380+0200][3.166s] GC(5) Concurrent Scan Root Regions 1.907ms
[2020-07-20T20:44:55.380+0200][3.166s] GC(5) Concurrent Mark (3.166s)
[2020-07-20T20:44:55.380+0200][3.166s] GC(5) Concurrent Mark From Roots
[2020-07-20T20:44:55.380+0200][3.166s] GC(5) Using 3 workers of 3 for marking
[2020-07-20T20:44:55.390+0200][3.176s] GC(5) Concurrent Mark From Roots 9.800ms
[2020-07-20T20:44:55.390+0200][3.176s] GC(5) Concurrent Preclean
[2020-07-20T20:44:55.390+0200][3.176s] GC(5) Concurrent Preclean 0.145ms
[2020-07-20T20:44:55.390+0200][3.176s] GC(5) Concurrent Mark (3.166s, 3.176s) 9.982ms
[2020-07-20T20:44:55.390+0200][3.176s] GC(5) Pause Remark
[2020-07-20T20:44:55.392+0200][3.178s] GC(5) Cleaned string and symbol table, strings: 14790 processed, 26 removed, symbols: 102985 processed, 152 removed
[2020-07-20T20:44:55.392+0200][3.178s] GC(5) Pause Remark 30M->30M(512M) 1.888ms
[2020-07-20T20:44:55.392+0200][3.178s] GC(5) User=0.01s Sys=0.00s Real=0.00s
[2020-07-20T20:44:55.392+0200][3.178s] GC(5) Concurrent Rebuild Remembered Sets
[2020-07-20T20:44:55.399+0200][3.186s] GC(5) Concurrent Rebuild Remembered Sets 7.170ms
[2020-07-20T20:44:55.400+0200][3.186s] GC(5) Pause Cleanup
[2020-07-20T20:44:55.400+0200][3.186s] GC(5) Pause Cleanup 31M->31M(512M) 0.136ms
[2020-07-20T20:44:55.400+0200][3.186s] GC(5) User=0.00s Sys=0.00s Real=0.00s
[2020-07-20T20:44:55.400+0200][3.186s] GC(5) Concurrent Cleanup for Next Mark
[2020-07-20T20:44:55.400+0200][3.186s] GC(5) Concurrent Cleanup for Next Mark 0.273ms
[2020-07-20T20:44:55.400+0200][3.186s] GC(5) Concurrent Cycle 22.174ms
[2020-07-20T20:45:20.879+0200][28.665s] GC(6) Pause Young (Normal) (G1 Evacuation Pause)
[2020-07-20T20:45:20.879+0200][28.665s] GC(6) Using 10 workers of 10 for evacuation
[2020-07-20T20:45:20.884+0200][28.670s] GC(6)   Pre Evacuate Collection Set: 0.0ms
[2020-07-20T20:45:20.884+0200][28.670s] GC(6)   Evacuate Collection Set: 4.6ms
[2020-07-20T20:45:20.884+0200][28.670s] GC(6)   Post Evacuate Collection Set: 0.5ms
[2020-07-20T20:45:20.884+0200][28.670s] GC(6)   Other: 0.2ms
[2020-07-20T20:45:20.884+0200][28.670s] GC(6) Eden regions: 133->0(202)
[2020-07-20T20:45:20.884+0200][28.670s] GC(6) Survivor regions: 6->10(18)
[2020-07-20T20:45:20.884+0200][28.670s] GC(6) Old regions: 21->21
[2020-07-20T20:45:20.884+0200][28.670s] GC(6) Humongous regions: 4->4
[2020-07-20T20:45:20.884+0200][28.670s] GC(6) Metaspace: 42565K->42565K(1087488K)
[2020-07-20T20:45:20.884+0200][28.670s] GC(6) Pause Young (Normal) (G1 Evacuation Pause) 162M->32M(512M) 5.332ms
[2020-07-20T20:45:20.884+0200][28.670s] GC(6) User=0.05s Sys=0.00s Real=0.00s
[2020-07-20T20:45:21.831+0200][29.618s] GC(7) Pause Young (Normal) (G1 Evacuation Pause)
[2020-07-20T20:45:21.831+0200][29.618s] GC(7) Using 10 workers of 10 for evacuation
[2020-07-20T20:45:21.838+0200][29.624s] GC(7)   Pre Evacuate Collection Set: 0.0ms
[2020-07-20T20:45:21.838+0200][29.624s] GC(7)   Evacuate Collection Set: 5.2ms
[2020-07-20T20:45:21.838+0200][29.624s] GC(7)   Post Evacuate Collection Set: 0.8ms
[2020-07-20T20:45:21.838+0200][29.624s] GC(7)   Other: 0.2ms
[2020-07-20T20:45:21.838+0200][29.624s] GC(7) Eden regions: 202->0(269)
[2020-07-20T20:45:21.838+0200][29.624s] GC(7) Survivor regions: 10->14(27)
[2020-07-20T20:45:21.838+0200][29.624s] GC(7) Old regions: 21->21
[2020-07-20T20:45:21.838+0200][29.624s] GC(7) Humongous regions: 5->4
[2020-07-20T20:45:21.838+0200][29.624s] GC(7) Metaspace: 49068K->49068K(1093632K)
[2020-07-20T20:45:21.838+0200][29.624s] GC(7) Pause Young (Normal) (G1 Evacuation Pause) 235M->36M(512M) 6.259ms
[2020-07-20T20:45:21.838+0200][29.624s] GC(7) User=0.06s Sys=0.01s Real=0.01s
[2020-07-20T20:45:22.825+0200][30.611s] GC(8) Pause Young (Normal) (G1 Evacuation Pause)
[2020-07-20T20:45:22.825+0200][30.611s] GC(8) Using 10 workers of 10 for evacuation
[2020-07-20T20:45:22.835+0200][30.621s] GC(8)   Pre Evacuate Collection Set: 0.0ms
[2020-07-20T20:45:22.835+0200][30.621s] GC(8)   Evacuate Collection Set: 8.1ms
[2020-07-20T20:45:22.835+0200][30.621s] GC(8)   Post Evacuate Collection Set: 1.7ms
[2020-07-20T20:45:22.835+0200][30.621s] GC(8)   Other: 0.2ms
[2020-07-20T20:45:22.835+0200][30.621s] GC(8) Eden regions: 269->0(288)
[2020-07-20T20:45:22.835+0200][30.621s] GC(8) Survivor regions: 14->19(36)
[2020-07-20T20:45:22.835+0200][30.621s] GC(8) Old regions: 21->21
[2020-07-20T20:45:22.835+0200][30.621s] GC(8) Humongous regions: 4->4
[2020-07-20T20:45:22.835+0200][30.621s] GC(8) Metaspace: 52784K->52784K(1097728K)
[2020-07-20T20:45:22.835+0200][30.621s] GC(8) Pause Young (Normal) (G1 Evacuation Pause) 305M->41M(512M) 10.067ms
[2020-07-20T20:45:22.835+0200][30.621s] GC(8) User=0.10s Sys=0.01s Real=0.02s
[2020-07-21T20:32:11.392+0200][14012.038s] GC(9) Pause Young (Normal) (G1 Evacuation Pause)
[2020-07-21T20:32:11.392+0200][14012.038s] GC(9) Using 10 workers of 10 for evacuation
[2020-07-21T20:32:11.405+0200][14012.051s] GC(9)   Pre Evacuate Collection Set: 0.0ms
[2020-07-21T20:32:11.405+0200][14012.051s] GC(9)   Evacuate Collection Set: 11.5ms
[2020-07-21T20:32:11.405+0200][14012.051s] GC(9)   Post Evacuate Collection Set: 1.1ms
[2020-07-21T20:32:11.405+0200][14012.051s] GC(9)   Other: 0.4ms
[2020-07-21T20:32:11.405+0200][14012.051s] GC(9) Eden regions: 288->0(285)
[2020-07-21T20:32:11.405+0200][14012.051s] GC(9) Survivor regions: 19->22(39)
[2020-07-21T20:32:11.405+0200][14012.051s] GC(9) Old regions: 21->21
[2020-07-21T20:32:11.405+0200][14012.051s] GC(9) Humongous regions: 4->4
[2020-07-21T20:32:11.405+0200][14012.051s] GC(9) Metaspace: 57121K->57121K(1101824K)
[2020-07-21T20:32:11.405+0200][14012.051s] GC(9) Pause Young (Normal) (G1 Evacuation Pause) 329M->44M(512M) 13.073ms
[2020-07-21T20:32:11.405+0200][14012.051s] GC(9) User=0.11s Sys=0.01s Real=0.01s
[2020-07-22T21:42:02.357+0200][16518.322s] GC(10) Pause Young (Normal) (G1 Evacuation Pause)
[2020-07-22T21:42:02.357+0200][16518.322s] GC(10) Using 10 workers of 10 for evacuation
[2020-07-22T21:42:02.366+0200][16518.330s] GC(10)   Pre Evacuate Collection Set: 0.0ms
[2020-07-22T21:42:02.366+0200][16518.330s] GC(10)   Evacuate Collection Set: 7.2ms
[2020-07-22T21:42:02.366+0200][16518.330s] GC(10)   Post Evacuate Collection Set: 1.1ms
[2020-07-22T21:42:02.366+0200][16518.330s] GC(10)   Other: 0.2ms
[2020-07-22T21:42:02.366+0200][16518.330s] GC(10) Eden regions: 285->0(288)
[2020-07-22T21:42:02.366+0200][16518.330s] GC(10) Survivor regions: 22->19(39)
[2020-07-22T21:42:02.366+0200][16518.330s] GC(10) Old regions: 21->24
[2020-07-22T21:42:02.366+0200][16518.330s] GC(10) Humongous regions: 4->4
[2020-07-22T21:42:02.366+0200][16518.330s] GC(10) Metaspace: 57749K->57749K(1101824K)
[2020-07-22T21:42:02.366+0200][16518.330s] GC(10) Pause Young (Normal) (G1 Evacuation Pause) 329M->44M(512M) 8.507ms
[2020-07-22T21:42:02.366+0200][16518.330s] GC(10) User=0.08s Sys=0.00s Real=0.00s
[2020-07-22T21:50:17.353+0200][17013.317s] GC(11) Pause Young (Normal) (G1 Evacuation Pause)
[2020-07-22T21:50:17.353+0200][17013.317s] GC(11) Using 10 workers of 10 for evacuation
[2020-07-22T21:50:17.361+0200][17013.325s] GC(11)   Pre Evacuate Collection Set: 0.0ms
[2020-07-22T21:50:17.361+0200][17013.325s] GC(11)   Evacuate Collection Set: 6.3ms
[2020-07-22T21:50:17.361+0200][17013.325s] GC(11)   Post Evacuate Collection Set: 1.4ms
[2020-07-22T21:50:17.361+0200][17013.325s] GC(11)   Other: 0.2ms
[2020-07-22T21:50:17.361+0200][17013.325s] GC(11) Eden regions: 288->0(287)
[2020-07-22T21:50:17.361+0200][17013.325s] GC(11) Survivor regions: 19->20(39)
[2020-07-22T21:50:17.361+0200][17013.325s] GC(11) Old regions: 24->24
[2020-07-22T21:50:17.361+0200][17013.325s] GC(11) Humongous regions: 4->4
[2020-07-22T21:50:17.361+0200][17013.325s] GC(11) Metaspace: 58471K->58471K(1101824K)
[2020-07-22T21:50:17.361+0200][17013.325s] GC(11) Pause Young (Normal) (G1 Evacuation Pause) 332M->45M(512M) 8.066ms
[2020-07-22T21:50:17.361+0200][17013.325s] GC(11) User=0.08s Sys=0.00s Real=0.01s
[2020-07-22T22:33:51.822+0200][19627.786s] GC(12) Pause Young (Concurrent Start) (Metadata GC Threshold)
[2020-07-22T22:33:51.822+0200][19627.786s] GC(12) Using 10 workers of 10 for evacuation
[2020-07-22T22:33:51.832+0200][19627.796s] GC(12)   Pre Evacuate Collection Set: 0.1ms
[2020-07-22T22:33:51.832+0200][19627.796s] GC(12)   Evacuate Collection Set: 8.3ms
[2020-07-22T22:33:51.832+0200][19627.796s] GC(12)   Post Evacuate Collection Set: 1.3ms
[2020-07-22T22:33:51.832+0200][19627.796s] GC(12)   Other: 0.3ms
[2020-07-22T22:33:51.832+0200][19627.796s] GC(12) Eden regions: 221->0(288)
[2020-07-22T22:33:51.832+0200][19627.796s] GC(12) Survivor regions: 20->19(39)
[2020-07-22T22:33:51.832+0200][19627.796s] GC(12) Old regions: 24->24
[2020-07-22T22:33:51.832+0200][19627.796s] GC(12) Humongous regions: 4->4
[2020-07-22T22:33:51.832+0200][19627.796s] GC(12) Metaspace: 58803K->58803K(1103872K)
[2020-07-22T22:33:51.832+0200][19627.796s] GC(12) Pause Young (Concurrent Start) (Metadata GC Threshold) 266M->45M(512M) 10.094ms
[2020-07-22T22:33:51.832+0200][19627.796s] GC(12) User=0.06s Sys=0.00s Real=0.01s
[2020-07-22T22:33:51.832+0200][19627.796s] GC(13) Concurrent Cycle
[2020-07-22T22:33:51.832+0200][19627.796s] GC(13) Concurrent Clear Claimed Marks
[2020-07-22T22:33:51.832+0200][19627.796s] GC(13) Concurrent Clear Claimed Marks 0.039ms
[2020-07-22T22:33:51.832+0200][19627.796s] GC(13) Concurrent Scan Root Regions
[2020-07-22T22:33:51.835+0200][19627.799s] GC(13) Concurrent Scan Root Regions 2.885ms
[2020-07-22T22:33:51.835+0200][19627.799s] GC(13) Concurrent Mark (19627.799s)
[2020-07-22T22:33:51.835+0200][19627.799s] GC(13) Concurrent Mark From Roots
[2020-07-22T22:33:51.835+0200][19627.799s] GC(13) Using 3 workers of 3 for marking
[2020-07-22T22:33:51.845+0200][19627.810s] GC(13) Concurrent Mark From Roots 10.598ms
[2020-07-22T22:33:51.845+0200][19627.810s] GC(13) Concurrent Preclean
[2020-07-22T22:33:51.846+0200][19627.810s] GC(13) Concurrent Preclean 0.331ms
[2020-07-22T22:33:51.846+0200][19627.810s] GC(13) Concurrent Mark (19627.799s, 19627.810s) 10.976ms
[2020-07-22T22:33:51.846+0200][19627.811s] GC(13) Pause Remark
[2020-07-22T22:33:51.853+0200][19627.817s] GC(13) Cleaned string and symbol table, strings: 27210 processed, 922 removed, symbols: 152161 processed, 588 removed
[2020-07-22T22:33:51.853+0200][19627.818s] GC(13) Pause Remark 50M->50M(512M) 7.113ms
[2020-07-22T22:33:51.853+0200][19627.818s] GC(13) User=0.06s Sys=0.00s Real=0.01s
[2020-07-22T22:33:51.853+0200][19627.818s] GC(13) Concurrent Rebuild Remembered Sets
[2020-07-22T22:33:51.862+0200][19627.826s] GC(13) Concurrent Rebuild Remembered Sets 8.490ms
[2020-07-22T22:33:51.862+0200][19627.827s] GC(13) Pause Cleanup
[2020-07-22T22:33:51.862+0200][19627.827s] GC(13) Pause Cleanup 50M->50M(512M) 0.136ms
[2020-07-22T22:33:51.862+0200][19627.827s] GC(13) User=0.00s Sys=0.00s Real=0.00s
[2020-07-22T22:33:51.862+0200][19627.827s] GC(13) Concurrent Cleanup for Next Mark
[2020-07-22T22:33:51.863+0200][19627.827s] GC(13) Concurrent Cleanup for Next Mark 0.224ms
[2020-07-22T22:33:51.863+0200][19627.827s] GC(13) Concurrent Cycle 30.794ms
