[2020-10-02T12:18:00.413+0200][0.006s] Heap region size: 1M
[2020-10-02T12:18:00.425+0200][0.017s] Using G1
[2020-10-02T12:18:00.425+0200][0.017s] Heap address: 0x00000000e0000000, size: 512 MB, Compressed Oops mode: 32-bit
[2020-10-02T12:18:00.425+0200][0.017s] Mark closed archive regions in map: [0x00000000fff00000, 0x00000000fff69ff8]
[2020-10-02T12:18:00.425+0200][0.017s] Mark open archive regions in map: [0x00000000ffe00000, 0x00000000ffe46ff8]
[2020-10-02T12:18:00.725+0200][0.317s] GC(0) Pause Young (Normal) (G1 Evacuation Pause)
[2020-10-02T12:18:00.725+0200][0.317s] GC(0) Using 10 workers of 10 for evacuation
[2020-10-02T12:18:00.731+0200][0.324s] GC(0)   Pre Evacuate Collection Set: 0.0ms
[2020-10-02T12:18:00.731+0200][0.324s] GC(0)   Evacuate Collection Set: 5.6ms
[2020-10-02T12:18:00.731+0200][0.324s] GC(0)   Post Evacuate Collection Set: 0.4ms
[2020-10-02T12:18:00.731+0200][0.324s] GC(0)   Other: 0.7ms
[2020-10-02T12:18:00.731+0200][0.324s] GC(0) Eden regions: 30->0(304)
[2020-10-02T12:18:00.731+0200][0.324s] GC(0) Survivor regions: 0->3(4)
[2020-10-02T12:18:00.731+0200][0.324s] GC(0) Old regions: 2->2
[2020-10-02T12:18:00.731+0200][0.324s] GC(0) Humongous regions: 0->0
[2020-10-02T12:18:00.731+0200][0.324s] GC(0) Metaspace: 6438K->6438K(1056768K)
[2020-10-02T12:18:00.731+0200][0.324s] GC(0) Pause Young (Normal) (G1 Evacuation Pause) 30M->3M(512M) 6.847ms
[2020-10-02T12:18:00.731+0200][0.324s] GC(0) User=0.06s Sys=0.00s Real=0.00s
[2020-10-02T12:18:01.574+0200][1.166s] GC(1) Pause Young (Concurrent Start) (Metadata GC Threshold)
[2020-10-02T12:18:01.574+0200][1.166s] GC(1) Using 10 workers of 10 for evacuation
[2020-10-02T12:18:01.582+0200][1.175s] GC(1)   Pre Evacuate Collection Set: 0.0ms
[2020-10-02T12:18:01.582+0200][1.175s] GC(1)   Evacuate Collection Set: 7.4ms
[2020-10-02T12:18:01.582+0200][1.175s] GC(1)   Post Evacuate Collection Set: 0.7ms
[2020-10-02T12:18:01.582+0200][1.175s] GC(1)   Other: 0.1ms
[2020-10-02T12:18:01.582+0200][1.175s] GC(1) Eden regions: 101->0(100)
[2020-10-02T12:18:01.582+0200][1.175s] GC(1) Survivor regions: 3->19(39)
[2020-10-02T12:18:01.582+0200][1.175s] GC(1) Old regions: 2->2
[2020-10-02T12:18:01.582+0200][1.175s] GC(1) Humongous regions: 4->4
[2020-10-02T12:18:01.582+0200][1.175s] GC(1) Metaspace: 20536K->20536K(1069056K)
[2020-10-02T12:18:01.582+0200][1.175s] GC(1) Pause Young (Concurrent Start) (Metadata GC Threshold) 108M->23M(512M) 8.278ms
[2020-10-02T12:18:01.583+0200][1.175s] GC(1) User=0.05s Sys=0.00s Real=0.01s
[2020-10-02T12:18:01.583+0200][1.175s] GC(2) Concurrent Cycle
[2020-10-02T12:18:01.583+0200][1.175s] GC(2) Concurrent Clear Claimed Marks
[2020-10-02T12:18:01.583+0200][1.175s] GC(2) Concurrent Clear Claimed Marks 0.028ms
[2020-10-02T12:18:01.583+0200][1.175s] GC(2) Concurrent Scan Root Regions
[2020-10-02T12:18:01.585+0200][1.177s] GC(2) Concurrent Scan Root Regions 2.335ms
[2020-10-02T12:18:01.585+0200][1.177s] GC(2) Concurrent Mark (1.177s)
[2020-10-02T12:18:01.585+0200][1.177s] GC(2) Concurrent Mark From Roots
[2020-10-02T12:18:01.585+0200][1.177s] GC(2) Using 3 workers of 3 for marking
[2020-10-02T12:18:01.588+0200][1.180s] GC(2) Concurrent Mark From Roots 2.562ms
[2020-10-02T12:18:01.588+0200][1.180s] GC(2) Concurrent Preclean
[2020-10-02T12:18:01.588+0200][1.180s] GC(2) Concurrent Preclean 0.107ms
[2020-10-02T12:18:01.588+0200][1.180s] GC(2) Concurrent Mark (1.177s, 1.180s) 2.699ms
[2020-10-02T12:18:01.588+0200][1.180s] GC(2) Pause Remark
[2020-10-02T12:18:01.589+0200][1.181s] GC(2) Cleaned string and symbol table, strings: 9077 processed, 0 removed, symbols: 62320 processed, 27 removed
[2020-10-02T12:18:01.589+0200][1.181s] GC(2) Pause Remark 24M->24M(512M) 0.929ms
[2020-10-02T12:18:01.589+0200][1.181s] GC(2) User=0.01s Sys=0.00s Real=0.00s
[2020-10-02T12:18:01.589+0200][1.181s] GC(2) Concurrent Rebuild Remembered Sets
[2020-10-02T12:18:01.590+0200][1.182s] GC(2) Concurrent Rebuild Remembered Sets 1.138ms
[2020-10-02T12:18:01.590+0200][1.182s] GC(2) Pause Cleanup
[2020-10-02T12:18:01.590+0200][1.182s] GC(2) Pause Cleanup 24M->24M(512M) 0.070ms
[2020-10-02T12:18:01.590+0200][1.182s] GC(2) User=0.00s Sys=0.00s Real=0.00s
[2020-10-02T12:18:01.590+0200][1.182s] GC(2) Concurrent Cleanup for Next Mark
[2020-10-02T12:18:01.590+0200][1.182s] GC(2) Concurrent Cleanup for Next Mark 0.135ms
[2020-10-02T12:18:01.590+0200][1.182s] GC(2) Concurrent Cycle 7.660ms
[2020-10-02T12:18:02.707+0200][2.300s] GC(3) Pause Young (Normal) (G1 Evacuation Pause)
[2020-10-02T12:18:02.708+0200][2.300s] GC(3) Using 10 workers of 10 for evacuation
[2020-10-02T12:18:02.718+0200][2.311s] GC(3)   Pre Evacuate Collection Set: 0.0ms
[2020-10-02T12:18:02.719+0200][2.311s] GC(3)   Evacuate Collection Set: 10.0ms
[2020-10-02T12:18:02.719+0200][2.311s] GC(3)   Post Evacuate Collection Set: 0.8ms
[2020-10-02T12:18:02.719+0200][2.311s] GC(3)   Other: 0.2ms
[2020-10-02T12:18:02.719+0200][2.311s] GC(3) Eden regions: 72->0(115)
[2020-10-02T12:18:02.719+0200][2.311s] GC(3) Survivor regions: 19->6(12)
[2020-10-02T12:18:02.719+0200][2.311s] GC(3) Old regions: 2->21
[2020-10-02T12:18:02.719+0200][2.311s] GC(3) Humongous regions: 4->4
[2020-10-02T12:18:02.719+0200][2.311s] GC(3) Metaspace: 30150K->30150K(1077248K)
[2020-10-02T12:18:02.719+0200][2.311s] GC(3) Pause Young (Normal) (G1 Evacuation Pause) 95M->27M(512M) 11.061ms
[2020-10-02T12:18:02.719+0200][2.311s] GC(3) User=0.09s Sys=0.02s Real=0.01s
[2020-10-02T12:18:17.876+0200][17.468s] GC(4) Pause Young (Concurrent Start) (Metadata GC Threshold)
[2020-10-02T12:18:17.876+0200][17.468s] GC(4) Using 10 workers of 10 for evacuation
[2020-10-02T12:18:17.879+0200][17.472s] GC(4)   Pre Evacuate Collection Set: 0.0ms
[2020-10-02T12:18:17.880+0200][17.472s] GC(4)   Evacuate Collection Set: 3.0ms
[2020-10-02T12:18:17.880+0200][17.472s] GC(4)   Post Evacuate Collection Set: 0.3ms
[2020-10-02T12:18:17.880+0200][17.472s] GC(4)   Other: 0.1ms
[2020-10-02T12:18:17.880+0200][17.472s] GC(4) Eden regions: 56->0(141)
[2020-10-02T12:18:17.880+0200][17.472s] GC(4) Survivor regions: 6->6(16)
[2020-10-02T12:18:17.880+0200][17.472s] GC(4) Old regions: 21->21
[2020-10-02T12:18:17.880+0200][17.472s] GC(4) Humongous regions: 4->4
[2020-10-02T12:18:17.880+0200][17.472s] GC(4) Metaspace: 34989K->34989K(1081344K)
[2020-10-02T12:18:17.880+0200][17.472s] GC(4) Pause Young (Concurrent Start) (Metadata GC Threshold) 83M->28M(512M) 3.530ms
[2020-10-02T12:18:17.880+0200][17.472s] GC(4) User=0.03s Sys=0.00s Real=0.00s
[2020-10-02T12:18:17.880+0200][17.472s] GC(5) Concurrent Cycle
[2020-10-02T12:18:17.880+0200][17.472s] GC(5) Concurrent Clear Claimed Marks
[2020-10-02T12:18:17.880+0200][17.472s] GC(5) Concurrent Clear Claimed Marks 0.016ms
[2020-10-02T12:18:17.880+0200][17.472s] GC(5) Concurrent Scan Root Regions
[2020-10-02T12:18:17.881+0200][17.473s] GC(5) Concurrent Scan Root Regions 1.195ms
[2020-10-02T12:18:17.881+0200][17.473s] GC(5) Concurrent Mark (17.473s)
[2020-10-02T12:18:17.881+0200][17.473s] GC(5) Concurrent Mark From Roots
[2020-10-02T12:18:17.881+0200][17.473s] GC(5) Using 3 workers of 3 for marking
[2020-10-02T12:18:17.890+0200][17.482s] GC(5) Concurrent Mark From Roots 8.850ms
[2020-10-02T12:18:17.890+0200][17.482s] GC(5) Concurrent Preclean
[2020-10-02T12:18:17.890+0200][17.482s] GC(5) Concurrent Preclean 0.118ms
[2020-10-02T12:18:17.890+0200][17.482s] GC(5) Concurrent Mark (17.473s, 17.482s) 9.002ms
[2020-10-02T12:18:17.890+0200][17.482s] GC(5) Pause Remark
[2020-10-02T12:18:17.891+0200][17.483s] GC(5) Cleaned string and symbol table, strings: 14844 processed, 25 removed, symbols: 103003 processed, 152 removed
[2020-10-02T12:18:17.892+0200][17.484s] GC(5) Pause Remark 30M->30M(512M) 1.485ms
[2020-10-02T12:18:17.892+0200][17.484s] GC(5) User=0.01s Sys=0.01s Real=0.00s
[2020-10-02T12:18:17.892+0200][17.484s] GC(5) Concurrent Rebuild Remembered Sets
[2020-10-02T12:18:17.896+0200][17.488s] GC(5) Concurrent Rebuild Remembered Sets 4.121ms
[2020-10-02T12:18:17.896+0200][17.488s] GC(5) Pause Cleanup
[2020-10-02T12:18:17.896+0200][17.488s] GC(5) Pause Cleanup 31M->31M(512M) 0.108ms
[2020-10-02T12:18:17.896+0200][17.488s] GC(5) User=0.00s Sys=0.00s Real=0.00s
[2020-10-02T12:18:17.896+0200][17.488s] GC(5) Concurrent Cleanup for Next Mark
[2020-10-02T12:18:17.896+0200][17.489s] GC(5) Concurrent Cleanup for Next Mark 0.203ms
[2020-10-02T12:18:17.896+0200][17.489s] GC(5) Concurrent Cycle 16.714ms
[2020-10-02T12:18:18.321+0200][17.913s] GC(6) Pause Young (Normal) (G1 Evacuation Pause)
[2020-10-02T12:18:18.321+0200][17.914s] GC(6) Using 10 workers of 10 for evacuation
[2020-10-02T12:18:18.326+0200][17.918s] GC(6)   Pre Evacuate Collection Set: 0.0ms
[2020-10-02T12:18:18.326+0200][17.918s] GC(6)   Evacuate Collection Set: 4.3ms
[2020-10-02T12:18:18.326+0200][17.918s] GC(6)   Post Evacuate Collection Set: 0.5ms
[2020-10-02T12:18:18.326+0200][17.918s] GC(6)   Other: 0.2ms
[2020-10-02T12:18:18.326+0200][17.918s] GC(6) Eden regions: 141->0(197)
[2020-10-02T12:18:18.326+0200][17.918s] GC(6) Survivor regions: 6->10(19)
[2020-10-02T12:18:18.326+0200][17.918s] GC(6) Old regions: 21->21
[2020-10-02T12:18:18.326+0200][17.918s] GC(6) Humongous regions: 4->4
[2020-10-02T12:18:18.326+0200][17.918s] GC(6) Metaspace: 38311K->38311K(1083392K)
[2020-10-02T12:18:18.326+0200][17.918s] GC(6) Pause Young (Normal) (G1 Evacuation Pause) 169M->32M(512M) 4.967ms
[2020-10-02T12:18:18.326+0200][17.918s] GC(6) User=0.05s Sys=0.01s Real=0.01s
[2020-10-02T12:18:18.494+0200][18.087s] GC(7) Pause Young (Normal) (G1 Evacuation Pause)
[2020-10-02T12:18:18.494+0200][18.087s] GC(7) Using 10 workers of 10 for evacuation
[2020-10-02T12:18:18.498+0200][18.090s] GC(7)   Pre Evacuate Collection Set: 0.0ms
[2020-10-02T12:18:18.498+0200][18.090s] GC(7)   Evacuate Collection Set: 2.8ms
[2020-10-02T12:18:18.498+0200][18.090s] GC(7)   Post Evacuate Collection Set: 0.4ms
[2020-10-02T12:18:18.498+0200][18.090s] GC(7)   Other: 0.1ms
[2020-10-02T12:18:18.498+0200][18.090s] GC(7) Eden regions: 197->0(290)
[2020-10-02T12:18:18.498+0200][18.090s] GC(7) Survivor regions: 10->13(26)
[2020-10-02T12:18:18.498+0200][18.090s] GC(7) Old regions: 21->21
[2020-10-02T12:18:18.498+0200][18.090s] GC(7) Humongous regions: 4->4
[2020-10-02T12:18:18.498+0200][18.090s] GC(7) Metaspace: 40383K->40383K(1085440K)
[2020-10-02T12:18:18.498+0200][18.090s] GC(7) Pause Young (Normal) (G1 Evacuation Pause) 229M->34M(512M) 3.358ms
[2020-10-02T12:18:18.498+0200][18.090s] GC(7) User=0.03s Sys=0.00s Real=0.00s
[2020-10-02T12:18:18.751+0200][18.343s] GC(8) Pause Young (Normal) (G1 Evacuation Pause)
[2020-10-02T12:18:18.751+0200][18.343s] GC(8) Using 10 workers of 10 for evacuation
[2020-10-02T12:18:18.756+0200][18.348s] GC(8)   Pre Evacuate Collection Set: 0.0ms
[2020-10-02T12:18:18.756+0200][18.348s] GC(8)   Evacuate Collection Set: 4.0ms
[2020-10-02T12:18:18.756+0200][18.348s] GC(8)   Post Evacuate Collection Set: 0.4ms
[2020-10-02T12:18:18.756+0200][18.348s] GC(8)   Other: 0.2ms
[2020-10-02T12:18:18.756+0200][18.348s] GC(8) Eden regions: 290->0(294)
[2020-10-02T12:18:18.756+0200][18.348s] GC(8) Survivor regions: 13->13(38)
[2020-10-02T12:18:18.756+0200][18.348s] GC(8) Old regions: 21->21
[2020-10-02T12:18:18.756+0200][18.348s] GC(8) Humongous regions: 5->4
[2020-10-02T12:18:18.756+0200][18.348s] GC(8) Metaspace: 42346K->42346K(1087488K)
[2020-10-02T12:18:18.756+0200][18.348s] GC(8) Pause Young (Normal) (G1 Evacuation Pause) 325M->34M(512M) 4.719ms
[2020-10-02T12:18:18.756+0200][18.348s] GC(8) User=0.05s Sys=0.00s Real=0.01s
[2020-10-02T12:18:18.870+0200][18.462s] GC(9) Pause Young (Normal) (G1 Evacuation Pause)
[2020-10-02T12:18:18.870+0200][18.462s] GC(9) Using 10 workers of 10 for evacuation
[2020-10-02T12:18:18.874+0200][18.466s] GC(9)   Pre Evacuate Collection Set: 0.0ms
[2020-10-02T12:18:18.874+0200][18.466s] GC(9)   Evacuate Collection Set: 3.0ms
[2020-10-02T12:18:18.874+0200][18.466s] GC(9)   Post Evacuate Collection Set: 0.6ms
[2020-10-02T12:18:18.874+0200][18.466s] GC(9)   Other: 0.1ms
[2020-10-02T12:18:18.874+0200][18.466s] GC(9) Eden regions: 294->0(294)
[2020-10-02T12:18:18.874+0200][18.466s] GC(9) Survivor regions: 13->13(39)
[2020-10-02T12:18:18.874+0200][18.466s] GC(9) Old regions: 21->21
[2020-10-02T12:18:18.874+0200][18.466s] GC(9) Humongous regions: 4->4
[2020-10-02T12:18:18.874+0200][18.466s] GC(9) Metaspace: 42770K->42770K(1087488K)
[2020-10-02T12:18:18.874+0200][18.466s] GC(9) Pause Young (Normal) (G1 Evacuation Pause) 328M->35M(512M) 3.710ms
[2020-10-02T12:18:18.874+0200][18.466s] GC(9) User=0.03s Sys=0.00s Real=0.00s
[2020-10-02T12:18:19.005+0200][18.597s] GC(10) Pause Young (Normal) (G1 Evacuation Pause)
[2020-10-02T12:18:19.005+0200][18.597s] GC(10) Using 10 workers of 10 for evacuation
[2020-10-02T12:18:19.009+0200][18.601s] GC(10)   Pre Evacuate Collection Set: 0.0ms
[2020-10-02T12:18:19.009+0200][18.601s] GC(10)   Evacuate Collection Set: 3.8ms
[2020-10-02T12:18:19.009+0200][18.601s] GC(10)   Post Evacuate Collection Set: 0.3ms
[2020-10-02T12:18:19.009+0200][18.601s] GC(10)   Other: 0.1ms
[2020-10-02T12:18:19.009+0200][18.601s] GC(10) Eden regions: 294->0(294)
[2020-10-02T12:18:19.009+0200][18.601s] GC(10) Survivor regions: 13->13(39)
[2020-10-02T12:18:19.009+0200][18.601s] GC(10) Old regions: 21->21
[2020-10-02T12:18:19.009+0200][18.601s] GC(10) Humongous regions: 4->4
[2020-10-02T12:18:19.009+0200][18.601s] GC(10) Metaspace: 43426K->43426K(1089536K)
[2020-10-02T12:18:19.009+0200][18.601s] GC(10) Pause Young (Normal) (G1 Evacuation Pause) 329M->35M(512M) 4.274ms
[2020-10-02T12:18:19.009+0200][18.601s] GC(10) User=0.04s Sys=0.00s Real=0.00s
[2020-10-02T12:18:19.690+0200][19.282s] GC(11) Pause Young (Normal) (G1 Evacuation Pause)
[2020-10-02T12:18:19.690+0200][19.282s] GC(11) Using 10 workers of 10 for evacuation
[2020-10-02T12:18:19.700+0200][19.293s] GC(11)   Pre Evacuate Collection Set: 0.0ms
[2020-10-02T12:18:19.700+0200][19.293s] GC(11)   Evacuate Collection Set: 9.2ms
[2020-10-02T12:18:19.700+0200][19.293s] GC(11)   Post Evacuate Collection Set: 1.1ms
[2020-10-02T12:18:19.700+0200][19.293s] GC(11)   Other: 0.2ms
[2020-10-02T12:18:19.700+0200][19.293s] GC(11) Eden regions: 294->0(281)
[2020-10-02T12:18:19.700+0200][19.293s] GC(11) Survivor regions: 13->26(39)
[2020-10-02T12:18:19.700+0200][19.293s] GC(11) Old regions: 21->21
[2020-10-02T12:18:19.700+0200][19.293s] GC(11) Humongous regions: 4->4
[2020-10-02T12:18:19.700+0200][19.293s] GC(11) Metaspace: 51401K->51401K(1095680K)
[2020-10-02T12:18:19.701+0200][19.293s] GC(11) Pause Young (Normal) (G1 Evacuation Pause) 329M->48M(512M) 10.580ms
[2020-10-02T12:18:19.701+0200][19.293s] GC(11) User=0.12s Sys=0.01s Real=0.01s
[2020-10-02T12:18:19.750+0200][19.342s] GC(12) Pause Young (Normal) (G1 Evacuation Pause)
[2020-10-02T12:18:19.750+0200][19.342s] GC(12) Using 10 workers of 10 for evacuation
[2020-10-02T12:18:19.758+0200][19.350s] GC(12)   Pre Evacuate Collection Set: 0.0ms
[2020-10-02T12:18:19.758+0200][19.350s] GC(12)   Evacuate Collection Set: 7.3ms
[2020-10-02T12:18:19.758+0200][19.350s] GC(12)   Post Evacuate Collection Set: 0.4ms
[2020-10-02T12:18:19.758+0200][19.350s] GC(12)   Other: 0.1ms
[2020-10-02T12:18:19.758+0200][19.350s] GC(12) Eden regions: 281->0(285)
[2020-10-02T12:18:19.758+0200][19.350s] GC(12) Survivor regions: 26->22(39)
[2020-10-02T12:18:19.758+0200][19.350s] GC(12) Old regions: 21->27
[2020-10-02T12:18:19.758+0200][19.350s] GC(12) Humongous regions: 4->4
[2020-10-02T12:18:19.758+0200][19.350s] GC(12) Metaspace: 52071K->52071K(1095680K)
[2020-10-02T12:18:19.758+0200][19.350s] GC(12) Pause Young (Normal) (G1 Evacuation Pause) 329M->50M(512M) 7.919ms
[2020-10-02T12:18:19.758+0200][19.350s] GC(12) User=0.09s Sys=0.00s Real=0.01s
[2020-10-02T12:18:19.890+0200][19.483s] GC(13) Pause Young (Normal) (G1 Evacuation Pause)
[2020-10-02T12:18:19.890+0200][19.483s] GC(13) Using 10 workers of 10 for evacuation
[2020-10-02T12:18:19.897+0200][19.489s] GC(13)   Pre Evacuate Collection Set: 0.0ms
[2020-10-02T12:18:19.897+0200][19.489s] GC(13)   Evacuate Collection Set: 6.0ms
[2020-10-02T12:18:19.897+0200][19.489s] GC(13)   Post Evacuate Collection Set: 0.5ms
[2020-10-02T12:18:19.897+0200][19.489s] GC(13)   Other: 0.1ms
[2020-10-02T12:18:19.897+0200][19.489s] GC(13) Eden regions: 285->0(287)
[2020-10-02T12:18:19.897+0200][19.489s] GC(13) Survivor regions: 22->20(39)
[2020-10-02T12:18:19.897+0200][19.489s] GC(13) Old regions: 27->28
[2020-10-02T12:18:19.897+0200][19.489s] GC(13) Humongous regions: 4->4
[2020-10-02T12:18:19.897+0200][19.489s] GC(13) Metaspace: 52509K->52509K(1097728K)
[2020-10-02T12:18:19.897+0200][19.489s] GC(13) Pause Young (Normal) (G1 Evacuation Pause) 335M->49M(512M) 6.685ms
[2020-10-02T12:18:19.897+0200][19.489s] GC(13) User=0.07s Sys=0.00s Real=0.01s
[2020-10-02T12:18:19.953+0200][19.545s] GC(14) Pause Young (Normal) (G1 Evacuation Pause)
[2020-10-02T12:18:19.953+0200][19.545s] GC(14) Using 10 workers of 10 for evacuation
[2020-10-02T12:18:19.959+0200][19.551s] GC(14)   Pre Evacuate Collection Set: 0.0ms
[2020-10-02T12:18:19.959+0200][19.551s] GC(14)   Evacuate Collection Set: 5.6ms
[2020-10-02T12:18:19.959+0200][19.551s] GC(14)   Post Evacuate Collection Set: 0.4ms
[2020-10-02T12:18:19.959+0200][19.551s] GC(14)   Other: 0.1ms
[2020-10-02T12:18:19.959+0200][19.551s] GC(14) Eden regions: 287->0(285)
[2020-10-02T12:18:19.959+0200][19.551s] GC(14) Survivor regions: 20->22(39)
[2020-10-02T12:18:19.959+0200][19.551s] GC(14) Old regions: 28->28
[2020-10-02T12:18:19.959+0200][19.551s] GC(14) Humongous regions: 4->4
[2020-10-02T12:18:19.959+0200][19.551s] GC(14) Metaspace: 52520K->52520K(1097728K)
[2020-10-02T12:18:19.959+0200][19.551s] GC(14) Pause Young (Normal) (G1 Evacuation Pause) 336M->51M(512M) 6.212ms
[2020-10-02T12:18:19.959+0200][19.551s] GC(14) User=0.07s Sys=0.00s Real=0.01s
[2020-10-02T12:18:24.839+0200][24.431s] GC(15) Pause Young (Normal) (G1 Evacuation Pause)
[2020-10-02T12:18:24.839+0200][24.431s] GC(15) Using 10 workers of 10 for evacuation
[2020-10-02T12:18:24.850+0200][24.442s] GC(15)   Pre Evacuate Collection Set: 0.0ms
[2020-10-02T12:18:24.850+0200][24.442s] GC(15)   Evacuate Collection Set: 9.4ms
[2020-10-02T12:18:24.850+0200][24.442s] GC(15)   Post Evacuate Collection Set: 1.2ms
[2020-10-02T12:18:24.850+0200][24.442s] GC(15)   Other: 0.2ms
[2020-10-02T12:18:24.850+0200][24.442s] GC(15) Eden regions: 285->0(275)
[2020-10-02T12:18:24.850+0200][24.442s] GC(15) Survivor regions: 22->32(39)
[2020-10-02T12:18:24.850+0200][24.442s] GC(15) Old regions: 28->29
[2020-10-02T12:18:24.850+0200][24.442s] GC(15) Humongous regions: 4->4
[2020-10-02T12:18:24.850+0200][24.442s] GC(15) Metaspace: 57167K->57167K(1101824K)
[2020-10-02T12:18:24.850+0200][24.442s] GC(15) Pause Young (Normal) (G1 Evacuation Pause) 336M->62M(512M) 10.796ms
[2020-10-02T12:18:24.850+0200][24.442s] GC(15) User=0.10s Sys=0.01s Real=0.01s
[2020-10-02T12:18:24.953+0200][24.546s] GC(16) Pause Young (Normal) (G1 Evacuation Pause)
[2020-10-02T12:18:24.953+0200][24.546s] GC(16) Using 10 workers of 10 for evacuation
[2020-10-02T12:18:24.963+0200][24.555s] GC(16)   Pre Evacuate Collection Set: 0.0ms
[2020-10-02T12:18:24.963+0200][24.555s] GC(16)   Evacuate Collection Set: 9.0ms
[2020-10-02T12:18:24.963+0200][24.555s] GC(16)   Post Evacuate Collection Set: 0.4ms
[2020-10-02T12:18:24.963+0200][24.555s] GC(16)   Other: 0.1ms
[2020-10-02T12:18:24.963+0200][24.555s] GC(16) Eden regions: 275->0(285)
[2020-10-02T12:18:24.963+0200][24.555s] GC(16) Survivor regions: 32->22(39)
[2020-10-02T12:18:24.963+0200][24.555s] GC(16) Old regions: 29->43
[2020-10-02T12:18:24.963+0200][24.555s] GC(16) Humongous regions: 4->4
[2020-10-02T12:18:24.963+0200][24.555s] GC(16) Metaspace: 57211K->57211K(1101824K)
[2020-10-02T12:18:24.963+0200][24.555s] GC(16) Pause Young (Normal) (G1 Evacuation Pause) 337M->66M(512M) 9.607ms
[2020-10-02T12:18:24.963+0200][24.555s] GC(16) User=0.11s Sys=0.00s Real=0.02s
[2020-10-02T12:18:25.013+0200][24.605s] GC(17) Pause Young (Normal) (G1 Evacuation Pause)
[2020-10-02T12:18:25.013+0200][24.605s] GC(17) Using 10 workers of 10 for evacuation
[2020-10-02T12:18:25.019+0200][24.611s] GC(17)   Pre Evacuate Collection Set: 0.0ms
[2020-10-02T12:18:25.019+0200][24.611s] GC(17)   Evacuate Collection Set: 5.2ms
[2020-10-02T12:18:25.019+0200][24.611s] GC(17)   Post Evacuate Collection Set: 1.0ms
[2020-10-02T12:18:25.019+0200][24.611s] GC(17)   Other: 0.2ms
[2020-10-02T12:18:25.019+0200][24.611s] GC(17) Eden regions: 285->0(283)
[2020-10-02T12:18:25.019+0200][24.611s] GC(17) Survivor regions: 22->24(39)
[2020-10-02T12:18:25.019+0200][24.611s] GC(17) Old regions: 43->45
[2020-10-02T12:18:25.019+0200][24.611s] GC(17) Humongous regions: 4->4
[2020-10-02T12:18:25.019+0200][24.611s] GC(17) Metaspace: 57285K->57285K(1101824K)
[2020-10-02T12:18:25.019+0200][24.611s] GC(17) Pause Young (Normal) (G1 Evacuation Pause) 351M->70M(512M) 6.468ms
[2020-10-02T12:18:25.019+0200][24.611s] GC(17) User=0.07s Sys=0.00s Real=0.01s
[2020-10-02T12:39:16.625+0200][1276.217s] GC(18) Pause Young (Normal) (G1 Evacuation Pause)
[2020-10-02T12:39:16.625+0200][1276.217s] GC(18) Using 10 workers of 10 for evacuation
[2020-10-02T12:39:16.636+0200][1276.228s] GC(18)   Pre Evacuate Collection Set: 0.0ms
[2020-10-02T12:39:16.636+0200][1276.228s] GC(18)   Evacuate Collection Set: 9.6ms
[2020-10-02T12:39:16.636+0200][1276.228s] GC(18)   Post Evacuate Collection Set: 0.6ms
[2020-10-02T12:39:16.636+0200][1276.228s] GC(18)   Other: 0.4ms
[2020-10-02T12:39:16.636+0200][1276.228s] GC(18) Eden regions: 283->0(291)
[2020-10-02T12:39:16.636+0200][1276.228s] GC(18) Survivor regions: 24->16(39)
[2020-10-02T12:39:16.636+0200][1276.228s] GC(18) Old regions: 45->57
[2020-10-02T12:39:16.636+0200][1276.228s] GC(18) Humongous regions: 4->4
[2020-10-02T12:39:16.636+0200][1276.228s] GC(18) Metaspace: 58606K->58606K(1101824K)
[2020-10-02T12:39:16.636+0200][1276.228s] GC(18) Pause Young (Normal) (G1 Evacuation Pause) 353M->74M(512M) 10.589ms
[2020-10-02T12:39:16.636+0200][1276.228s] GC(18) User=0.10s Sys=0.00s Real=0.01s
[2020-10-02T13:03:18.457+0200][2718.049s] GC(19) Pause Young (Concurrent Start) (Metadata GC Threshold)
[2020-10-02T13:03:18.457+0200][2718.049s] GC(19) Using 10 workers of 10 for evacuation
[2020-10-02T13:03:18.461+0200][2718.053s] GC(19)   Pre Evacuate Collection Set: 0.1ms
[2020-10-02T13:03:18.461+0200][2718.053s] GC(19)   Evacuate Collection Set: 3.8ms
[2020-10-02T13:03:18.461+0200][2718.053s] GC(19)   Post Evacuate Collection Set: 0.6ms
[2020-10-02T13:03:18.461+0200][2718.053s] GC(19)   Other: 0.2ms
[2020-10-02T13:03:18.461+0200][2718.053s] GC(19) Eden regions: 33->0(295)
[2020-10-02T13:03:18.461+0200][2718.053s] GC(19) Survivor regions: 16->12(39)
[2020-10-02T13:03:18.461+0200][2718.053s] GC(19) Old regions: 57->57
[2020-10-02T13:03:18.461+0200][2718.053s] GC(19) Humongous regions: 4->4
[2020-10-02T13:03:18.461+0200][2718.053s] GC(19) Metaspace: 58837K->58837K(1101824K)
[2020-10-02T13:03:18.461+0200][2718.053s] GC(19) Pause Young (Concurrent Start) (Metadata GC Threshold) 107M->70M(512M) 4.642ms
[2020-10-02T13:03:18.461+0200][2718.053s] GC(19) User=0.03s Sys=0.00s Real=0.00s
[2020-10-02T13:03:18.461+0200][2718.053s] GC(20) Concurrent Cycle
[2020-10-02T13:03:18.461+0200][2718.053s] GC(20) Concurrent Clear Claimed Marks
[2020-10-02T13:03:18.461+0200][2718.054s] GC(20) Concurrent Clear Claimed Marks 0.043ms
[2020-10-02T13:03:18.461+0200][2718.054s] GC(20) Concurrent Scan Root Regions
[2020-10-02T13:03:18.463+0200][2718.055s] GC(20) Concurrent Scan Root Regions 1.631ms
[2020-10-02T13:03:18.463+0200][2718.055s] GC(20) Concurrent Mark (2718.055s)
[2020-10-02T13:03:18.463+0200][2718.055s] GC(20) Concurrent Mark From Roots
[2020-10-02T13:03:18.463+0200][2718.055s] GC(20) Using 3 workers of 3 for marking
[2020-10-02T13:03:18.480+0200][2718.072s] GC(20) Concurrent Mark From Roots 16.680ms
[2020-10-02T13:03:18.480+0200][2718.072s] GC(20) Concurrent Preclean
[2020-10-02T13:03:18.480+0200][2718.072s] GC(20) Concurrent Preclean 0.219ms
[2020-10-02T13:03:18.480+0200][2718.072s] GC(20) Concurrent Mark (2718.055s, 2718.072s) 16.937ms
[2020-10-02T13:03:18.480+0200][2718.072s] GC(20) Pause Remark
[2020-10-02T13:03:18.486+0200][2718.078s] GC(20) Cleaned string and symbol table, strings: 27974 processed, 1309 removed, symbols: 151885 processed, 589 removed
[2020-10-02T13:03:18.487+0200][2718.079s] GC(20) Pause Remark 71M->71M(512M) 6.383ms
[2020-10-02T13:03:18.487+0200][2718.079s] GC(20) User=0.04s Sys=0.00s Real=0.01s
[2020-10-02T13:03:18.487+0200][2718.079s] GC(20) Concurrent Rebuild Remembered Sets
[2020-10-02T13:03:18.497+0200][2718.089s] GC(20) Concurrent Rebuild Remembered Sets 9.999ms
[2020-10-02T13:03:18.497+0200][2718.089s] GC(20) Pause Cleanup
[2020-10-02T13:03:18.497+0200][2718.089s] GC(20) Pause Cleanup 71M->71M(512M) 0.218ms
[2020-10-02T13:03:18.497+0200][2718.089s] GC(20) User=0.00s Sys=0.00s Real=0.00s
[2020-10-02T13:03:18.497+0200][2718.089s] GC(20) Concurrent Cleanup for Next Mark
[2020-10-02T13:03:18.497+0200][2718.089s] GC(20) Concurrent Cleanup for Next Mark 0.225ms
[2020-10-02T13:03:18.497+0200][2718.090s] GC(20) Concurrent Cycle 36.023ms
[2020-10-02T14:16:38.778+0200][5613.854s] GC(21) Pause Young (Normal) (G1 Evacuation Pause)
[2020-10-02T14:16:38.778+0200][5613.854s] GC(21) Using 10 workers of 10 for evacuation
[2020-10-02T14:16:38.785+0200][5613.862s] GC(21)   Pre Evacuate Collection Set: 0.0ms
[2020-10-02T14:16:38.785+0200][5613.862s] GC(21)   Evacuate Collection Set: 5.3ms
[2020-10-02T14:16:38.785+0200][5613.862s] GC(21)   Post Evacuate Collection Set: 2.4ms
[2020-10-02T14:16:38.786+0200][5613.862s] GC(21)   Other: 0.2ms
[2020-10-02T14:16:38.786+0200][5613.862s] GC(21) Eden regions: 295->0(291)
[2020-10-02T14:16:38.786+0200][5613.862s] GC(21) Survivor regions: 12->16(39)
[2020-10-02T14:16:38.786+0200][5613.862s] GC(21) Old regions: 57->57
[2020-10-02T14:16:38.786+0200][5613.862s] GC(21) Humongous regions: 7->7
[2020-10-02T14:16:38.786+0200][5613.862s] GC(21) Metaspace: 62108K->62108K(1105920K)
[2020-10-02T14:16:38.786+0200][5613.862s] GC(21) Pause Young (Normal) (G1 Evacuation Pause) 368M->78M(512M) 8.020ms
[2020-10-02T14:16:38.786+0200][5613.862s] GC(21) User=0.07s Sys=0.00s Real=0.01s
[2020-10-02T14:17:26.512+0200][5661.588s] GC(22) Pause Young (Normal) (G1 Evacuation Pause)
[2020-10-02T14:17:26.512+0200][5661.588s] GC(22) Using 10 workers of 10 for evacuation
[2020-10-02T14:17:26.518+0200][5661.594s] GC(22)   Pre Evacuate Collection Set: 0.0ms
[2020-10-02T14:17:26.518+0200][5661.594s] GC(22)   Evacuate Collection Set: 5.0ms
[2020-10-02T14:17:26.518+0200][5661.594s] GC(22)   Post Evacuate Collection Set: 0.8ms
[2020-10-02T14:17:26.518+0200][5661.594s] GC(22)   Other: 0.2ms
[2020-10-02T14:17:26.518+0200][5661.594s] GC(22) Eden regions: 291->0(284)
[2020-10-02T14:17:26.518+0200][5661.594s] GC(22) Survivor regions: 16->23(39)
[2020-10-02T14:17:26.518+0200][5661.594s] GC(22) Old regions: 57->57
[2020-10-02T14:17:26.518+0200][5661.594s] GC(22) Humongous regions: 7->7
[2020-10-02T14:17:26.518+0200][5661.594s] GC(22) Metaspace: 63075K->63075K(1107968K)
[2020-10-02T14:17:26.518+0200][5661.594s] GC(22) Pause Young (Normal) (G1 Evacuation Pause) 369M->85M(512M) 6.045ms
[2020-10-02T14:17:26.518+0200][5661.594s] GC(22) User=0.06s Sys=0.00s Real=0.01s
