[2020-09-06T12:40:19.131+0200][0.009s] Heap region size: 1M
[2020-09-06T12:40:19.147+0200][0.026s] Using G1
[2020-09-06T12:40:19.147+0200][0.026s] Heap address: 0x00000000e0000000, size: 512 MB, Compressed Oops mode: 32-bit
[2020-09-06T12:40:19.148+0200][0.026s] Mark closed archive regions in map: [0x00000000fff00000, 0x00000000fff69ff8]
[2020-09-06T12:40:19.148+0200][0.026s] Mark open archive regions in map: [0x00000000ffe00000, 0x00000000ffe46ff8]
[2020-09-06T12:40:19.520+0200][0.398s] GC(0) Pause Young (Normal) (G1 Evacuation Pause)
[2020-09-06T12:40:19.521+0200][0.399s] GC(0) Using 10 workers of 10 for evacuation
[2020-09-06T12:40:19.530+0200][0.408s] GC(0)   Pre Evacuate Collection Set: 0.0ms
[2020-09-06T12:40:19.530+0200][0.408s] GC(0)   Evacuate Collection Set: 8.3ms
[2020-09-06T12:40:19.530+0200][0.408s] GC(0)   Post Evacuate Collection Set: 0.6ms
[2020-09-06T12:40:19.530+0200][0.408s] GC(0)   Other: 1.5ms
[2020-09-06T12:40:19.530+0200][0.408s] GC(0) Eden regions: 30->0(304)
[2020-09-06T12:40:19.530+0200][0.408s] GC(0) Survivor regions: 0->3(4)
[2020-09-06T12:40:19.530+0200][0.408s] GC(0) Old regions: 2->2
[2020-09-06T12:40:19.530+0200][0.408s] GC(0) Humongous regions: 0->0
[2020-09-06T12:40:19.530+0200][0.408s] GC(0) Metaspace: 6476K->6476K(1056768K)
[2020-09-06T12:40:19.530+0200][0.408s] GC(0) Pause Young (Normal) (G1 Evacuation Pause) 30M->3M(512M) 10.426ms
[2020-09-06T12:40:19.530+0200][0.408s] GC(0) User=0.09s Sys=0.00s Real=0.01s
[2020-09-06T12:40:20.588+0200][1.466s] GC(1) Pause Young (Concurrent Start) (Metadata GC Threshold)
[2020-09-06T12:40:20.588+0200][1.466s] GC(1) Using 10 workers of 10 for evacuation
[2020-09-06T12:40:20.602+0200][1.480s] GC(1)   Pre Evacuate Collection Set: 0.0ms
[2020-09-06T12:40:20.602+0200][1.480s] GC(1)   Evacuate Collection Set: 13.1ms
[2020-09-06T12:40:20.602+0200][1.480s] GC(1)   Post Evacuate Collection Set: 0.8ms
[2020-09-06T12:40:20.602+0200][1.480s] GC(1)   Other: 0.2ms
[2020-09-06T12:40:20.602+0200][1.480s] GC(1) Eden regions: 102->0(98)
[2020-09-06T12:40:20.602+0200][1.480s] GC(1) Survivor regions: 3->19(39)
[2020-09-06T12:40:20.602+0200][1.480s] GC(1) Old regions: 2->2
[2020-09-06T12:40:20.602+0200][1.480s] GC(1) Humongous regions: 4->4
[2020-09-06T12:40:20.602+0200][1.480s] GC(1) Metaspace: 20474K->20474K(1069056K)
[2020-09-06T12:40:20.602+0200][1.480s] GC(1) Pause Young (Concurrent Start) (Metadata GC Threshold) 109M->23M(512M) 14.120ms
[2020-09-06T12:40:20.602+0200][1.480s] GC(1) User=0.07s Sys=0.01s Real=0.01s
[2020-09-06T12:40:20.602+0200][1.481s] GC(2) Concurrent Cycle
[2020-09-06T12:40:20.602+0200][1.481s] GC(2) Concurrent Clear Claimed Marks
[2020-09-06T12:40:20.602+0200][1.481s] GC(2) Concurrent Clear Claimed Marks 0.024ms
[2020-09-06T12:40:20.602+0200][1.481s] GC(2) Concurrent Scan Root Regions
[2020-09-06T12:40:20.606+0200][1.484s] GC(2) Concurrent Scan Root Regions 3.430ms
[2020-09-06T12:40:20.606+0200][1.484s] GC(2) Concurrent Mark (1.484s)
[2020-09-06T12:40:20.606+0200][1.484s] GC(2) Concurrent Mark From Roots
[2020-09-06T12:40:20.606+0200][1.484s] GC(2) Using 3 workers of 3 for marking
[2020-09-06T12:40:20.609+0200][1.487s] GC(2) Concurrent Mark From Roots 2.953ms
[2020-09-06T12:40:20.609+0200][1.487s] GC(2) Concurrent Preclean
[2020-09-06T12:40:20.609+0200][1.487s] GC(2) Concurrent Preclean 0.135ms
[2020-09-06T12:40:20.609+0200][1.487s] GC(2) Concurrent Mark (1.484s, 1.487s) 3.116ms
[2020-09-06T12:40:20.609+0200][1.487s] GC(2) Pause Remark
[2020-09-06T12:40:20.610+0200][1.488s] GC(2) Cleaned string and symbol table, strings: 9072 processed, 0 removed, symbols: 62121 processed, 27 removed
[2020-09-06T12:40:20.610+0200][1.488s] GC(2) Pause Remark 23M->23M(512M) 1.094ms
[2020-09-06T12:40:20.610+0200][1.488s] GC(2) User=0.01s Sys=0.00s Real=0.00s
[2020-09-06T12:40:20.610+0200][1.488s] GC(2) Concurrent Rebuild Remembered Sets
[2020-09-06T12:40:20.612+0200][1.490s] GC(2) Concurrent Rebuild Remembered Sets 1.590ms
[2020-09-06T12:40:20.612+0200][1.490s] GC(2) Pause Cleanup
[2020-09-06T12:40:20.612+0200][1.490s] GC(2) Pause Cleanup 23M->23M(512M) 0.207ms
[2020-09-06T12:40:20.612+0200][1.490s] GC(2) User=0.00s Sys=0.00s Real=0.00s
[2020-09-06T12:40:20.612+0200][1.490s] GC(2) Concurrent Cleanup for Next Mark
[2020-09-06T12:40:20.612+0200][1.491s] GC(2) Concurrent Cleanup for Next Mark 0.246ms
[2020-09-06T12:40:20.612+0200][1.491s] GC(2) Concurrent Cycle 10.089ms
[2020-09-06T12:40:21.284+0200][2.162s] GC(3) Pause Young (Normal) (G1 Evacuation Pause)
[2020-09-06T12:40:21.284+0200][2.162s] GC(3) Using 10 workers of 10 for evacuation
[2020-09-06T12:40:21.296+0200][2.174s] GC(3)   Pre Evacuate Collection Set: 0.0ms
[2020-09-06T12:40:21.296+0200][2.174s] GC(3)   Evacuate Collection Set: 10.4ms
[2020-09-06T12:40:21.296+0200][2.174s] GC(3)   Post Evacuate Collection Set: 1.2ms
[2020-09-06T12:40:21.296+0200][2.174s] GC(3)   Other: 0.1ms
[2020-09-06T12:40:21.296+0200][2.174s] GC(3) Eden regions: 72->0(120)
[2020-09-06T12:40:21.296+0200][2.174s] GC(3) Survivor regions: 19->4(12)
[2020-09-06T12:40:21.296+0200][2.174s] GC(3) Old regions: 2->21
[2020-09-06T12:40:21.296+0200][2.174s] GC(3) Humongous regions: 4->4
[2020-09-06T12:40:21.296+0200][2.174s] GC(3) Metaspace: 27425K->27425K(1075200K)
[2020-09-06T12:40:21.296+0200][2.174s] GC(3) Pause Young (Normal) (G1 Evacuation Pause) 95M->26M(512M) 11.855ms
[2020-09-06T12:40:21.296+0200][2.174s] GC(3) User=0.11s Sys=0.02s Real=0.01s
[2020-09-06T12:40:38.496+0200][19.374s] GC(4) Pause Young (Concurrent Start) (Metadata GC Threshold)
[2020-09-06T12:40:38.496+0200][19.374s] GC(4) Using 10 workers of 10 for evacuation
[2020-09-06T12:40:38.500+0200][19.379s] GC(4)   Pre Evacuate Collection Set: 0.0ms
[2020-09-06T12:40:38.500+0200][19.379s] GC(4)   Evacuate Collection Set: 3.7ms
[2020-09-06T12:40:38.500+0200][19.379s] GC(4)   Post Evacuate Collection Set: 0.8ms
[2020-09-06T12:40:38.500+0200][19.379s] GC(4)   Other: 0.1ms
[2020-09-06T12:40:38.500+0200][19.379s] GC(4) Eden regions: 87->0(133)
[2020-09-06T12:40:38.500+0200][19.379s] GC(4) Survivor regions: 4->7(16)
[2020-09-06T12:40:38.500+0200][19.379s] GC(4) Old regions: 21->21
[2020-09-06T12:40:38.500+0200][19.379s] GC(4) Humongous regions: 4->4
[2020-09-06T12:40:38.500+0200][19.379s] GC(4) Metaspace: 34936K->34936K(1081344K)
[2020-09-06T12:40:38.500+0200][19.379s] GC(4) Pause Young (Concurrent Start) (Metadata GC Threshold) 113M->28M(512M) 4.724ms
[2020-09-06T12:40:38.500+0200][19.379s] GC(4) User=0.03s Sys=0.00s Real=0.00s
[2020-09-06T12:40:38.500+0200][19.379s] GC(5) Concurrent Cycle
[2020-09-06T12:40:38.500+0200][19.379s] GC(5) Concurrent Clear Claimed Marks
[2020-09-06T12:40:38.500+0200][19.379s] GC(5) Concurrent Clear Claimed Marks 0.017ms
[2020-09-06T12:40:38.500+0200][19.379s] GC(5) Concurrent Scan Root Regions
[2020-09-06T12:40:38.503+0200][19.381s] GC(5) Concurrent Scan Root Regions 2.181ms
[2020-09-06T12:40:38.503+0200][19.381s] GC(5) Concurrent Mark (19.381s)
[2020-09-06T12:40:38.503+0200][19.381s] GC(5) Concurrent Mark From Roots
[2020-09-06T12:40:38.503+0200][19.381s] GC(5) Using 3 workers of 3 for marking
[2020-09-06T12:40:38.512+0200][19.390s] GC(5) Concurrent Mark From Roots 9.168ms
[2020-09-06T12:40:38.512+0200][19.390s] GC(5) Concurrent Preclean
[2020-09-06T12:40:38.512+0200][19.390s] GC(5) Concurrent Preclean 0.142ms
[2020-09-06T12:40:38.512+0200][19.390s] GC(5) Concurrent Mark (19.381s, 19.390s) 9.344ms
[2020-09-06T12:40:38.512+0200][19.390s] GC(5) Pause Remark
[2020-09-06T12:40:38.514+0200][19.392s] GC(5) Cleaned string and symbol table, strings: 14785 processed, 25 removed, symbols: 102538 processed, 152 removed
[2020-09-06T12:40:38.514+0200][19.392s] GC(5) Pause Remark 30M->30M(512M) 1.790ms
[2020-09-06T12:40:38.514+0200][19.392s] GC(5) User=0.02s Sys=0.00s Real=0.00s
[2020-09-06T12:40:38.514+0200][19.392s] GC(5) Concurrent Rebuild Remembered Sets
[2020-09-06T12:40:38.519+0200][19.397s] GC(5) Concurrent Rebuild Remembered Sets 5.113ms
[2020-09-06T12:40:38.519+0200][19.398s] GC(5) Pause Cleanup
[2020-09-06T12:40:38.520+0200][19.398s] GC(5) Pause Cleanup 31M->31M(512M) 0.157ms
[2020-09-06T12:40:38.520+0200][19.398s] GC(5) User=0.00s Sys=0.00s Real=0.00s
[2020-09-06T12:40:38.520+0200][19.398s] GC(5) Concurrent Cleanup for Next Mark
[2020-09-06T12:40:38.520+0200][19.398s] GC(5) Concurrent Cleanup for Next Mark 0.209ms
[2020-09-06T12:40:38.520+0200][19.398s] GC(5) Concurrent Cycle 19.545ms
[2020-09-06T12:40:39.052+0200][19.930s] GC(6) Pause Young (Normal) (G1 Evacuation Pause)
[2020-09-06T12:40:39.052+0200][19.930s] GC(6) Using 10 workers of 10 for evacuation
[2020-09-06T12:40:39.057+0200][19.935s] GC(6)   Pre Evacuate Collection Set: 0.0ms
[2020-09-06T12:40:39.057+0200][19.935s] GC(6)   Evacuate Collection Set: 4.5ms
[2020-09-06T12:40:39.057+0200][19.935s] GC(6)   Post Evacuate Collection Set: 0.5ms
[2020-09-06T12:40:39.057+0200][19.935s] GC(6)   Other: 0.2ms
[2020-09-06T12:40:39.057+0200][19.935s] GC(6) Eden regions: 133->0(297)
[2020-09-06T12:40:39.057+0200][19.935s] GC(6) Survivor regions: 7->10(18)
[2020-09-06T12:40:39.057+0200][19.935s] GC(6) Old regions: 21->21
[2020-09-06T12:40:39.057+0200][19.935s] GC(6) Humongous regions: 4->4
[2020-09-06T12:40:39.057+0200][19.935s] GC(6) Metaspace: 39367K->39367K(1085440K)
[2020-09-06T12:40:39.057+0200][19.935s] GC(6) Pause Young (Normal) (G1 Evacuation Pause) 161M->32M(512M) 5.217ms
[2020-09-06T12:40:39.057+0200][19.935s] GC(6) User=0.04s Sys=0.00s Real=0.00s
[2020-09-06T12:40:39.459+0200][20.338s] GC(7) Pause Young (Normal) (G1 Evacuation Pause)
[2020-09-06T12:40:39.459+0200][20.338s] GC(7) Using 10 workers of 10 for evacuation
[2020-09-06T12:40:39.465+0200][20.344s] GC(7)   Pre Evacuate Collection Set: 0.0ms
[2020-09-06T12:40:39.465+0200][20.344s] GC(7)   Evacuate Collection Set: 5.4ms
[2020-09-06T12:40:39.465+0200][20.344s] GC(7)   Post Evacuate Collection Set: 0.5ms
[2020-09-06T12:40:39.466+0200][20.344s] GC(7)   Other: 0.1ms
[2020-09-06T12:40:39.466+0200][20.344s] GC(7) Eden regions: 297->0(295)
[2020-09-06T12:40:39.466+0200][20.344s] GC(7) Survivor regions: 10->12(39)
[2020-09-06T12:40:39.466+0200][20.344s] GC(7) Old regions: 21->21
[2020-09-06T12:40:39.466+0200][20.344s] GC(7) Humongous regions: 5->4
[2020-09-06T12:40:39.466+0200][20.344s] GC(7) Metaspace: 42224K->42224K(1087488K)
[2020-09-06T12:40:39.466+0200][20.344s] GC(7) Pause Young (Normal) (G1 Evacuation Pause) 330M->34M(512M) 6.120ms
[2020-09-06T12:40:39.466+0200][20.344s] GC(7) User=0.05s Sys=0.00s Real=0.01s
[2020-09-06T12:40:39.629+0200][20.507s] GC(8) Pause Young (Normal) (G1 Evacuation Pause)
[2020-09-06T12:40:39.629+0200][20.507s] GC(8) Using 10 workers of 10 for evacuation
[2020-09-06T12:40:39.634+0200][20.512s] GC(8)   Pre Evacuate Collection Set: 0.0ms
[2020-09-06T12:40:39.634+0200][20.512s] GC(8)   Evacuate Collection Set: 4.6ms
[2020-09-06T12:40:39.634+0200][20.512s] GC(8)   Post Evacuate Collection Set: 0.7ms
[2020-09-06T12:40:39.634+0200][20.512s] GC(8)   Other: 0.2ms
[2020-09-06T12:40:39.634+0200][20.512s] GC(8) Eden regions: 295->0(295)
[2020-09-06T12:40:39.634+0200][20.512s] GC(8) Survivor regions: 12->12(39)
[2020-09-06T12:40:39.634+0200][20.512s] GC(8) Old regions: 21->21
[2020-09-06T12:40:39.634+0200][20.512s] GC(8) Humongous regions: 4->4
[2020-09-06T12:40:39.634+0200][20.512s] GC(8) Metaspace: 42630K->42630K(1087488K)
[2020-09-06T12:40:39.634+0200][20.512s] GC(8) Pause Young (Normal) (G1 Evacuation Pause) 329M->34M(512M) 5.561ms
[2020-09-06T12:40:39.634+0200][20.512s] GC(8) User=0.05s Sys=0.00s Real=0.01s
[2020-09-06T12:41:28.918+0200][69.796s] GC(9) Pause Young (Normal) (G1 Evacuation Pause)
[2020-09-06T12:41:28.918+0200][69.796s] GC(9) Using 10 workers of 10 for evacuation
[2020-09-06T12:41:28.927+0200][69.805s] GC(9)   Pre Evacuate Collection Set: 0.0ms
[2020-09-06T12:41:28.927+0200][69.805s] GC(9)   Evacuate Collection Set: 8.0ms
[2020-09-06T12:41:28.927+0200][69.805s] GC(9)   Post Evacuate Collection Set: 0.9ms
[2020-09-06T12:41:28.927+0200][69.805s] GC(9)   Other: 0.2ms
[2020-09-06T12:41:28.927+0200][69.805s] GC(9) Eden regions: 295->0(286)
[2020-09-06T12:41:28.927+0200][69.805s] GC(9) Survivor regions: 12->21(39)
[2020-09-06T12:41:28.927+0200][69.805s] GC(9) Old regions: 21->21
[2020-09-06T12:41:28.927+0200][69.805s] GC(9) Humongous regions: 4->4
[2020-09-06T12:41:28.927+0200][69.805s] GC(9) Metaspace: 53546K->53546K(1097728K)
[2020-09-06T12:41:28.927+0200][69.805s] GC(9) Pause Young (Normal) (G1 Evacuation Pause) 329M->43M(512M) 9.385ms
[2020-09-06T12:41:28.927+0200][69.805s] GC(9) User=0.09s Sys=0.01s Real=0.01s
[2020-09-06T12:41:29.794+0200][70.672s] GC(10) Pause Young (Normal) (G1 Evacuation Pause)
[2020-09-06T12:41:29.794+0200][70.672s] GC(10) Using 10 workers of 10 for evacuation
[2020-09-06T12:41:29.803+0200][70.681s] GC(10)   Pre Evacuate Collection Set: 0.0ms
[2020-09-06T12:41:29.803+0200][70.681s] GC(10)   Evacuate Collection Set: 8.0ms
[2020-09-06T12:41:29.803+0200][70.681s] GC(10)   Post Evacuate Collection Set: 0.7ms
[2020-09-06T12:41:29.803+0200][70.681s] GC(10)   Other: 0.2ms
[2020-09-06T12:41:29.803+0200][70.681s] GC(10) Eden regions: 286->0(282)
[2020-09-06T12:41:29.803+0200][70.681s] GC(10) Survivor regions: 21->25(39)
[2020-09-06T12:41:29.803+0200][70.681s] GC(10) Old regions: 21->23
[2020-09-06T12:41:29.803+0200][70.681s] GC(10) Humongous regions: 4->4
[2020-09-06T12:41:29.803+0200][70.681s] GC(10) Metaspace: 54136K->54136K(1097728K)
[2020-09-06T12:41:29.803+0200][70.681s] GC(10) Pause Young (Normal) (G1 Evacuation Pause) 329M->49M(512M) 8.917ms
[2020-09-06T12:41:29.803+0200][70.681s] GC(10) User=0.09s Sys=0.00s Real=0.00s
[2020-09-06T12:48:50.342+0200][511.220s] GC(11) Pause Young (Normal) (G1 Evacuation Pause)
[2020-09-06T12:48:50.342+0200][511.220s] GC(11) Using 10 workers of 10 for evacuation
[2020-09-06T12:48:50.352+0200][511.230s] GC(11)   Pre Evacuate Collection Set: 0.0ms
[2020-09-06T12:48:50.352+0200][511.230s] GC(11)   Evacuate Collection Set: 7.5ms
[2020-09-06T12:48:50.352+0200][511.230s] GC(11)   Post Evacuate Collection Set: 2.5ms
[2020-09-06T12:48:50.352+0200][511.230s] GC(11)   Other: 0.2ms
[2020-09-06T12:48:50.352+0200][511.230s] GC(11) Eden regions: 282->0(282)
[2020-09-06T12:48:50.352+0200][511.230s] GC(11) Survivor regions: 25->25(39)
[2020-09-06T12:48:50.352+0200][511.230s] GC(11) Old regions: 23->26
[2020-09-06T12:48:50.352+0200][511.230s] GC(11) Humongous regions: 4->4
[2020-09-06T12:48:50.352+0200][511.230s] GC(11) Metaspace: 55846K->55846K(1099776K)
[2020-09-06T12:48:50.352+0200][511.230s] GC(11) Pause Young (Normal) (G1 Evacuation Pause) 331M->53M(512M) 10.301ms
[2020-09-06T12:48:50.352+0200][511.230s] GC(11) User=0.12s Sys=0.00s Real=0.02s
[2020-09-06T12:50:25.296+0200][606.174s] GC(12) Pause Young (Normal) (G1 Evacuation Pause)
[2020-09-06T12:50:25.296+0200][606.174s] GC(12) Using 10 workers of 10 for evacuation
[2020-09-06T12:50:25.307+0200][606.185s] GC(12)   Pre Evacuate Collection Set: 0.0ms
[2020-09-06T12:50:25.307+0200][606.185s] GC(12)   Evacuate Collection Set: 8.1ms
[2020-09-06T12:50:25.307+0200][606.185s] GC(12)   Post Evacuate Collection Set: 2.7ms
[2020-09-06T12:50:25.307+0200][606.185s] GC(12)   Other: 0.2ms
[2020-09-06T12:50:25.307+0200][606.185s] GC(12) Eden regions: 282->0(285)
[2020-09-06T12:50:25.307+0200][606.185s] GC(12) Survivor regions: 25->22(39)
[2020-09-06T12:50:25.307+0200][606.186s] GC(12) Old regions: 26->30
[2020-09-06T12:50:25.307+0200][606.186s] GC(12) Humongous regions: 7->7
[2020-09-06T12:50:25.307+0200][606.186s] GC(12) Metaspace: 58097K->58097K(1101824K)
[2020-09-06T12:50:25.307+0200][606.186s] GC(12) Pause Young (Normal) (G1 Evacuation Pause) 338M->56M(512M) 11.151ms
[2020-09-06T12:50:25.307+0200][606.186s] GC(12) User=0.12s Sys=0.00s Real=0.01s
[2020-09-06T12:50:25.671+0200][606.549s] GC(13) Pause Young (Concurrent Start) (Metadata GC Threshold)
[2020-09-06T12:50:25.671+0200][606.549s] GC(13) Using 10 workers of 10 for evacuation
[2020-09-06T12:50:25.685+0200][606.563s] GC(13)   Pre Evacuate Collection Set: 0.1ms
[2020-09-06T12:50:25.685+0200][606.563s] GC(13)   Evacuate Collection Set: 12.4ms
[2020-09-06T12:50:25.685+0200][606.563s] GC(13)   Post Evacuate Collection Set: 0.8ms
[2020-09-06T12:50:25.685+0200][606.563s] GC(13)   Other: 0.2ms
[2020-09-06T12:50:25.685+0200][606.563s] GC(13) Eden regions: 181->0(286)
[2020-09-06T12:50:25.685+0200][606.563s] GC(13) Survivor regions: 22->21(39)
[2020-09-06T12:50:25.685+0200][606.563s] GC(13) Old regions: 30->30
[2020-09-06T12:50:25.685+0200][606.563s] GC(13) Humongous regions: 7->7
[2020-09-06T12:50:25.685+0200][606.563s] GC(13) Metaspace: 58799K->58799K(1101824K)
[2020-09-06T12:50:25.685+0200][606.563s] GC(13) Pause Young (Concurrent Start) (Metadata GC Threshold) 237M->55M(512M) 13.627ms
[2020-09-06T12:50:25.685+0200][606.563s] GC(13) User=0.08s Sys=0.00s Real=0.01s
[2020-09-06T12:50:25.685+0200][606.563s] GC(14) Concurrent Cycle
[2020-09-06T12:50:25.685+0200][606.563s] GC(14) Concurrent Clear Claimed Marks
[2020-09-06T12:50:25.685+0200][606.563s] GC(14) Concurrent Clear Claimed Marks 0.083ms
[2020-09-06T12:50:25.685+0200][606.563s] GC(14) Concurrent Scan Root Regions
[2020-09-06T12:50:25.689+0200][606.567s] GC(14) Concurrent Scan Root Regions 3.790ms
[2020-09-06T12:50:25.689+0200][606.567s] GC(14) Concurrent Mark (606.567s)
[2020-09-06T12:50:25.689+0200][606.567s] GC(14) Concurrent Mark From Roots
[2020-09-06T12:50:25.689+0200][606.567s] GC(14) Using 3 workers of 3 for marking
[2020-09-06T12:50:25.706+0200][606.584s] GC(14) Concurrent Mark From Roots 16.820ms
[2020-09-06T12:50:25.706+0200][606.584s] GC(14) Concurrent Preclean
[2020-09-06T12:50:25.706+0200][606.584s] GC(14) Concurrent Preclean 0.372ms
[2020-09-06T12:50:25.706+0200][606.584s] GC(14) Concurrent Mark (606.567s, 606.584s) 17.260ms
[2020-09-06T12:50:25.706+0200][606.584s] GC(14) Pause Remark
[2020-09-06T12:50:25.716+0200][606.595s] GC(14) Cleaned string and symbol table, strings: 27754 processed, 1108 removed, symbols: 153613 processed, 589 removed
[2020-09-06T12:50:25.717+0200][606.595s] GC(14) Pause Remark 57M->57M(512M) 10.738ms
[2020-09-06T12:50:25.717+0200][606.595s] GC(14) User=0.11s Sys=0.00s Real=0.01s
[2020-09-06T12:50:25.717+0200][606.595s] GC(14) Concurrent Rebuild Remembered Sets
[2020-09-06T12:50:25.726+0200][606.604s] GC(14) Concurrent Rebuild Remembered Sets 9.106ms
[2020-09-06T12:50:25.726+0200][606.605s] GC(14) Pause Cleanup
[2020-09-06T12:50:25.727+0200][606.605s] GC(14) Pause Cleanup 58M->58M(512M) 0.111ms
[2020-09-06T12:50:25.727+0200][606.605s] GC(14) User=0.00s Sys=0.00s Real=0.00s
[2020-09-06T12:50:25.727+0200][606.605s] GC(14) Concurrent Cleanup for Next Mark
[2020-09-06T12:50:25.727+0200][606.605s] GC(14) Concurrent Cleanup for Next Mark 0.321ms
[2020-09-06T12:50:25.727+0200][606.605s] GC(14) Concurrent Cycle 42.219ms
