[2020-09-12T20:25:25.672+0200][0.007s] Heap region size: 1M
[2020-09-12T20:25:25.684+0200][0.019s] Using G1
[2020-09-12T20:25:25.684+0200][0.019s] Heap address: 0x00000000e0000000, size: 512 MB, Compressed Oops mode: 32-bit
[2020-09-12T20:25:25.685+0200][0.020s] Mark closed archive regions in map: [0x00000000fff00000, 0x00000000fff69ff8]
[2020-09-12T20:25:25.685+0200][0.020s] Mark open archive regions in map: [0x00000000ffe00000, 0x00000000ffe46ff8]
[2020-09-12T20:25:26.142+0200][0.477s] GC(0) Pause Young (Normal) (G1 Evacuation Pause)
[2020-09-12T20:25:26.143+0200][0.478s] GC(0) Using 10 workers of 10 for evacuation
[2020-09-12T20:25:26.152+0200][0.487s] GC(0)   Pre Evacuate Collection Set: 0.0ms
[2020-09-12T20:25:26.152+0200][0.487s] GC(0)   Evacuate Collection Set: 8.5ms
[2020-09-12T20:25:26.152+0200][0.487s] GC(0)   Post Evacuate Collection Set: 0.4ms
[2020-09-12T20:25:26.152+0200][0.487s] GC(0)   Other: 1.4ms
[2020-09-12T20:25:26.152+0200][0.487s] GC(0) Eden regions: 30->0(304)
[2020-09-12T20:25:26.152+0200][0.487s] GC(0) Survivor regions: 0->3(4)
[2020-09-12T20:25:26.152+0200][0.487s] GC(0) Old regions: 2->2
[2020-09-12T20:25:26.152+0200][0.487s] GC(0) Humongous regions: 0->0
[2020-09-12T20:25:26.152+0200][0.487s] GC(0) Metaspace: 6475K->6475K(1056768K)
[2020-09-12T20:25:26.152+0200][0.487s] GC(0) Pause Young (Normal) (G1 Evacuation Pause) 30M->3M(512M) 10.320ms
[2020-09-12T20:25:26.152+0200][0.487s] GC(0) User=0.09s Sys=0.02s Real=0.01s
[2020-09-12T20:25:27.325+0200][1.660s] GC(1) Pause Young (Concurrent Start) (Metadata GC Threshold)
[2020-09-12T20:25:27.325+0200][1.660s] GC(1) Using 10 workers of 10 for evacuation
[2020-09-12T20:25:27.338+0200][1.673s] GC(1)   Pre Evacuate Collection Set: 0.0ms
[2020-09-12T20:25:27.338+0200][1.673s] GC(1)   Evacuate Collection Set: 12.4ms
[2020-09-12T20:25:27.338+0200][1.673s] GC(1)   Post Evacuate Collection Set: 0.7ms
[2020-09-12T20:25:27.338+0200][1.673s] GC(1)   Other: 0.2ms
[2020-09-12T20:25:27.338+0200][1.673s] GC(1) Eden regions: 102->0(101)
[2020-09-12T20:25:27.338+0200][1.673s] GC(1) Survivor regions: 3->19(39)
[2020-09-12T20:25:27.338+0200][1.673s] GC(1) Old regions: 2->2
[2020-09-12T20:25:27.338+0200][1.673s] GC(1) Humongous regions: 4->4
[2020-09-12T20:25:27.338+0200][1.673s] GC(1) Metaspace: 20496K->20496K(1069056K)
[2020-09-12T20:25:27.338+0200][1.673s] GC(1) Pause Young (Concurrent Start) (Metadata GC Threshold) 109M->23M(512M) 13.513ms
[2020-09-12T20:25:27.338+0200][1.673s] GC(1) User=0.07s Sys=0.01s Real=0.01s
[2020-09-12T20:25:27.338+0200][1.673s] GC(2) Concurrent Cycle
[2020-09-12T20:25:27.338+0200][1.673s] GC(2) Concurrent Clear Claimed Marks
[2020-09-12T20:25:27.338+0200][1.673s] GC(2) Concurrent Clear Claimed Marks 0.035ms
[2020-09-12T20:25:27.338+0200][1.673s] GC(2) Concurrent Scan Root Regions
[2020-09-12T20:25:27.342+0200][1.677s] GC(2) Concurrent Scan Root Regions 3.507ms
[2020-09-12T20:25:27.342+0200][1.677s] GC(2) Concurrent Mark (1.677s)
[2020-09-12T20:25:27.342+0200][1.677s] GC(2) Concurrent Mark From Roots
[2020-09-12T20:25:27.342+0200][1.677s] GC(2) Using 3 workers of 3 for marking
[2020-09-12T20:25:27.345+0200][1.680s] GC(2) Concurrent Mark From Roots 3.196ms
[2020-09-12T20:25:27.345+0200][1.680s] GC(2) Concurrent Preclean
[2020-09-12T20:25:27.345+0200][1.680s] GC(2) Concurrent Preclean 0.179ms
[2020-09-12T20:25:27.345+0200][1.680s] GC(2) Concurrent Mark (1.677s, 1.680s) 3.420ms
[2020-09-12T20:25:27.345+0200][1.680s] GC(2) Pause Remark
[2020-09-12T20:25:27.346+0200][1.681s] GC(2) Cleaned string and symbol table, strings: 9077 processed, 0 removed, symbols: 62121 processed, 27 removed
[2020-09-12T20:25:27.347+0200][1.682s] GC(2) Pause Remark 24M->24M(512M) 1.199ms
[2020-09-12T20:25:27.347+0200][1.682s] GC(2) User=0.01s Sys=0.00s Real=0.00s
[2020-09-12T20:25:27.347+0200][1.682s] GC(2) Concurrent Rebuild Remembered Sets
[2020-09-12T20:25:27.348+0200][1.683s] GC(2) Concurrent Rebuild Remembered Sets 1.722ms
[2020-09-12T20:25:27.349+0200][1.684s] GC(2) Pause Cleanup
[2020-09-12T20:25:27.349+0200][1.684s] GC(2) Pause Cleanup 24M->24M(512M) 0.136ms
[2020-09-12T20:25:27.349+0200][1.684s] GC(2) User=0.00s Sys=0.00s Real=0.00s
[2020-09-12T20:25:27.349+0200][1.684s] GC(2) Concurrent Cleanup for Next Mark
[2020-09-12T20:25:27.350+0200][1.685s] GC(2) Concurrent Cleanup for Next Mark 0.484ms
[2020-09-12T20:25:27.350+0200][1.685s] GC(2) Concurrent Cycle 11.250ms
[2020-09-12T20:25:28.204+0200][2.540s] GC(3) Pause Young (Normal) (G1 Evacuation Pause)
[2020-09-12T20:25:28.205+0200][2.540s] GC(3) Using 10 workers of 10 for evacuation
[2020-09-12T20:25:28.218+0200][2.553s] GC(3)   Pre Evacuate Collection Set: 0.0ms
[2020-09-12T20:25:28.218+0200][2.553s] GC(3)   Evacuate Collection Set: 11.8ms
[2020-09-12T20:25:28.218+0200][2.553s] GC(3)   Post Evacuate Collection Set: 1.3ms
[2020-09-12T20:25:28.218+0200][2.553s] GC(3)   Other: 0.1ms
[2020-09-12T20:25:28.218+0200][2.553s] GC(3) Eden regions: 71->0(117)
[2020-09-12T20:25:28.218+0200][2.553s] GC(3) Survivor regions: 19->5(12)
[2020-09-12T20:25:28.218+0200][2.553s] GC(3) Old regions: 2->21
[2020-09-12T20:25:28.218+0200][2.553s] GC(3) Humongous regions: 4->4
[2020-09-12T20:25:28.218+0200][2.553s] GC(3) Metaspace: 30083K->30083K(1077248K)
[2020-09-12T20:25:28.218+0200][2.553s] GC(3) Pause Young (Normal) (G1 Evacuation Pause) 94M->27M(512M) 13.308ms
[2020-09-12T20:25:28.218+0200][2.553s] GC(3) User=0.11s Sys=0.02s Real=0.01s
[2020-09-12T20:26:28.308+0200][62.643s] GC(4) Pause Young (Concurrent Start) (Metadata GC Threshold)
[2020-09-12T20:26:28.309+0200][62.644s] GC(4) Using 10 workers of 10 for evacuation
[2020-09-12T20:26:28.314+0200][62.649s] GC(4)   Pre Evacuate Collection Set: 0.1ms
[2020-09-12T20:26:28.314+0200][62.649s] GC(4)   Evacuate Collection Set: 4.8ms
[2020-09-12T20:26:28.314+0200][62.649s] GC(4)   Post Evacuate Collection Set: 0.6ms
[2020-09-12T20:26:28.314+0200][62.649s] GC(4)   Other: 0.2ms
[2020-09-12T20:26:28.314+0200][62.649s] GC(4) Eden regions: 45->0(140)
[2020-09-12T20:26:28.314+0200][62.649s] GC(4) Survivor regions: 5->6(16)
[2020-09-12T20:26:28.314+0200][62.649s] GC(4) Old regions: 21->21
[2020-09-12T20:26:28.314+0200][62.649s] GC(4) Humongous regions: 4->4
[2020-09-12T20:26:28.314+0200][62.649s] GC(4) Metaspace: 34848K->34848K(1081344K)
[2020-09-12T20:26:28.314+0200][62.649s] GC(4) Pause Young (Concurrent Start) (Metadata GC Threshold) 71M->28M(512M) 5.757ms
[2020-09-12T20:26:28.314+0200][62.649s] GC(4) User=0.03s Sys=0.00s Real=0.00s
[2020-09-12T20:26:28.314+0200][62.649s] GC(5) Concurrent Cycle
[2020-09-12T20:26:28.314+0200][62.649s] GC(5) Concurrent Clear Claimed Marks
[2020-09-12T20:26:28.314+0200][62.649s] GC(5) Concurrent Clear Claimed Marks 0.023ms
[2020-09-12T20:26:28.314+0200][62.649s] GC(5) Concurrent Scan Root Regions
[2020-09-12T20:26:28.316+0200][62.651s] GC(5) Concurrent Scan Root Regions 1.920ms
[2020-09-12T20:26:28.316+0200][62.651s] GC(5) Concurrent Mark (62.651s)
[2020-09-12T20:26:28.316+0200][62.651s] GC(5) Concurrent Mark From Roots
[2020-09-12T20:26:28.316+0200][62.651s] GC(5) Using 3 workers of 3 for marking
[2020-09-12T20:26:28.329+0200][62.664s] GC(5) Concurrent Mark From Roots 12.860ms
[2020-09-12T20:26:28.329+0200][62.664s] GC(5) Concurrent Preclean
[2020-09-12T20:26:28.330+0200][62.665s] GC(5) Concurrent Preclean 0.320ms
[2020-09-12T20:26:28.330+0200][62.665s] GC(5) Concurrent Mark (62.651s, 62.665s) 13.253ms
[2020-09-12T20:26:28.330+0200][62.665s] GC(5) Pause Remark
[2020-09-12T20:26:28.333+0200][62.668s] GC(5) Cleaned string and symbol table, strings: 15865 processed, 25 removed, symbols: 101320 processed, 78 removed
[2020-09-12T20:26:28.334+0200][62.669s] GC(5) Pause Remark 29M->29M(512M) 3.768ms
[2020-09-12T20:26:28.334+0200][62.669s] GC(5) User=0.03s Sys=0.00s Real=0.00s
[2020-09-12T20:26:28.334+0200][62.669s] GC(5) Concurrent Rebuild Remembered Sets
[2020-09-12T20:26:28.340+0200][62.675s] GC(5) Concurrent Rebuild Remembered Sets 5.982ms
[2020-09-12T20:26:28.340+0200][62.675s] GC(5) Pause Cleanup
[2020-09-12T20:26:28.340+0200][62.675s] GC(5) Pause Cleanup 29M->29M(512M) 0.165ms
[2020-09-12T20:26:28.340+0200][62.675s] GC(5) User=0.00s Sys=0.00s Real=0.00s
[2020-09-12T20:26:28.340+0200][62.675s] GC(5) Concurrent Cleanup for Next Mark
[2020-09-12T20:26:28.341+0200][62.676s] GC(5) Concurrent Cleanup for Next Mark 0.446ms
[2020-09-12T20:26:28.341+0200][62.676s] GC(5) Concurrent Cycle 26.439ms
