[2020-07-24T22:13:42.789+0200][0.017s] Heap region size: 1M
[2020-07-24T22:13:42.806+0200][0.034s] Using G1
[2020-07-24T22:13:42.806+0200][0.034s] Heap address: 0x00000000e0000000, size: 512 MB, Compressed Oops mode: 32-bit
[2020-07-24T22:13:42.806+0200][0.034s] Mark closed archive regions in map: [0x00000000fff00000, 0x00000000fff69ff8]
[2020-07-24T22:13:42.806+0200][0.034s] Mark open archive regions in map: [0x00000000ffe00000, 0x00000000ffe46ff8]
[2020-07-24T22:13:43.299+0200][0.528s] GC(0) Pause Young (Normal) (G1 Evacuation Pause)
[2020-07-24T22:13:43.301+0200][0.529s] GC(0) Using 10 workers of 10 for evacuation
[2020-07-24T22:13:43.312+0200][0.540s] GC(0)   Pre Evacuate Collection Set: 0.0ms
[2020-07-24T22:13:43.312+0200][0.540s] GC(0)   Evacuate Collection Set: 9.1ms
[2020-07-24T22:13:43.312+0200][0.540s] GC(0)   Post Evacuate Collection Set: 1.3ms
[2020-07-24T22:13:43.312+0200][0.540s] GC(0)   Other: 1.8ms
[2020-07-24T22:13:43.312+0200][0.540s] GC(0) Eden regions: 30->0(304)
[2020-07-24T22:13:43.312+0200][0.540s] GC(0) Survivor regions: 0->3(4)
[2020-07-24T22:13:43.312+0200][0.540s] GC(0) Old regions: 2->2
[2020-07-24T22:13:43.312+0200][0.540s] GC(0) Humongous regions: 0->0
[2020-07-24T22:13:43.312+0200][0.540s] GC(0) Metaspace: 6601K->6601K(1056768K)
[2020-07-24T22:13:43.312+0200][0.540s] GC(0) Pause Young (Normal) (G1 Evacuation Pause) 30M->3M(512M) 12.285ms
[2020-07-24T22:13:43.312+0200][0.540s] GC(0) User=0.10s Sys=0.00s Real=0.01s
[2020-07-24T22:13:44.223+0200][1.451s] GC(1) Pause Young (Concurrent Start) (Metadata GC Threshold)
[2020-07-24T22:13:44.223+0200][1.452s] GC(1) Using 10 workers of 10 for evacuation
[2020-07-24T22:13:44.236+0200][1.464s] GC(1)   Pre Evacuate Collection Set: 0.0ms
[2020-07-24T22:13:44.236+0200][1.464s] GC(1)   Evacuate Collection Set: 11.5ms
[2020-07-24T22:13:44.236+0200][1.464s] GC(1)   Post Evacuate Collection Set: 0.7ms
[2020-07-24T22:13:44.236+0200][1.464s] GC(1)   Other: 0.2ms
[2020-07-24T22:13:44.236+0200][1.464s] GC(1) Eden regions: 101->0(94)
[2020-07-24T22:13:44.236+0200][1.464s] GC(1) Survivor regions: 3->19(39)
[2020-07-24T22:13:44.236+0200][1.464s] GC(1) Old regions: 2->2
[2020-07-24T22:13:44.236+0200][1.464s] GC(1) Humongous regions: 4->4
[2020-07-24T22:13:44.236+0200][1.464s] GC(1) Metaspace: 20462K->20462K(1069056K)
[2020-07-24T22:13:44.236+0200][1.464s] GC(1) Pause Young (Concurrent Start) (Metadata GC Threshold) 108M->23M(512M) 12.549ms
[2020-07-24T22:13:44.236+0200][1.464s] GC(1) User=0.06s Sys=0.01s Real=0.01s
[2020-07-24T22:13:44.236+0200][1.464s] GC(2) Concurrent Cycle
[2020-07-24T22:13:44.236+0200][1.464s] GC(2) Concurrent Clear Claimed Marks
[2020-07-24T22:13:44.236+0200][1.464s] GC(2) Concurrent Clear Claimed Marks 0.031ms
[2020-07-24T22:13:44.236+0200][1.464s] GC(2) Concurrent Scan Root Regions
[2020-07-24T22:13:44.239+0200][1.467s] GC(2) Concurrent Scan Root Regions 3.318ms
[2020-07-24T22:13:44.239+0200][1.467s] GC(2) Concurrent Mark (1.467s)
[2020-07-24T22:13:44.239+0200][1.468s] GC(2) Concurrent Mark From Roots
[2020-07-24T22:13:44.239+0200][1.468s] GC(2) Using 3 workers of 3 for marking
[2020-07-24T22:13:44.243+0200][1.472s] GC(2) Concurrent Mark From Roots 4.144ms
[2020-07-24T22:13:44.243+0200][1.472s] GC(2) Concurrent Preclean
[2020-07-24T22:13:44.244+0200][1.472s] GC(2) Concurrent Preclean 0.138ms
[2020-07-24T22:13:44.244+0200][1.472s] GC(2) Concurrent Mark (1.467s, 1.472s) 4.327ms
[2020-07-24T22:13:44.244+0200][1.472s] GC(2) Pause Remark
[2020-07-24T22:13:44.245+0200][1.473s] GC(2) Cleaned string and symbol table, strings: 9070 processed, 0 removed, symbols: 62186 processed, 27 removed
[2020-07-24T22:13:44.245+0200][1.473s] GC(2) Pause Remark 24M->24M(512M) 1.147ms
[2020-07-24T22:13:44.245+0200][1.473s] GC(2) User=0.01s Sys=0.00s Real=0.00s
[2020-07-24T22:13:44.245+0200][1.473s] GC(2) Concurrent Rebuild Remembered Sets
[2020-07-24T22:13:44.247+0200][1.475s] GC(2) Concurrent Rebuild Remembered Sets 2.248ms
[2020-07-24T22:13:44.247+0200][1.476s] GC(2) Pause Cleanup
[2020-07-24T22:13:44.248+0200][1.476s] GC(2) Pause Cleanup 24M->24M(512M) 0.229ms
[2020-07-24T22:13:44.248+0200][1.476s] GC(2) User=0.00s Sys=0.00s Real=0.00s
[2020-07-24T22:13:44.248+0200][1.476s] GC(2) Concurrent Cleanup for Next Mark
[2020-07-24T22:13:44.248+0200][1.476s] GC(2) Concurrent Cleanup for Next Mark 0.250ms
[2020-07-24T22:13:44.248+0200][1.476s] GC(2) Concurrent Cycle 12.025ms
[2020-07-24T22:13:45.062+0200][2.290s] GC(3) Pause Young (Normal) (G1 Evacuation Pause)
[2020-07-24T22:13:45.062+0200][2.290s] GC(3) Using 10 workers of 10 for evacuation
[2020-07-24T22:13:45.077+0200][2.305s] GC(3)   Pre Evacuate Collection Set: 0.0ms
[2020-07-24T22:13:45.077+0200][2.305s] GC(3)   Evacuate Collection Set: 13.3ms
[2020-07-24T22:13:45.077+0200][2.305s] GC(3)   Post Evacuate Collection Set: 1.4ms
[2020-07-24T22:13:45.077+0200][2.305s] GC(3)   Other: 0.1ms
[2020-07-24T22:13:45.077+0200][2.305s] GC(3) Eden regions: 72->0(115)
[2020-07-24T22:13:45.077+0200][2.305s] GC(3) Survivor regions: 19->5(12)
[2020-07-24T22:13:45.077+0200][2.305s] GC(3) Old regions: 2->21
[2020-07-24T22:13:45.077+0200][2.305s] GC(3) Humongous regions: 4->4
[2020-07-24T22:13:45.077+0200][2.305s] GC(3) Metaspace: 29677K->29677K(1077248K)
[2020-07-24T22:13:45.077+0200][2.305s] GC(3) Pause Young (Normal) (G1 Evacuation Pause) 95M->27M(512M) 14.917ms
[2020-07-24T22:13:45.077+0200][2.305s] GC(3) User=0.15s Sys=0.01s Real=0.01s
[2020-07-24T22:14:18.098+0200][35.326s] Heap
[2020-07-24T22:14:18.098+0200][35.327s]  garbage-first heap   total 524288K, used 79309K [0x00000000e0000000, 0x0000000100000000)
[2020-07-24T22:14:18.098+0200][35.327s]   region size 1024K, 56 young (57344K), 5 survivors (5120K)
[2020-07-24T22:14:18.098+0200][35.327s]  Metaspace       used 34574K, capacity 35525K, committed 35708K, reserved 1081344K
[2020-07-24T22:14:18.098+0200][35.327s]   class space    used 4070K, capacity 4460K, committed 4556K, reserved 1048576K
