[2020-07-26T20:38:43.858+0200][0.012s] Heap region size: 1M
[2020-07-26T20:38:43.879+0200][0.033s] Using G1
[2020-07-26T20:38:43.879+0200][0.033s] Heap address: 0x00000000e0000000, size: 512 MB, Compressed Oops mode: 32-bit
[2020-07-26T20:38:43.879+0200][0.034s] Mark closed archive regions in map: [0x00000000fff00000, 0x00000000fff69ff8]
[2020-07-26T20:38:43.879+0200][0.034s] Mark open archive regions in map: [0x00000000ffe00000, 0x00000000ffe46ff8]
[2020-07-26T20:38:44.647+0200][0.801s] GC(0) Pause Young (Normal) (G1 Evacuation Pause)
[2020-07-26T20:38:44.648+0200][0.803s] GC(0) Using 10 workers of 10 for evacuation
[2020-07-26T20:38:44.662+0200][0.817s] GC(0)   Pre Evacuate Collection Set: 0.0ms
[2020-07-26T20:38:44.662+0200][0.817s] GC(0)   Evacuate Collection Set: 13.0ms
[2020-07-26T20:38:44.662+0200][0.817s] GC(0)   Post Evacuate Collection Set: 0.8ms
[2020-07-26T20:38:44.662+0200][0.817s] GC(0)   Other: 1.7ms
[2020-07-26T20:38:44.662+0200][0.817s] GC(0) Eden regions: 30->0(304)
[2020-07-26T20:38:44.662+0200][0.817s] GC(0) Survivor regions: 0->3(4)
[2020-07-26T20:38:44.662+0200][0.817s] GC(0) Old regions: 2->2
[2020-07-26T20:38:44.662+0200][0.817s] GC(0) Humongous regions: 0->0
[2020-07-26T20:38:44.662+0200][0.817s] GC(0) Metaspace: 6550K->6550K(1056768K)
[2020-07-26T20:38:44.662+0200][0.817s] GC(0) Pause Young (Normal) (G1 Evacuation Pause) 30M->3M(512M) 15.581ms
[2020-07-26T20:38:44.662+0200][0.817s] GC(0) User=0.16s Sys=0.00s Real=0.02s
[2020-07-26T20:38:46.139+0200][2.294s] GC(1) Pause Young (Concurrent Start) (Metadata GC Threshold)
[2020-07-26T20:38:46.139+0200][2.294s] GC(1) Using 10 workers of 10 for evacuation
[2020-07-26T20:38:46.162+0200][2.317s] GC(1)   Pre Evacuate Collection Set: 0.1ms
[2020-07-26T20:38:46.162+0200][2.317s] GC(1)   Evacuate Collection Set: 21.1ms
[2020-07-26T20:38:46.162+0200][2.317s] GC(1)   Post Evacuate Collection Set: 1.4ms
[2020-07-26T20:38:46.162+0200][2.317s] GC(1)   Other: 0.3ms
[2020-07-26T20:38:46.162+0200][2.317s] GC(1) Eden regions: 100->0(83)
[2020-07-26T20:38:46.162+0200][2.317s] GC(1) Survivor regions: 3->19(39)
[2020-07-26T20:38:46.162+0200][2.317s] GC(1) Old regions: 2->2
[2020-07-26T20:38:46.162+0200][2.317s] GC(1) Humongous regions: 4->4
[2020-07-26T20:38:46.162+0200][2.317s] GC(1) Metaspace: 20433K->20433K(1069056K)
[2020-07-26T20:38:46.162+0200][2.317s] GC(1) Pause Young (Concurrent Start) (Metadata GC Threshold) 107M->23M(512M) 22.992ms
[2020-07-26T20:38:46.162+0200][2.317s] GC(1) User=0.14s Sys=0.01s Real=0.02s
[2020-07-26T20:38:46.162+0200][2.317s] GC(2) Concurrent Cycle
[2020-07-26T20:38:46.162+0200][2.317s] GC(2) Concurrent Clear Claimed Marks
[2020-07-26T20:38:46.162+0200][2.317s] GC(2) Concurrent Clear Claimed Marks 0.044ms
[2020-07-26T20:38:46.162+0200][2.317s] GC(2) Concurrent Scan Root Regions
[2020-07-26T20:38:46.170+0200][2.325s] GC(2) Concurrent Scan Root Regions 8.126ms
[2020-07-26T20:38:46.170+0200][2.325s] GC(2) Concurrent Mark (2.325s)
[2020-07-26T20:38:46.170+0200][2.325s] GC(2) Concurrent Mark From Roots
[2020-07-26T20:38:46.170+0200][2.325s] GC(2) Using 3 workers of 3 for marking
[2020-07-26T20:38:46.176+0200][2.331s] GC(2) Concurrent Mark From Roots 5.909ms
[2020-07-26T20:38:46.176+0200][2.331s] GC(2) Concurrent Preclean
[2020-07-26T20:38:46.177+0200][2.331s] GC(2) Concurrent Preclean 0.228ms
[2020-07-26T20:38:46.177+0200][2.331s] GC(2) Concurrent Mark (2.325s, 2.331s) 6.195ms
[2020-07-26T20:38:46.177+0200][2.331s] GC(2) Pause Remark
[2020-07-26T20:38:46.178+0200][2.333s] GC(2) Cleaned string and symbol table, strings: 9061 processed, 0 removed, symbols: 61668 processed, 27 removed
[2020-07-26T20:38:46.179+0200][2.333s] GC(2) Pause Remark 24M->24M(512M) 1.984ms
[2020-07-26T20:38:46.179+0200][2.334s] GC(2) User=0.01s Sys=0.00s Real=0.00s
[2020-07-26T20:38:46.179+0200][2.334s] GC(2) Concurrent Rebuild Remembered Sets
[2020-07-26T20:38:46.181+0200][2.336s] GC(2) Concurrent Rebuild Remembered Sets 2.482ms
[2020-07-26T20:38:46.182+0200][2.336s] GC(2) Pause Cleanup
[2020-07-26T20:38:46.182+0200][2.337s] GC(2) Pause Cleanup 24M->24M(512M) 0.356ms
[2020-07-26T20:38:46.182+0200][2.337s] GC(2) User=0.00s Sys=0.00s Real=0.00s
[2020-07-26T20:38:46.182+0200][2.337s] GC(2) Concurrent Cleanup for Next Mark
[2020-07-26T20:38:46.182+0200][2.337s] GC(2) Concurrent Cleanup for Next Mark 0.417ms
[2020-07-26T20:38:46.182+0200][2.337s] GC(2) Concurrent Cycle 20.301ms
[2020-07-26T20:38:47.507+0200][3.662s] GC(3) Pause Young (Normal) (G1 Evacuation Pause)
[2020-07-26T20:38:47.507+0200][3.662s] GC(3) Using 10 workers of 10 for evacuation
[2020-07-26T20:38:47.526+0200][3.681s] GC(3)   Pre Evacuate Collection Set: 0.0ms
[2020-07-26T20:38:47.526+0200][3.681s] GC(3)   Evacuate Collection Set: 17.9ms
[2020-07-26T20:38:47.526+0200][3.681s] GC(3)   Post Evacuate Collection Set: 0.9ms
[2020-07-26T20:38:47.526+0200][3.681s] GC(3)   Other: 0.2ms
[2020-07-26T20:38:47.526+0200][3.681s] GC(3) Eden regions: 68->0(111)
[2020-07-26T20:38:47.526+0200][3.681s] GC(3) Survivor regions: 19->5(11)
[2020-07-26T20:38:47.526+0200][3.681s] GC(3) Old regions: 2->20
[2020-07-26T20:38:47.526+0200][3.681s] GC(3) Humongous regions: 4->4
[2020-07-26T20:38:47.526+0200][3.681s] GC(3) Metaspace: 29764K->29764K(1077248K)
[2020-07-26T20:38:47.526+0200][3.681s] GC(3) Pause Young (Normal) (G1 Evacuation Pause) 91M->27M(512M) 19.169ms
[2020-07-26T20:38:47.526+0200][3.681s] GC(3) User=0.20s Sys=0.01s Real=0.02s
[2020-07-26T20:44:02.733+0200][318.888s] GC(4) Pause Young (Concurrent Start) (Metadata GC Threshold)
[2020-07-26T20:44:02.733+0200][318.888s] GC(4) Using 10 workers of 10 for evacuation
[2020-07-26T20:44:02.742+0200][318.896s] GC(4)   Pre Evacuate Collection Set: 0.1ms
[2020-07-26T20:44:02.742+0200][318.896s] GC(4)   Evacuate Collection Set: 7.0ms
[2020-07-26T20:44:02.742+0200][318.896s] GC(4)   Post Evacuate Collection Set: 0.9ms
[2020-07-26T20:44:02.742+0200][318.896s] GC(4)   Other: 0.2ms
[2020-07-26T20:44:02.742+0200][318.896s] GC(4) Eden regions: 51->0(121)
[2020-07-26T20:44:02.742+0200][318.896s] GC(4) Survivor regions: 5->7(15)
[2020-07-26T20:44:02.742+0200][318.896s] GC(4) Old regions: 20->20
[2020-07-26T20:44:02.742+0200][318.896s] GC(4) Humongous regions: 4->4
[2020-07-26T20:44:02.742+0200][318.896s] GC(4) Metaspace: 34888K->34888K(1081344K)
[2020-07-26T20:44:02.742+0200][318.896s] GC(4) Pause Young (Concurrent Start) (Metadata GC Threshold) 77M->28M(512M) 8.338ms
[2020-07-26T20:44:02.742+0200][318.896s] GC(4) User=0.05s Sys=0.00s Real=0.01s
[2020-07-26T20:44:02.742+0200][318.897s] GC(5) Concurrent Cycle
[2020-07-26T20:44:02.742+0200][318.897s] GC(5) Concurrent Clear Claimed Marks
[2020-07-26T20:44:02.742+0200][318.897s] GC(5) Concurrent Clear Claimed Marks 0.051ms
[2020-07-26T20:44:02.742+0200][318.897s] GC(5) Concurrent Scan Root Regions
[2020-07-26T20:44:02.745+0200][318.899s] GC(5) Concurrent Scan Root Regions 2.601ms
[2020-07-26T20:44:02.745+0200][318.899s] GC(5) Concurrent Mark (318.899s)
[2020-07-26T20:44:02.745+0200][318.899s] GC(5) Concurrent Mark From Roots
[2020-07-26T20:44:02.745+0200][318.899s] GC(5) Using 3 workers of 3 for marking
[2020-07-26T20:44:02.772+0200][318.926s] GC(5) Concurrent Mark From Roots 27.076ms
[2020-07-26T20:44:02.772+0200][318.926s] GC(5) Concurrent Preclean
[2020-07-26T20:44:02.772+0200][318.927s] GC(5) Concurrent Preclean 0.241ms
[2020-07-26T20:44:02.772+0200][318.927s] GC(5) Concurrent Mark (318.899s, 318.927s) 27.425ms
[2020-07-26T20:44:02.772+0200][318.927s] GC(5) Pause Remark
[2020-07-26T20:44:02.777+0200][318.932s] GC(5) Cleaned string and symbol table, strings: 15724 processed, 25 removed, symbols: 101240 processed, 78 removed
[2020-07-26T20:44:02.778+0200][318.933s] GC(5) Pause Remark 30M->30M(512M) 5.633ms
[2020-07-26T20:44:02.778+0200][318.933s] GC(5) User=0.03s Sys=0.00s Real=0.01s
[2020-07-26T20:44:02.778+0200][318.933s] GC(5) Concurrent Rebuild Remembered Sets
[2020-07-26T20:44:02.793+0200][318.948s] GC(5) Concurrent Rebuild Remembered Sets 14.785ms
[2020-07-26T20:44:02.793+0200][318.948s] GC(5) Pause Cleanup
[2020-07-26T20:44:02.794+0200][318.948s] GC(5) Pause Cleanup 30M->30M(512M) 0.337ms
[2020-07-26T20:44:02.794+0200][318.948s] GC(5) User=0.00s Sys=0.00s Real=0.00s
[2020-07-26T20:44:02.794+0200][318.948s] GC(5) Concurrent Cleanup for Next Mark
[2020-07-26T20:44:02.794+0200][318.949s] GC(5) Concurrent Cleanup for Next Mark 0.516ms
[2020-07-26T20:44:02.794+0200][318.949s] GC(5) Concurrent Cycle 52.346ms
